Archive member included to satisfy reference by file (symbol)

.\CortexM3\ARM_GCC_541\Debug\SensorFusion.a(xbeeSerial.o)
                              .\CortexM3\ARM_GCC_541\Debug\main.o (xbeeSerial_Start)
.\CortexM3\ARM_GCC_541\Debug\SensorFusion.a(gpsSerial.o)
                              .\CortexM3\ARM_GCC_541\Debug\main.o (gpsSerial_Start)
.\CortexM3\ARM_GCC_541\Debug\SensorFusion.a(debugSerial.o)
                              .\CortexM3\ARM_GCC_541\Debug\debSerial.o (debugSerial_Start)
.\CortexM3\ARM_GCC_541\Debug\SensorFusion.a(deltaTimer.o)
                              .\CortexM3\ARM_GCC_541\Debug\millis.o (deltaTimer_Start)
.\CortexM3\ARM_GCC_541\Debug\SensorFusion.a(deltTime.o)
                              .\CortexM3\ARM_GCC_541\Debug\millis.o (deltTime_StartEx)
.\CortexM3\ARM_GCC_541\Debug\SensorFusion.a(I2C.o)
                              .\CortexM3\ARM_GCC_541\Debug\main.o (I2C_Start)
.\CortexM3\ARM_GCC_541\Debug\SensorFusion.a(I2C_INT.o)
                              .\CortexM3\ARM_GCC_541\Debug\SensorFusion.a(I2C.o) (I2C_ISR)
.\CortexM3\ARM_GCC_541\Debug\SensorFusion.a(I2C_PM.o)
                              .\CortexM3\ARM_GCC_541\Debug\SensorFusion.a(I2C.o) (I2C_backup)
.\CortexM3\ARM_GCC_541\Debug\SensorFusion.a(I2C_MASTER.o)
                              .\CortexM3\ARM_GCC_541\Debug\gyroscope.o (I2C_MasterWriteBuf)
.\CortexM3\ARM_GCC_541\Debug\SensorFusion.a(xbeeSerial_IntClock.o)
                              .\CortexM3\ARM_GCC_541\Debug\SensorFusion.a(xbeeSerial.o) (xbeeSerial_IntClock_Start)
.\CortexM3\ARM_GCC_541\Debug\SensorFusion.a(gpsSerial_IntClock.o)
                              .\CortexM3\ARM_GCC_541\Debug\SensorFusion.a(gpsSerial.o) (gpsSerial_IntClock_Start)
.\CortexM3\ARM_GCC_541\Debug\SensorFusion.a(debugSerial_IntClock.o)
                              .\CortexM3\ARM_GCC_541\Debug\SensorFusion.a(debugSerial.o) (debugSerial_IntClock_Start)
.\CortexM3\ARM_GCC_541\Debug\SensorFusion.a(CyLib.o)
                              .\CortexM3\ARM_GCC_541\Debug\Cm3Start.o (CyHalt)
.\CortexM3\ARM_GCC_541\Debug\SensorFusion.a(cyPm.o)
                              .\CortexM3\ARM_GCC_541\Debug\SensorFusion.a(CyLib.o) (CyPmReadStatus)
.\CortexM3\ARM_GCC_541\Debug\SensorFusion.a(CyBootAsmGnu.o)
                              .\CortexM3\ARM_GCC_541\Debug\cyfitter_cfg.o (CyDelayCycles)
.\CortexM3\ARM_GCC_541\Debug\SensorFusion.a(CyScBoostClk.o)
                              .\CortexM3\ARM_GCC_541\Debug\SensorFusion.a(CyLib.o) (CyScBoostClk_Start)
.\CortexM3\ARM_GCC_541\Debug\SensorFusion.a(CyFlash.o)
                              .\CortexM3\ARM_GCC_541\Debug\SensorFusion.a(cyPm.o) (CyFlash_SetWaitCycles)
.\CortexM3\ARM_GCC_541\Debug\SensorFusion.a(CySpc.o)
                              .\CortexM3\ARM_GCC_541\Debug\SensorFusion.a(CyFlash.o) (CySpcStart)
c:/program files (x86)/cypress/psoc creator/4.1/psoc creator/import/gnu/arm/5.4.1/bin/../lib/gcc/arm-none-eabi/5.4.1/../../../../arm-none-eabi/lib/armv7-m\libm.a(lib_a-w_fmod.o)
                              .\CortexM3\ARM_GCC_541\Debug\gps.o (fmod)
c:/program files (x86)/cypress/psoc creator/4.1/psoc creator/import/gnu/arm/5.4.1/bin/../lib/gcc/arm-none-eabi/5.4.1/../../../../arm-none-eabi/lib/armv7-m\libm.a(lib_a-w_pow.o)
                              .\CortexM3\ARM_GCC_541\Debug\barometer.o (pow)
c:/program files (x86)/cypress/psoc creator/4.1/psoc creator/import/gnu/arm/5.4.1/bin/../lib/gcc/arm-none-eabi/5.4.1/../../../../arm-none-eabi/lib/armv7-m\libm.a(lib_a-wf_asin.o)
                              .\CortexM3\ARM_GCC_541\Debug\Madgwick.o (asinf)
c:/program files (x86)/cypress/psoc creator/4.1/psoc creator/import/gnu/arm/5.4.1/bin/../lib/gcc/arm-none-eabi/5.4.1/../../../../arm-none-eabi/lib/armv7-m\libm.a(lib_a-wf_atan2.o)
                              .\CortexM3\ARM_GCC_541\Debug\Madgwick.o (atan2f)
c:/program files (x86)/cypress/psoc creator/4.1/psoc creator/import/gnu/arm/5.4.1/bin/../lib/gcc/arm-none-eabi/5.4.1/../../../../arm-none-eabi/lib/armv7-m\libm.a(lib_a-wf_sqrt.o)
                              .\CortexM3\ARM_GCC_541\Debug\Madgwick.o (sqrtf)
c:/program files (x86)/cypress/psoc creator/4.1/psoc creator/import/gnu/arm/5.4.1/bin/../lib/gcc/arm-none-eabi/5.4.1/../../../../arm-none-eabi/lib/armv7-m\libm.a(lib_a-e_fmod.o)
                              c:/program files (x86)/cypress/psoc creator/4.1/psoc creator/import/gnu/arm/5.4.1/bin/../lib/gcc/arm-none-eabi/5.4.1/../../../../arm-none-eabi/lib/armv7-m\libm.a(lib_a-w_fmod.o) (__ieee754_fmod)
c:/program files (x86)/cypress/psoc creator/4.1/psoc creator/import/gnu/arm/5.4.1/bin/../lib/gcc/arm-none-eabi/5.4.1/../../../../arm-none-eabi/lib/armv7-m\libm.a(lib_a-e_pow.o)
                              c:/program files (x86)/cypress/psoc creator/4.1/psoc creator/import/gnu/arm/5.4.1/bin/../lib/gcc/arm-none-eabi/5.4.1/../../../../arm-none-eabi/lib/armv7-m\libm.a(lib_a-w_pow.o) (__ieee754_pow)
[...]
Memory Configuration

Name             Origin             Length             Attributes
rom              0x00000000         0x00040000         xr
ram              0x1fff8000         0x00010000         xrw
*default*        0x00000000         0xffffffff

Linker script and memory map

LOAD c:/program files (x86)/cypress/psoc creator/4.1/psoc creator/import/gnu/arm/5.4.1/bin/../lib/gcc/arm-none-eabi/5.4.1/armv7-m/crti.o
LOAD c:/program files (x86)/cypress/psoc creator/4.1/psoc creator/import/gnu/arm/5.4.1/bin/../lib/gcc/arm-none-eabi/5.4.1/armv7-m/crtbegin.o
LOAD c:/program files (x86)/cypress/psoc creator/4.1/psoc creator/import/gnu/arm/5.4.1/bin/../lib/gcc/arm-none-eabi/5.4.1/../../../../arm-none-eabi/lib/armv7-m/crt0.o
START GROUP
LOAD .\CortexM3\ARM_GCC_541\Debug\main.o
LOAD .\CortexM3\ARM_GCC_541\Debug\Madgwick.o
LOAD .\CortexM3\ARM_GCC_541\Debug\gyroscope.o
LOAD .\CortexM3\ARM_GCC_541\Debug\SensorVal.o
LOAD .\CortexM3\ARM_GCC_541\Debug\accel_mag.o
LOAD .\CortexM3\ARM_GCC_541\Debug\twi.o
LOAD .\CortexM3\ARM_GCC_541\Debug\barometer.o
LOAD .\CortexM3\ARM_GCC_541\Debug\gps.o
LOAD .\CortexM3\ARM_GCC_541\Debug\debSerial.o
LOAD .\CortexM3\ARM_GCC_541\Debug\millis.o
LOAD .\CortexM3\ARM_GCC_541\Debug\cyfitter_cfg.o
LOAD .\CortexM3\ARM_GCC_541\Debug\cymetadata.o
LOAD .\CortexM3\ARM_GCC_541\Debug\Cm3Start.o
LOAD .\CortexM3\ARM_GCC_541\Debug\SensorFusion.a
LOAD C:\Program Files (x86)\Cypress\PSoC Creator\4.1\PSoC Creator\psoc\content\cycomponentlibrary\CyComponentLibrary.cylib\CortexM3\ARM_GCC_541\Debug\CyComponentLibrary.a
LOAD c:/program files (x86)/cypress/psoc creator/4.1/psoc creator/import/gnu/arm/5.4.1/bin/../lib/gcc/arm-none-eabi/5.4.1/../../../../arm-none-eabi/lib/armv7-m\libm.a
END GROUP
START GROUP
LOAD c:/program files (x86)/cypress/psoc creator/4.1/psoc creator/import/gnu/arm/5.4.1/bin/../lib/gcc/arm-none-eabi/5.4.1/armv7-m\libgcc.a
LOAD c:/program files (x86)/cypress/psoc creator/4.1/psoc creator/import/gnu/arm/5.4.1/bin/../lib/gcc/arm-none-eabi/5.4.1/../../../../arm-none-eabi/lib/armv7-m\libg_nano.a
LOAD c:/program files (x86)/cypress/psoc creator/4.1/psoc creator/import/gnu/arm/5.4.1/bin/../lib/gcc/arm-none-eabi/5.4.1/../../../../arm-none-eabi/lib/armv7-m\libc_nano.a
END GROUP
START GROUP
LOAD c:/program files (x86)/cypress/psoc creator/4.1/psoc creator/import/gnu/arm/5.4.1/bin/../lib/gcc/arm-none-eabi/5.4.1/armv7-m\libgcc.a
LOAD c:/program files (x86)/cypress/psoc creator/4.1/psoc creator/import/gnu/arm/5.4.1/bin/../lib/gcc/arm-none-eabi/5.4.1/../../../../arm-none-eabi/lib/armv7-m\libc_nano.a
END GROUP
LOAD c:/program files (x86)/cypress/psoc creator/4.1/psoc creator/import/gnu/arm/5.4.1/bin/../lib/gcc/arm-none-eabi/5.4.1/armv7-m/crtend.o
LOAD c:/program files (x86)/cypress/psoc creator/4.1/psoc creator/import/gnu/arm/5.4.1/bin/../lib/gcc/arm-none-eabi/5.4.1/armv7-m/crtn.o
START GROUP
LOAD c:/program files (x86)/cypress/psoc creator/4.1/psoc creator/import/gnu/arm/5.4.1/bin/../lib/gcc/arm-none-eabi/5.4.1/armv7-m\libgcc.a
LOAD c:/program files (x86)/cypress/psoc creator/4.1/psoc creator/import/gnu/arm/5.4.1/bin/../lib/gcc/arm-none-eabi/5.4.1/../../../../arm-none-eabi/lib/armv7-m\libc.a
LOAD c:/program files (x86)/cypress/psoc creator/4.1/psoc creator/import/gnu/arm/5.4.1/bin/../lib/gcc/arm-none-eabi/5.4.1/../../../../arm-none-eabi/lib/armv7-m\libnosys.a
END GROUP
                0x00000000                CY_APPL_ORIGIN = 0x0
                0x00000100                CY_FLASH_ROW_SIZE = 0x100
                0x00000020                CY_ECC_ROW_SIZE = 0x20
                0x00000000                CY_EE_IN_BTLDR = 0x0
                0x00000000                CY_APPL_LOADABLE = 0x0
                0x00000800                CY_EE_SIZE = 0x800
                0x00000001                CY_APPL_NUM = 0x1
                0x00000001                CY_APPL_MAX = 0x1
                0x00000040                CY_METADATA_SIZE = 0x40
                0x00000000                CY_APPL_LOADABLE = 0x0
                0x00000000                CY_CHECKSUM_EXCLUDE_SIZE = ALIGN (0x0, CY_FLASH_ROW_SIZE)
                [!provide]                PROVIDE (__cy_heap_start, _end)
                0x00000001                PROVIDE (__cy_region_num, ((__cy_regions_end - __cy_regions) / 0x10))
                0x20008000                PROVIDE (__cy_stack, (ORIGIN (ram) + LENGTH (ram)))
                [!provide]                PROVIDE (__cy_heap_end, (__cy_stack - 0x800))

.cybootloader   0x00000000        0x0
 *(.cybootloader)
                0x00000000                appl1_start = CY_APPL_ORIGIN?CY_APPL_ORIGIN:ALIGN (CY_FLASH_ROW_SIZE)
                0x0001ff00                appl2_start = (appl1_start + ALIGN ((((LENGTH (rom) - appl1_start) - (0x2 * CY_FLASH_ROW_SIZE)) / 0x2), CY_FLASH_ROW_SIZE))
                0x00000000                appl_start = (CY_APPL_NUM == 0x1)?appl1_start:appl2_start
                0x00000000                ecc_offset = ((appl_start / CY_FLASH_ROW_SIZE) * CY_ECC_ROW_SIZE)
                0x00000000                ee_offset = (CY_APPL_LOADABLE && ! (CY_EE_IN_BTLDR))?((CY_EE_SIZE / CY_APPL_MAX) * (CY_APPL_NUM - 0x1)):0x0
                0x00000800                ee_size = (CY_APPL_LOADABLE && ! (CY_EE_IN_BTLDR))?(CY_EE_SIZE / CY_APPL_MAX):CY_EE_SIZE
                [!provide]                PROVIDE (CY_ECC_OFFSET, ecc_offset)

.text           0x00000000      0xfae
 CREATE_OBJECT_SYMBOLS
                0x00000000                PROVIDE (__cy_interrupt_vector, RomVectors)
 *(.romvectors)
 .romvectors    0x00000000       0x10 .\CortexM3\ARM_GCC_541\Debug\Cm3Start.o
                0x00000000                RomVectors
                0x00000001                ASSERT ((. != __cy_interrupt_vector), No interrupt vector)
                0x00000001                ASSERT (CY_APPL_ORIGIN?(SIZEOF (.cybootloader) <= CY_APPL_ORIGIN):0x1, Wrong image location)
                0x00000010                PROVIDE (__cy_reset, Reset)
 *(.text.Reset)
 .text.Reset    0x00000010       0x18 .\CortexM3\ARM_GCC_541\Debug\Cm3Start.o
                0x00000010                Reset
                0x00000001                ASSERT ((. != __cy_reset), No reset code)
 *(.dma_init)
                0x00000001                ASSERT ((((appl_start + .) <= 0x10000) || 0x1), DMA Init must be within the first 64k of flash)
 *(.text .text.* .gnu.linkonce.t.*)
 .text          0x00000028       0x5c c:/program files (x86)/cypress/psoc creator/4.1/psoc creator/import/gnu/arm/5.4.1/bin/../lib/gcc/arm-none-eabi/5.4.1/armv7-m/crtbegin.o
 .text.quad_sensor_init
                0x00000084       0x14 .\CortexM3\ARM_GCC_541\Debug\main.o
                0x00000084                quad_sensor_init
 .text.quad_init
                0x00000098       0x1c .\CortexM3\ARM_GCC_541\Debug\main.o
                0x00000098                quad_init
 .text.main     0x000000b4       0x28 .\CortexM3\ARM_GCC_541\Debug\main.o
                0x000000b4                main
 .text.gyro_write8
                0x000000dc       0x28 .\CortexM3\ARM_GCC_541\Debug\gyroscope.o
                0x000000dc                gyro_write8
 .text.gyro_read8
                0x00000104       0x44 .\CortexM3\ARM_GCC_541\Debug\gyroscope.o
                0x00000104                gyro_read8
 .text.gyro_begin
                0x00000148       0x64 .\CortexM3\ARM_GCC_541\Debug\gyroscope.o
                0x00000148                gyro_begin
 .text.gyro_initialize
                0x000001ac        0x8 .\CortexM3\ARM_GCC_541\Debug\gyroscope.o
                0x000001ac                gyro_initialize
 .text.accel_mag_write8
                0x000001b4       0x28 .\CortexM3\ARM_GCC_541\Debug\accel_mag.o
                0x000001b4                accel_mag_write8
 .text.accel_mag_read8
                0x000001dc       0x44 .\CortexM3\ARM_GCC_541\Debug\accel_mag.o
                0x000001dc                accel_mag_read8
 .text.accel_mag_begin
                0x00000220       0x9c .\CortexM3\ARM_GCC_541\Debug\accel_mag.o
                0x00000220                accel_mag_begin
 .text.accel_mag_initialize
                0x000002bc        0x8 .\CortexM3\ARM_GCC_541\Debug\accel_mag.o
                0x000002bc                accel_mag_initialize
 .text.Wire_begin
                0x000002c4        0x8 .\CortexM3\ARM_GCC_541\Debug\twi.o
                0x000002c4                Wire_begin
 .text.baro_sendCommand
                0x000002cc       0x24 .\CortexM3\ARM_GCC_541\Debug\barometer.o
 .text.baro_reset
                0x000002f0        0xc .\CortexM3\ARM_GCC_541\Debug\barometer.o
 .text.baro_readRegister16
                0x000002fc       0x38 .\CortexM3\ARM_GCC_541\Debug\barometer.o
 .text.baro_readPROM
                0x00000334       0x28 .\CortexM3\ARM_GCC_541\Debug\barometer.o
 .text.baro_setOversampling
                0x0000035c       0x44 .\CortexM3\ARM_GCC_541\Debug\barometer.o
                0x0000035c                baro_setOversampling
 .text.baro_begin
                0x000003a0       0x20 .\CortexM3\ARM_GCC_541\Debug\barometer.o
                0x000003a0                baro_begin
 .text.serial_begin
                0x000003c0        0x8 .\CortexM3\ARM_GCC_541\Debug\debSerial.o
                0x000003c0                serial_begin
 .text.serial_println
                0x000003c8       0x10 .\CortexM3\ARM_GCC_541\Debug\debSerial.o
                0x000003c8                serial_println
 .text.CyClockStartupError
                0x000003d8        0x4 .\CortexM3\ARM_GCC_541\Debug\cyfitter_cfg.o
 .text.cfg_write_bytes32
                0x000003dc       0x34 .\CortexM3\ARM_GCC_541\Debug\cyfitter_cfg.o
 .text.AnalogSetDefault
                0x00000410       0x28 .\CortexM3\ARM_GCC_541\Debug\cyfitter_cfg.o
 .text.CYMEMZERO
                0x00000438        0xc .\CortexM3\ARM_GCC_541\Debug\cyfitter_cfg.o
 .text.CYCONFIGCPY
                0x00000444        0x8 .\CortexM3\ARM_GCC_541\Debug\cyfitter_cfg.o
 .text.ClockSetup
                0x0000044c       0xe0 .\CortexM3\ARM_GCC_541\Debug\cyfitter_cfg.o
 .text.cyfitter_cfg
                0x0000052c      0x124 .\CortexM3\ARM_GCC_541\Debug\cyfitter_cfg.o
                0x0000052c                cyfitter_cfg
 .text.IntDefaultHandler
                0x00000650       0x10 .\CortexM3\ARM_GCC_541\Debug\Cm3Start.o
                0x00000650                IntDefaultHandler
 .text.Start_c  0x00000660       0x4c .\CortexM3\ARM_GCC_541\Debug\Cm3Start.o
                0x00000660                Start_c
 .text.initialize_psoc
                0x000006ac       0x68 .\CortexM3\ARM_GCC_541\Debug\Cm3Start.o
                0x000006ac                initialize_psoc
 .text.xbeeSerial_Init
                0x00000714       0x28 .\CortexM3\ARM_GCC_541\Debug\SensorFusion.a(xbeeSerial.o)
                0x00000714                xbeeSerial_Init
 .text.xbeeSerial_Enable
                0x0000073c       0x38 .\CortexM3\ARM_GCC_541\Debug\SensorFusion.a(xbeeSerial.o)
                0x0000073c                xbeeSerial_Enable
 .text.xbeeSerial_Start
                0x00000774       0x1c .\CortexM3\ARM_GCC_541\Debug\SensorFusion.a(xbeeSerial.o)
                0x00000774                xbeeSerial_Start
 .text.gpsSerial_Init
                0x00000790       0x24 .\CortexM3\ARM_GCC_541\Debug\SensorFusion.a(gpsSerial.o)
                0x00000790                gpsSerial_Init
 .text.gpsSerial_Enable
                0x000007b4       0x38 .\CortexM3\ARM_GCC_541\Debug\SensorFusion.a(gpsSerial.o)
                0x000007b4                gpsSerial_Enable
 .text.gpsSerial_Start
                0x000007ec       0x1c .\CortexM3\ARM_GCC_541\Debug\SensorFusion.a(gpsSerial.o)
                0x000007ec                gpsSerial_Start
 .text.debugSerial_Init
                0x00000808       0x24 .\CortexM3\ARM_GCC_541\Debug\SensorFusion.a(debugSerial.o)
                0x00000808                debugSerial_Init
 .text.debugSerial_Enable
                0x0000082c       0x38 .\CortexM3\ARM_GCC_541\Debug\SensorFusion.a(debugSerial.o)
                0x0000082c                debugSerial_Enable
 .text.debugSerial_Start
                0x00000864       0x1c .\CortexM3\ARM_GCC_541\Debug\SensorFusion.a(debugSerial.o)
                0x00000864                debugSerial_Start
 .text.debugSerial_PutChar
                0x00000880       0x18 .\CortexM3\ARM_GCC_541\Debug\SensorFusion.a(debugSerial.o)
                0x00000880                debugSerial_PutChar
 .text.debugSerial_PutString
                0x00000898       0x24 .\CortexM3\ARM_GCC_541\Debug\SensorFusion.a(debugSerial.o)
                0x00000898                debugSerial_PutString
 .text.debugSerial_PutCRLF
                0x000008bc       0x20 .\CortexM3\ARM_GCC_541\Debug\SensorFusion.a(debugSerial.o)
                0x000008bc                debugSerial_PutCRLF
 .text.I2C_Init
                0x000008dc       0x68 .\CortexM3\ARM_GCC_541\Debug\SensorFusion.a(I2C.o)
                0x000008dc                I2C_Init
 .text.I2C_Enable
                0x00000944       0x24 .\CortexM3\ARM_GCC_541\Debug\SensorFusion.a(I2C.o)
                0x00000944                I2C_Enable
 .text.I2C_Start
                0x00000968       0x28 .\CortexM3\ARM_GCC_541\Debug\SensorFusion.a(I2C.o)
                0x00000968                I2C_Start
 .text.I2C_ISR  0x00000990      0x2d0 .\CortexM3\ARM_GCC_541\Debug\SensorFusion.a(I2C_INT.o)
                0x00000990                I2C_ISR
 .text.I2C_MasterWriteBuf
                0x00000c60       0xcc .\CortexM3\ARM_GCC_541\Debug\SensorFusion.a(I2C_MASTER.o)
                0x00000c60                I2C_MasterWriteBuf
 .text.I2C_MasterReadBuf
                0x00000d2c       0xd0 .\CortexM3\ARM_GCC_541\Debug\SensorFusion.a(I2C_MASTER.o)
                0x00000d2c                I2C_MasterReadBuf
 .text.I2C_MasterStatus
                0x00000dfc       0x38 .\CortexM3\ARM_GCC_541\Debug\SensorFusion.a(I2C_MASTER.o)
                0x00000dfc                I2C_MasterStatus
 .text.xbeeSerial_IntClock_Start
                0x00000e34       0x1c .\CortexM3\ARM_GCC_541\Debug\SensorFusion.a(xbeeSerial_IntClock.o)
                0x00000e34                xbeeSerial_IntClock_Start
 .text.gpsSerial_IntClock_Start
                0x00000e50       0x1c .\CortexM3\ARM_GCC_541\Debug\SensorFusion.a(gpsSerial_IntClock.o)
                0x00000e50                gpsSerial_IntClock_Start
 .text.debugSerial_IntClock_Start
                0x00000e6c       0x1c .\CortexM3\ARM_GCC_541\Debug\SensorFusion.a(debugSerial_IntClock.o)
                0x00000e6c                debugSerial_IntClock_Start
 .text.CyHalt   0x00000e88        0x4 .\CortexM3\ARM_GCC_541\Debug\SensorFusion.a(CyLib.o)
                0x00000e88                CyHalt
 .text.CyDelay  0x00000e8c       0x2c .\CortexM3\ARM_GCC_541\Debug\SensorFusion.a(CyLib.o)
                0x00000e8c                CyDelay
 .text.CyIntSetVector
                0x00000eb8       0x28 .\CortexM3\ARM_GCC_541\Debug\SensorFusion.a(CyLib.o)
                0x00000eb8                CyIntSetVector
 .text.CyIntSetPriority
                0x00000ee0       0x30 .\CortexM3\ARM_GCC_541\Debug\SensorFusion.a(CyLib.o)
                0x00000ee0                CyIntSetPriority
 .text          0x00000f10       0x20 .\CortexM3\ARM_GCC_541\Debug\SensorFusion.a(CyBootAsmGnu.o)
                0x00000f10                CyDelayCycles
                0x00000f20                CyEnterCriticalSection
                0x00000f28                CyExitCriticalSection
 .text.__errno  0x00000f30        0xc c:/program files (x86)/cypress/psoc creator/4.1/psoc creator/import/gnu/arm/5.4.1/bin/../lib/gcc/arm-none-eabi/5.4.1/../../../../arm-none-eabi/lib/armv7-m\libg_nano.a(lib_a-errno.o)
                0x00000f30                __errno
 .text.__libc_init_array
                0x00000f3c       0x4c c:/program files (x86)/cypress/psoc creator/4.1/psoc creator/import/gnu/arm/5.4.1/bin/../lib/gcc/arm-none-eabi/5.4.1/../../../../arm-none-eabi/lib/armv7-m\libg_nano.a(lib_a-init.o)
                0x00000f3c                __libc_init_array
 .text.memcpy   0x00000f88       0x16 c:/program files (x86)/cypress/psoc creator/4.1/psoc creator/import/gnu/arm/5.4.1/bin/../lib/gcc/arm-none-eabi/5.4.1/../../../../arm-none-eabi/lib/armv7-m\libg_nano.a(lib_a-memcpy-stub.o)
                0x00000f88                memcpy
 .text.memset   0x00000f9e       0x10 c:/program files (x86)/cypress/psoc creator/4.1/psoc creator/import/gnu/arm/5.4.1/bin/../lib/gcc/arm-none-eabi/5.4.1/../../../../arm-none-eabi/lib/armv7-m\libg_nano.a(lib_a-memset.o)
                0x00000f9e                memset
 *(.plt)
 *(.gnu.warning)
 *(.glue_7t)
 .glue_7t       0x00000fae        0x0 linker stubs
 *(.glue_7)
 .glue_7        0x00000fae        0x0 linker stubs
 *(.vfp11_veneer)
 .vfp11_veneer  0x00000fae        0x0 linker stubs
 *(.bootloader)
 *(.ARM.extab* .gnu.linkonce.armextab.*)
 *(.gcc_except_table)

.v4_bx          0x00000fb0        0x0
 .v4_bx         0x00000fb0        0x0 linker stubs

.iplt           0x00000fb0        0x0
 .iplt          0x00000fb0        0x0 c:/program files (x86)/cypress/psoc creator/4.1/psoc creator/import/gnu/arm/5.4.1/bin/../lib/gcc/arm-none-eabi/5.4.1/armv7-m/crtbegin.o

.eh_frame_hdr
 *(.eh_frame_hdr)

.eh_frame       0x00000fb0        0x4
 *(.eh_frame)
 .eh_frame      0x00000fb0        0x0 c:/program files (x86)/cypress/psoc creator/4.1/psoc creator/import/gnu/arm/5.4.1/bin/../lib/gcc/arm-none-eabi/5.4.1/armv7-m/crtbegin.o
 .eh_frame      0x00000fb0        0x4 c:/program files (x86)/cypress/psoc creator/4.1/psoc creator/import/gnu/arm/5.4.1/bin/../lib/gcc/arm-none-eabi/5.4.1/armv7-m/crtend.o
                [!provide]                PROVIDE (__exidx_start, .)

.ARM.exidx
 *(.ARM.exidx* .gnu.linkonce.armexidx.*)
                0x00000fb4                __exidx_end = .

.rodata         0x00000fb4       0xdc
 *(.rodata .rodata.* .gnu.linkonce.r.*)
 .rodata.str1.4
                0x00000fb4       0x30 .\CortexM3\ARM_GCC_541\Debug\main.o
 .rodata.str1.4
                0x00000fe4       0x30 .\CortexM3\ARM_GCC_541\Debug\gyroscope.o
                                 0x2f (size before relaxing)
 .rodata.str1.4
                0x00001014       0x23 .\CortexM3\ARM_GCC_541\Debug\accel_mag.o
 .rodata        0x00001014       0x40 .\CortexM3\ARM_GCC_541\Debug\cyfitter_cfg.o
 .rodata.str1.1
                0x00001054        0x2 c:/program files (x86)/cypress/psoc creator/4.1/psoc creator/import/gnu/arm/5.4.1/bin/../lib/gcc/arm-none-eabi/5.4.1/../../../../arm-none-eabi/lib/armv7-m\libg_nano.a(lib_a-impure.o)
                0x00001058                . = ALIGN (0x4)
 *fill*         0x00001056        0x2 
 *(.init)
 .init          0x00001058        0x4 c:/program files (x86)/cypress/psoc creator/4.1/psoc creator/import/gnu/arm/5.4.1/bin/../lib/gcc/arm-none-eabi/5.4.1/armv7-m/crti.o
                0x00001058                _init
 .init          0x0000105c        0x8 c:/program files (x86)/cypress/psoc creator/4.1/psoc creator/import/gnu/arm/5.4.1/bin/../lib/gcc/arm-none-eabi/5.4.1/armv7-m/crtn.o
                0x00001064                . = ALIGN (0x4)
                0x00001064                __preinit_array_start = .
 *(.preinit_array)
                0x00001064                __preinit_array_end = .
                0x00001064                . = ALIGN (0x4)
                0x00001064                __init_array_start = .
 *(SORT(.init_array.*))
 *(.init_array)
 .init_array    0x00001064        0x4 c:/program files (x86)/cypress/psoc creator/4.1/psoc creator/import/gnu/arm/5.4.1/bin/../lib/gcc/arm-none-eabi/5.4.1/armv7-m/crtbegin.o
 .init_array    0x00001068        0x4 .\CortexM3\ARM_GCC_541\Debug\Cm3Start.o
                0x0000106c                __init_array_end = .
                0x0000106c                . = ALIGN (0x4)
 *(.fini)
 .fini          0x0000106c        0x4 c:/program files (x86)/cypress/psoc creator/4.1/psoc creator/import/gnu/arm/5.4.1/bin/../lib/gcc/arm-none-eabi/5.4.1/armv7-m/crti.o
                0x0000106c                _fini
 .fini          0x00001070        0x8 c:/program files (x86)/cypress/psoc creator/4.1/psoc creator/import/gnu/arm/5.4.1/bin/../lib/gcc/arm-none-eabi/5.4.1/armv7-m/crtn.o
                0x00001078                . = ALIGN (0x4)
                0x00001078                __fini_array_start = .
 *(.fini_array)
 .fini_array    0x00001078        0x4 c:/program files (x86)/cypress/psoc creator/4.1/psoc creator/import/gnu/arm/5.4.1/bin/../lib/gcc/arm-none-eabi/5.4.1/armv7-m/crtbegin.o
 *(SORT(.fini_array.*))
                0x0000107c                __fini_array_end = .
                0x0000107c                . = ALIGN (0x4)
 *crtbegin.o(.ctors)
 *(EXCLUDE_FILE(*crtend.o) .ctors)
 *(SORT(.ctors.*))
 *crtend.o(.ctors)
                0x0000107c                . = ALIGN (0x4)
 *crtbegin.o(.dtors)
 *(EXCLUDE_FILE(*crtend.o) .dtors)
 *(SORT(.dtors.*))
 *crtend.o(.dtors)
                0x0000107c                . = ALIGN (0x4)
                0x0000107c                __cy_regions = .
                0x0000107c        0x4 LONG 0x1090 __cy_region_init_ram
                0x00001080        0x4 LONG 0x1fff80c8 __cy_region_start_data
                0x00001084        0x4 LONG 0x78 __cy_region_init_size_ram
                0x00001088        0x4 LONG 0x138 __cy_region_zero_size_ram
                0x0000108c                __cy_regions_end = .
                0x00001090                . = ALIGN (0x8)
 *fill*         0x0000108c        0x4 
                0x00001090                _etext = .

.cy_checksum_exclude
                0x00001090        0x0
 *(.cy_checksum_exclude)

.ramvectors     0x1fff8000       0xc0
                0x1fff8000                __cy_region_start_ram = .
 *(.ramvectors)
 .ramvectors    0x1fff8000       0xc0 .\CortexM3\ARM_GCC_541\Debug\Cm3Start.o
                0x1fff8000                CyRamVectors

.noinit         0x1fff80c0        0x1
 *(.noinit)
 .noinit        0x1fff80c0        0x1 .\CortexM3\ARM_GCC_541\Debug\SensorFusion.a(CyLib.o)
                0x1fff80c0                CyResetStatus

.data           0x1fff80c8       0x78 load address 0x00001090
                0x1fff80c8                __cy_region_start_data = .
 *(.jcr)
 .jcr           0x1fff80c8        0x0 c:/program files (x86)/cypress/psoc creator/4.1/psoc creator/import/gnu/arm/5.4.1/bin/../lib/gcc/arm-none-eabi/5.4.1/armv7-m/crtbegin.o
 .jcr           0x1fff80c8        0x4 c:/program files (x86)/cypress/psoc creator/4.1/psoc creator/import/gnu/arm/5.4.1/bin/../lib/gcc/arm-none-eabi/5.4.1/armv7-m/crtend.o
 *(.got.plt)
 *(.got)
 *(.shdata)
 *(.data .data.* .gnu.linkonce.d.*)
 .data          0x1fff80cc       0x10 .\CortexM3\ARM_GCC_541\Debug\SensorFusion.a(CyLib.o)
                0x1fff80cc                cydelay_32k_ms
                0x1fff80d0                cydelay_freq_khz
                0x1fff80d4                cydelay_freq_mhz
                0x1fff80d8                cydelay_freq_hz
 .data.impure_data
                0x1fff80dc       0x60 c:/program files (x86)/cypress/psoc creator/4.1/psoc creator/import/gnu/arm/5.4.1/bin/../lib/gcc/arm-none-eabi/5.4.1/../../../../arm-none-eabi/lib/armv7-m\libg_nano.a(lib_a-impure.o)
 .data._impure_ptr
                0x1fff813c        0x4 c:/program files (x86)/cypress/psoc creator/4.1/psoc creator/import/gnu/arm/5.4.1/bin/../lib/gcc/arm-none-eabi/5.4.1/../../../../arm-none-eabi/lib/armv7-m\libg_nano.a(lib_a-impure.o)
                0x1fff813c                _impure_ptr
                0x1fff8140                . = ALIGN (0x8)
 *(.ram)
                0x1fff8140                _edata = .

.igot.plt       0x1fff8140        0x0 load address 0x00001108
 .igot.plt      0x1fff8140        0x0 c:/program files (x86)/cypress/psoc creator/4.1/psoc creator/import/gnu/arm/5.4.1/bin/../lib/gcc/arm-none-eabi/5.4.1/armv7-m/crtbegin.o

.bss            0x1fff8140      0x138 load address 0x00001108
                0x1fff8140                PROVIDE (__bss_start__, .)
 *(.shbss)
 *(.bss .bss.* .gnu.linkonce.b.*)
 .bss           0x1fff8140       0x1c c:/program files (x86)/cypress/psoc creator/4.1/psoc creator/import/gnu/arm/5.4.1/bin/../lib/gcc/arm-none-eabi/5.4.1/armv7-m/crtbegin.o
 .bss           0x1fff815c        0x2 .\CortexM3\ARM_GCC_541\Debug\gyroscope.o
 .bss           0x1fff815e        0x1 .\CortexM3\ARM_GCC_541\Debug\accel_mag.o
 *fill*         0x1fff815f        0x1 
 .bss           0x1fff8160       0x24 .\CortexM3\ARM_GCC_541\Debug\barometer.o
 .bss           0x1fff8184        0x2 .\CortexM3\ARM_GCC_541\Debug\SensorFusion.a(xbeeSerial.o)
                0x1fff8184                xbeeSerial_initVar
 .bss           0x1fff8186        0x2 .\CortexM3\ARM_GCC_541\Debug\SensorFusion.a(gpsSerial.o)
                0x1fff8186                gpsSerial_initVar
 .bss           0x1fff8188        0x2 .\CortexM3\ARM_GCC_541\Debug\SensorFusion.a(debugSerial.o)
                0x1fff8188                debugSerial_initVar
 .bss           0x1fff818a        0x1 .\CortexM3\ARM_GCC_541\Debug\SensorFusion.a(I2C.o)
                0x1fff818a                I2C_initVar
 *(COMMON)
 *fill*         0x1fff818b        0x5 
 COMMON         0x1fff8190       0xd4 .\CortexM3\ARM_GCC_541\Debug\SensorVal.o
                0x1fff8190                initial_relative_altitude
                0x1fff8198                gyro_raw
                0x1fff81a0                initial_absolute_altitude
                0x1fff81a8                initial_real_temprature
                0x1fff81b0                accel_raw
                0x1fff81b8                reference_pressure
                0x1fff81bc                accel
                0x1fff81c8                GPS
                0x1fff820c                initial_real_pressure
                0x1fff8210                mag_raw
                0x1fff8218                gyro
                0x1fff8228                baro
                0x1fff8250                initial_raw_temperature
                0x1fff8254                initial_raw_pressure
                0x1fff8258                mag
 COMMON         0x1fff8264        0x1 .\CortexM3\ARM_GCC_541\Debug\SensorFusion.a(I2C.o)
                0x1fff8264                I2C_state
 *fill*         0x1fff8265        0x3 
 COMMON         0x1fff8268       0x10 .\CortexM3\ARM_GCC_541\Debug\SensorFusion.a(I2C_MASTER.o)
                0x1fff8268                I2C_mstrWrBufIndex
                0x1fff8269                I2C_mstrWrBufSize
                0x1fff826a                I2C_mstrStatus
                0x1fff826c                I2C_mstrRdBufPtr
                0x1fff8270                I2C_mstrControl
                0x1fff8271                I2C_mstrRdBufSize
                0x1fff8272                I2C_mstrRdBufIndex
                0x1fff8274                I2C_mstrWrBufPtr
                0x1fff8278                . = ALIGN (0x8)
 *(.ram.b)
                0x1fff8278                _end = .
                0x1fff8278                __end = .
                0x1fff8278                PROVIDE (end, .)
                0x1fff8278                PROVIDE (__bss_end__, .)
                0x00001090                __cy_region_init_ram = LOADADDR (.data)
                0x00000078                __cy_region_init_size_ram = (_edata - ADDR (.data))
                0x00000138                __cy_region_zero_size_ram = (_end - _edata)

.heap           0x1fff8278       0x80 load address 0x00001108
                0x1fff8278                . = _end
                0x1fff82f8                . = (. + 0x80)
 *fill*         0x1fff8278       0x80 
                0x1fff82f8                __cy_heap_limit = .

.stack          0x20007800      0x800
                0x20007800                __cy_stack_limit = .
                0x20008000                . = (. + 0x800)
 *fill*         0x20007800      0x800 
                0x00000001                ASSERT ((__cy_stack_limit >= __cy_heap_limit), region RAM overflowed with stack)
                0x00000000                cy_checksum_exclude_size = (CY_APPL_LOADABLE == 0x1)?SIZEOF (.cy_checksum_exclude):0x0
                0x00000001                ASSERT ((cy_checksum_exclude_size <= CY_CHECKSUM_EXCLUDE_SIZE), CY_BOOT: Section .cy_checksum_exclude size exceedes specified limit.)

.cyloadermeta
 *(.cyloadermeta)

.cyloadablemeta
 *(.cyloadablemeta)

.cyconfigecc    0x80000000      0xca8
 *(.cyconfigecc)
 .cyconfigecc   0x80000000      0xca8 .\CortexM3\ARM_GCC_541\Debug\cymetadata.o
                0x80000000                cy_meta_configecc

.cycustnvl      0x90000000        0x4
 *(.cycustnvl)
 .cycustnvl     0x90000000        0x4 .\CortexM3\ARM_GCC_541\Debug\cymetadata.o
                0x90000000                cy_meta_custnvl

.cywolatch      0x90100000        0x4
 *(.cywolatch)
 .cywolatch     0x90100000        0x4 .\CortexM3\ARM_GCC_541\Debug\cymetadata.o
                0x90100000                cy_meta_wonvl

.cyeeprom       0x90200000        0x0
 *(.cyeeprom)
                0x00000001                ASSERT ((. <= ((0x90200000 + ee_offset) + ee_size)), .cyeeprom data will not fit in EEPROM)

.cyflashprotect
                0x90400000      0x100
 *(.cyflashprotect)
 .cyflashprotect
                0x90400000      0x100 .\CortexM3\ARM_GCC_541\Debug\cymetadata.o
                0x90400000                cy_meta_flashprotect

.cymeta         0x90500000        0xc
 *(.cymeta)
 .cymeta        0x90500000        0xc .\CortexM3\ARM_GCC_541\Debug\cymetadata.o
                0x90500000                cy_metadata

.rel.dyn        0x00001108        0x0 load address 0x9050000c
 .rel.iplt      0x00001108        0x0 c:/program files (x86)/cypress/psoc creator/4.1/psoc creator/import/gnu/arm/5.4.1/bin/../lib/gcc/arm-none-eabi/5.4.1/armv7-m/crtbegin.o

.stab
 *(.stab)

.stabstr
 *(.stabstr)

.debug
 *(.debug)

.line
 *(.line)

.debug_srcinfo
 *(.debug_srcinfo)

.debug_sfnames
 *(.debug_sfnames)

.debug_aranges  0x00000000      0xfe8
 *(.debug_aranges)
 .debug_aranges
                0x00000000       0x38 .\CortexM3\ARM_GCC_541\Debug\main.o
 .debug_aranges
                0x00000038       0x80 .\CortexM3\ARM_GCC_541\Debug\Madgwick.o
 .debug_aranges
                0x000000b8       0x60 .\CortexM3\ARM_GCC_541\Debug\gyroscope.o
 .debug_aranges
                0x00000118       0x18 .\CortexM3\ARM_GCC_541\Debug\SensorVal.o
 .debug_aranges
                0x00000130       0x88 .\CortexM3\ARM_GCC_541\Debug\accel_mag.o
 .debug_aranges
                0x000001b8       0x48 .\CortexM3\ARM_GCC_541\Debug\twi.o
 .debug_aranges
                0x00000200       0xd8 .\CortexM3\ARM_GCC_541\Debug\barometer.o
 .debug_aranges
                0x000002d8       0xa0 .\CortexM3\ARM_GCC_541\Debug\gps.o
 .debug_aranges
                0x00000378       0x70 .\CortexM3\ARM_GCC_541\Debug\debSerial.o
 .debug_aranges
                0x000003e8       0x30 .\CortexM3\ARM_GCC_541\Debug\millis.o
 .debug_aranges
                0x00000418       0x58 .\CortexM3\ARM_GCC_541\Debug\cyfitter_cfg.o
 .debug_aranges
                0x00000470       0x18 .\CortexM3\ARM_GCC_541\Debug\cymetadata.o
 .debug_aranges
                0x00000488       0x48 .\CortexM3\ARM_GCC_541\Debug\Cm3Start.o
 .debug_aranges
                0x000004d0       0xf0 .\CortexM3\ARM_GCC_541\Debug\SensorFusion.a(xbeeSerial.o)
 .debug_aranges
                0x000005c0       0xf0 .\CortexM3\ARM_GCC_541\Debug\SensorFusion.a(gpsSerial.o)
 .debug_aranges
                0x000006b0       0xf0 .\CortexM3\ARM_GCC_541\Debug\SensorFusion.a(debugSerial.o)
 .debug_aranges
                0x000007a0       0x90 .\CortexM3\ARM_GCC_541\Debug\SensorFusion.a(deltaTimer.o)
 .debug_aranges
                0x00000830       0x80 .\CortexM3\ARM_GCC_541\Debug\SensorFusion.a(deltTime.o)
 .debug_aranges
                0x000008b0       0x38 .\CortexM3\ARM_GCC_541\Debug\SensorFusion.a(I2C.o)
 .debug_aranges
                0x000008e8       0x20 .\CortexM3\ARM_GCC_541\Debug\SensorFusion.a(I2C_INT.o)
 .debug_aranges
                0x00000908       0x38 .\CortexM3\ARM_GCC_541\Debug\SensorFusion.a(I2C_PM.o)
 .debug_aranges
                0x00000940       0x80 .\CortexM3\ARM_GCC_541\Debug\SensorFusion.a(I2C_MASTER.o)
 .debug_aranges
                0x000009c0       0x70 .\CortexM3\ARM_GCC_541\Debug\SensorFusion.a(xbeeSerial_IntClock.o)
 .debug_aranges
                0x00000a30       0x70 .\CortexM3\ARM_GCC_541\Debug\SensorFusion.a(gpsSerial_IntClock.o)
 .debug_aranges
                0x00000aa0       0x70 .\CortexM3\ARM_GCC_541\Debug\SensorFusion.a(debugSerial_IntClock.o)
 .debug_aranges
                0x00000b10      0x2a8 .\CortexM3\ARM_GCC_541\Debug\SensorFusion.a(CyLib.o)
 .debug_aranges
                0x00000db8       0x98 .\CortexM3\ARM_GCC_541\Debug\SensorFusion.a(cyPm.o)
 .debug_aranges
                0x00000e50       0x20 .\CortexM3\ARM_GCC_541\Debug\SensorFusion.a(CyBootAsmGnu.o)
 .debug_aranges
                0x00000e70       0x80 .\CortexM3\ARM_GCC_541\Debug\SensorFusion.a(CyScBoostClk.o)
 .debug_aranges
                0x00000ef0       0x80 .\CortexM3\ARM_GCC_541\Debug\SensorFusion.a(CyFlash.o)
 .debug_aranges
                0x00000f70       0x78 .\CortexM3\ARM_GCC_541\Debug\SensorFusion.a(CySpc.o)

.debug_pubnames
 *(.debug_pubnames)

.debug_info     0x00000000     0xa6de
 *(.debug_info .gnu.linkonce.wi.*)
 .debug_info    0x00000000      0x29d .\CortexM3\ARM_GCC_541\Debug\main.o
 .debug_info    0x0000029d      0x82d .\CortexM3\ARM_GCC_541\Debug\Madgwick.o
 .debug_info    0x00000aca      0x629 .\CortexM3\ARM_GCC_541\Debug\gyroscope.o
 .debug_info    0x000010f3      0x462 .\CortexM3\ARM_GCC_541\Debug\SensorVal.o
 .debug_info    0x00001555      0xacb .\CortexM3\ARM_GCC_541\Debug\accel_mag.o
 .debug_info    0x00002020      0x306 .\CortexM3\ARM_GCC_541\Debug\twi.o
 .debug_info    0x00002326      0xa29 .\CortexM3\ARM_GCC_541\Debug\barometer.o
 .debug_info    0x00002d4f     0x12f7 .\CortexM3\ARM_GCC_541\Debug\gps.o
 .debug_info    0x00004046      0x462 .\CortexM3\ARM_GCC_541\Debug\debSerial.o
 .debug_info    0x000044a8      0x16d .\CortexM3\ARM_GCC_541\Debug\millis.o
 .debug_info    0x00004615      0x617 .\CortexM3\ARM_GCC_541\Debug\cyfitter_cfg.o
 .debug_info    0x00004c2c      0x139 .\CortexM3\ARM_GCC_541\Debug\cymetadata.o
 .debug_info    0x00004d65      0x3bb .\CortexM3\ARM_GCC_541\Debug\Cm3Start.o
 .debug_info    0x00005120      0x60c .\CortexM3\ARM_GCC_541\Debug\SensorFusion.a(xbeeSerial.o)
 .debug_info    0x0000572c      0x60c .\CortexM3\ARM_GCC_541\Debug\SensorFusion.a(gpsSerial.o)
 .debug_info    0x00005d38      0x60c .\CortexM3\ARM_GCC_541\Debug\SensorFusion.a(debugSerial.o)
 .debug_info    0x00006344      0x2f0 .\CortexM3\ARM_GCC_541\Debug\SensorFusion.a(deltaTimer.o)
 .debug_info    0x00006634      0x2d2 .\CortexM3\ARM_GCC_541\Debug\SensorFusion.a(deltTime.o)
 .debug_info    0x00006906      0x2ad .\CortexM3\ARM_GCC_541\Debug\SensorFusion.a(I2C.o)
 .debug_info    0x00006bb3      0x184 .\CortexM3\ARM_GCC_541\Debug\SensorFusion.a(I2C_INT.o)
 .debug_info    0x00006d37      0x207 .\CortexM3\ARM_GCC_541\Debug\SensorFusion.a(I2C_PM.o)
 .debug_info    0x00006f3e      0x407 .\CortexM3\ARM_GCC_541\Debug\SensorFusion.a(I2C_MASTER.o)
 .debug_info    0x00007345      0x283 .\CortexM3\ARM_GCC_541\Debug\SensorFusion.a(xbeeSerial_IntClock.o)
 .debug_info    0x000075c8      0x283 .\CortexM3\ARM_GCC_541\Debug\SensorFusion.a(gpsSerial_IntClock.o)
 .debug_info    0x0000784b      0x283 .\CortexM3\ARM_GCC_541\Debug\SensorFusion.a(debugSerial_IntClock.o)
 .debug_info    0x00007ace     0x13d4 .\CortexM3\ARM_GCC_541\Debug\SensorFusion.a(CyLib.o)
 .debug_info    0x00008ea2      0xa2a .\CortexM3\ARM_GCC_541\Debug\SensorFusion.a(cyPm.o)
 .debug_info    0x000098cc       0xad .\CortexM3\ARM_GCC_541\Debug\SensorFusion.a(CyBootAsmGnu.o)
 .debug_info    0x00009979      0x2c4 .\CortexM3\ARM_GCC_541\Debug\SensorFusion.a(CyScBoostClk.o)
 .debug_info    0x00009c3d      0x5b8 .\CortexM3\ARM_GCC_541\Debug\SensorFusion.a(CyFlash.o)
 .debug_info    0x0000a1f5      0x4e9 .\CortexM3\ARM_GCC_541\Debug\SensorFusion.a(CySpc.o)

.debug_abbrev   0x00000000     0x2b9a
 *(.debug_abbrev)
 .debug_abbrev  0x00000000       0xe9 .\CortexM3\ARM_GCC_541\Debug\main.o
 .debug_abbrev  0x000000e9      0x1bb .\CortexM3\ARM_GCC_541\Debug\Madgwick.o
 .debug_abbrev  0x000002a4      0x1bc .\CortexM3\ARM_GCC_541\Debug\gyroscope.o
 .debug_abbrev  0x00000460       0x8f .\CortexM3\ARM_GCC_541\Debug\SensorVal.o
 .debug_abbrev  0x000004ef      0x243 .\CortexM3\ARM_GCC_541\Debug\accel_mag.o
 .debug_abbrev  0x00000732      0x14e .\CortexM3\ARM_GCC_541\Debug\twi.o
 .debug_abbrev  0x00000880      0x2e7 .\CortexM3\ARM_GCC_541\Debug\barometer.o
 .debug_abbrev  0x00000b67      0x29c .\CortexM3\ARM_GCC_541\Debug\gps.o
 .debug_abbrev  0x00000e03      0x143 .\CortexM3\ARM_GCC_541\Debug\debSerial.o
 .debug_abbrev  0x00000f46       0xe6 .\CortexM3\ARM_GCC_541\Debug\millis.o
 .debug_abbrev  0x0000102c      0x20d .\CortexM3\ARM_GCC_541\Debug\cyfitter_cfg.o
 .debug_abbrev  0x00001239       0x77 .\CortexM3\ARM_GCC_541\Debug\cymetadata.o
 .debug_abbrev  0x000012b0      0x1e8 .\CortexM3\ARM_GCC_541\Debug\Cm3Start.o
 .debug_abbrev  0x00001498      0x175 .\CortexM3\ARM_GCC_541\Debug\SensorFusion.a(xbeeSerial.o)
 .debug_abbrev  0x0000160d      0x175 .\CortexM3\ARM_GCC_541\Debug\SensorFusion.a(gpsSerial.o)
 .debug_abbrev  0x00001782      0x175 .\CortexM3\ARM_GCC_541\Debug\SensorFusion.a(debugSerial.o)
 .debug_abbrev  0x000018f7      0x12b .\CortexM3\ARM_GCC_541\Debug\SensorFusion.a(deltaTimer.o)
 .debug_abbrev  0x00001a22      0x173 .\CortexM3\ARM_GCC_541\Debug\SensorFusion.a(deltTime.o)
 .debug_abbrev  0x00001b95      0x10a .\CortexM3\ARM_GCC_541\Debug\SensorFusion.a(I2C.o)
 .debug_abbrev  0x00001c9f       0xb6 .\CortexM3\ARM_GCC_541\Debug\SensorFusion.a(I2C_INT.o)
 .debug_abbrev  0x00001d55       0xfe .\CortexM3\ARM_GCC_541\Debug\SensorFusion.a(I2C_PM.o)
 .debug_abbrev  0x00001e53      0x13c .\CortexM3\ARM_GCC_541\Debug\SensorFusion.a(I2C_MASTER.o)
 .debug_abbrev  0x00001f8f      0x139 .\CortexM3\ARM_GCC_541\Debug\SensorFusion.a(xbeeSerial_IntClock.o)
 .debug_abbrev  0x000020c8      0x139 .\CortexM3\ARM_GCC_541\Debug\SensorFusion.a(gpsSerial_IntClock.o)
 .debug_abbrev  0x00002201      0x139 .\CortexM3\ARM_GCC_541\Debug\SensorFusion.a(debugSerial_IntClock.o)
 .debug_abbrev  0x0000233a      0x254 .\CortexM3\ARM_GCC_541\Debug\SensorFusion.a(CyLib.o)
 .debug_abbrev  0x0000258e      0x1ab .\CortexM3\ARM_GCC_541\Debug\SensorFusion.a(cyPm.o)
 .debug_abbrev  0x00002739       0x14 .\CortexM3\ARM_GCC_541\Debug\SensorFusion.a(CyBootAsmGnu.o)
 .debug_abbrev  0x0000274d      0x121 .\CortexM3\ARM_GCC_541\Debug\SensorFusion.a(CyScBoostClk.o)
 .debug_abbrev  0x0000286e      0x198 .\CortexM3\ARM_GCC_541\Debug\SensorFusion.a(CyFlash.o)
 .debug_abbrev  0x00002a06      0x194 .\CortexM3\ARM_GCC_541\Debug\SensorFusion.a(CySpc.o)

.debug_line     0x00000000     0x467d
 *(.debug_line)
 .debug_line    0x00000000      0x20d .\CortexM3\ARM_GCC_541\Debug\main.o
 .debug_line    0x0000020d      0x286 .\CortexM3\ARM_GCC_541\Debug\Madgwick.o
 .debug_line    0x00000493      0x29f .\CortexM3\ARM_GCC_541\Debug\gyroscope.o
 .debug_line    0x00000732      0x167 .\CortexM3\ARM_GCC_541\Debug\SensorVal.o
 .debug_line    0x00000899      0x335 .\CortexM3\ARM_GCC_541\Debug\accel_mag.o
 .debug_line    0x00000bce      0x1c7 .\CortexM3\ARM_GCC_541\Debug\twi.o
 .debug_line    0x00000d95      0x42c .\CortexM3\ARM_GCC_541\Debug\barometer.o
 .debug_line    0x000011c1      0x4f9 .\CortexM3\ARM_GCC_541\Debug\gps.o
 .debug_line    0x000016ba      0x29b .\CortexM3\ARM_GCC_541\Debug\debSerial.o
 .debug_line    0x00001955      0x1a9 .\CortexM3\ARM_GCC_541\Debug\millis.o
 .debug_line    0x00001afe      0x1f9 .\CortexM3\ARM_GCC_541\Debug\cyfitter_cfg.o
 .debug_line    0x00001cf7      0x141 .\CortexM3\ARM_GCC_541\Debug\cymetadata.o
 .debug_line    0x00001e38      0x234 .\CortexM3\ARM_GCC_541\Debug\Cm3Start.o
 .debug_line    0x0000206c      0x2c8 .\CortexM3\ARM_GCC_541\Debug\SensorFusion.a(xbeeSerial.o)
 .debug_line    0x00002334      0x2c6 .\CortexM3\ARM_GCC_541\Debug\SensorFusion.a(gpsSerial.o)
 .debug_line    0x000025fa      0x2ca .\CortexM3\ARM_GCC_541\Debug\SensorFusion.a(debugSerial.o)
 .debug_line    0x000028c4      0x175 .\CortexM3\ARM_GCC_541\Debug\SensorFusion.a(deltaTimer.o)
 .debug_line    0x00002a39      0x135 .\CortexM3\ARM_GCC_541\Debug\SensorFusion.a(deltTime.o)
 .debug_line    0x00002b6e       0xd9 .\CortexM3\ARM_GCC_541\Debug\SensorFusion.a(I2C.o)
 .debug_line    0x00002c47      0x114 .\CortexM3\ARM_GCC_541\Debug\SensorFusion.a(I2C_INT.o)
 .debug_line    0x00002d5b       0xbb .\CortexM3\ARM_GCC_541\Debug\SensorFusion.a(I2C_PM.o)
 .debug_line    0x00002e16      0x1fd .\CortexM3\ARM_GCC_541\Debug\SensorFusion.a(I2C_MASTER.o)
 .debug_line    0x00003013      0x182 .\CortexM3\ARM_GCC_541\Debug\SensorFusion.a(xbeeSerial_IntClock.o)
 .debug_line    0x00003195      0x181 .\CortexM3\ARM_GCC_541\Debug\SensorFusion.a(gpsSerial_IntClock.o)
 .debug_line    0x00003316      0x183 .\CortexM3\ARM_GCC_541\Debug\SensorFusion.a(debugSerial_IntClock.o)
 .debug_line    0x00003499      0x854 .\CortexM3\ARM_GCC_541\Debug\SensorFusion.a(CyLib.o)
 .debug_line    0x00003ced      0x367 .\CortexM3\ARM_GCC_541\Debug\SensorFusion.a(cyPm.o)
 .debug_line    0x00004054       0x66 .\CortexM3\ARM_GCC_541\Debug\SensorFusion.a(CyBootAsmGnu.o)
 .debug_line    0x000040ba      0x19e .\CortexM3\ARM_GCC_541\Debug\SensorFusion.a(CyScBoostClk.o)
 .debug_line    0x00004258      0x1e9 .\CortexM3\ARM_GCC_541\Debug\SensorFusion.a(CyFlash.o)
 .debug_line    0x00004441      0x23c .\CortexM3\ARM_GCC_541\Debug\SensorFusion.a(CySpc.o)

.debug_frame    0x00000000     0x3730
 *(.debug_frame)
 .debug_frame   0x00000000       0x80 .\CortexM3\ARM_GCC_541\Debug\main.o
 .debug_frame   0x00000080      0x1bc .\CortexM3\ARM_GCC_541\Debug\Madgwick.o
 .debug_frame   0x0000023c      0x100 .\CortexM3\ARM_GCC_541\Debug\gyroscope.o
 .debug_frame   0x0000033c      0x1b8 .\CortexM3\ARM_GCC_541\Debug\accel_mag.o
 .debug_frame   0x000004f4       0xb8 .\CortexM3\ARM_GCC_541\Debug\twi.o
 .debug_frame   0x000005ac      0x280 .\CortexM3\ARM_GCC_541\Debug\barometer.o
 .debug_frame   0x0000082c      0x1f4 .\CortexM3\ARM_GCC_541\Debug\gps.o
 .debug_frame   0x00000a20      0x144 .\CortexM3\ARM_GCC_541\Debug\debSerial.o
 .debug_frame   0x00000b64       0x4c .\CortexM3\ARM_GCC_541\Debug\millis.o
 .debug_frame   0x00000bb0       0xe4 .\CortexM3\ARM_GCC_541\Debug\cyfitter_cfg.o
 .debug_frame   0x00000c94       0xb8 .\CortexM3\ARM_GCC_541\Debug\Cm3Start.o
 .debug_frame   0x00000d4c      0x250 .\CortexM3\ARM_GCC_541\Debug\SensorFusion.a(xbeeSerial.o)
 .debug_frame   0x00000f9c      0x250 .\CortexM3\ARM_GCC_541\Debug\SensorFusion.a(gpsSerial.o)
 .debug_frame   0x000011ec      0x250 .\CortexM3\ARM_GCC_541\Debug\SensorFusion.a(debugSerial.o)
 .debug_frame   0x0000143c      0x124 .\CortexM3\ARM_GCC_541\Debug\SensorFusion.a(deltaTimer.o)
 .debug_frame   0x00001560      0x104 .\CortexM3\ARM_GCC_541\Debug\SensorFusion.a(deltTime.o)
 .debug_frame   0x00001664       0x94 .\CortexM3\ARM_GCC_541\Debug\SensorFusion.a(I2C.o)
 .debug_frame   0x000016f8       0x30 .\CortexM3\ARM_GCC_541\Debug\SensorFusion.a(I2C_INT.o)
 .debug_frame   0x00001728       0x74 .\CortexM3\ARM_GCC_541\Debug\SensorFusion.a(I2C_PM.o)
 .debug_frame   0x0000179c      0x138 .\CortexM3\ARM_GCC_541\Debug\SensorFusion.a(I2C_MASTER.o)
 .debug_frame   0x000018d4       0xe0 .\CortexM3\ARM_GCC_541\Debug\SensorFusion.a(xbeeSerial_IntClock.o)
 .debug_frame   0x000019b4       0xe0 .\CortexM3\ARM_GCC_541\Debug\SensorFusion.a(gpsSerial_IntClock.o)
 .debug_frame   0x00001a94       0xe0 .\CortexM3\ARM_GCC_541\Debug\SensorFusion.a(debugSerial_IntClock.o)
 .debug_frame   0x00001b74      0x754 .\CortexM3\ARM_GCC_541\Debug\SensorFusion.a(CyLib.o)
 .debug_frame   0x000022c8      0x1f8 .\CortexM3\ARM_GCC_541\Debug\SensorFusion.a(cyPm.o)
 .debug_frame   0x000024c0      0x100 .\CortexM3\ARM_GCC_541\Debug\SensorFusion.a(CyScBoostClk.o)
 .debug_frame   0x000025c0      0x174 .\CortexM3\ARM_GCC_541\Debug\SensorFusion.a(CyFlash.o)
 .debug_frame   0x00002734      0x160 .\CortexM3\ARM_GCC_541\Debug\SensorFusion.a(CySpc.o)
 .debug_frame   0x00002894       0x44 c:/program files (x86)/cypress/psoc creator/4.1/psoc creator/import/gnu/arm/5.4.1/bin/../lib/gcc/arm-none-eabi/5.4.1/../../../../arm-none-eabi/lib/armv7-m\libm.a(lib_a-w_fmod.o)
 .debug_frame   0x000028d8       0x4c c:/program files (x86)/cypress/psoc creator/4.1/psoc creator/import/gnu/arm/5.4.1/bin/../lib/gcc/arm-none-eabi/5.4.1/../../../../arm-none-eabi/lib/armv7-m\libm.a(lib_a-w_pow.o)
 .debug_frame   0x00002924       0x3c c:/program files (x86)/cypress/psoc creator/4.1/psoc creator/import/gnu/arm/5.4.1/bin/../lib/gcc/arm-none-eabi/5.4.1/../../../../arm-none-eabi/lib/armv7-m\libm.a(lib_a-wf_asin.o)
 .debug_frame   0x00002960       0x20 c:/program files (x86)/cypress/psoc creator/4.1/psoc creator/import/gnu/arm/5.4.1/bin/../lib/gcc/arm-none-eabi/5.4.1/../../../../arm-none-eabi/lib/armv7-m\libm.a(lib_a-wf_atan2.o)
 .debug_frame   0x00002980       0x3c c:/program files (x86)/cypress/psoc creator/4.1/psoc creator/import/gnu/arm/5.4.1/bin/../lib/gcc/arm-none-eabi/5.4.1/../../../../arm-none-eabi/lib/armv7-m\libm.a(lib_a-wf_sqrt.o)
 .debug_frame   0x000029bc       0x38 c:/program files (x86)/cypress/psoc creator/4.1/psoc creator/import/gnu/arm/5.4.1/bin/../lib/gcc/arm-none-eabi/5.4.1/../../../../arm-none-eabi/lib/armv7-m\libm.a(lib_a-e_fmod.o)
 .debug_frame   0x000029f4       0x68 c:/program files (x86)/cypress/psoc creator/4.1/psoc creator/import/gnu/arm/5.4.1/bin/../lib/gcc/arm-none-eabi/5.4.1/../../../../arm-none-eabi/lib/armv7-m\libm.a(lib_a-e_pow.o)
 .debug_frame   0x00002a5c       0x30 c:/program files (x86)/cypress/psoc creator/4.1/psoc creator/import/gnu/arm/5.4.1/bin/../lib/gcc/arm-none-eabi/5.4.1/../../../../arm-none-eabi/lib/armv7-m\libm.a(lib_a-e_sqrt.o)
 .debug_frame   0x00002a8c       0x34 c:/program files (x86)/cypress/psoc creator/4.1/psoc creator/import/gnu/arm/5.4.1/bin/../lib/gcc/arm-none-eabi/5.4.1/../../../../arm-none-eabi/lib/armv7-m\libm.a(lib_a-ef_asin.o)
 .debug_frame   0x00002ac0       0x3c c:/program files (x86)/cypress/psoc creator/4.1/psoc creator/import/gnu/arm/5.4.1/bin/../lib/gcc/arm-none-eabi/5.4.1/../../../../arm-none-eabi/lib/armv7-m\libm.a(lib_a-ef_atan2.o)
 .debug_frame   0x00002afc       0x2c c:/program files (x86)/cypress/psoc creator/4.1/psoc creator/import/gnu/arm/5.4.1/bin/../lib/gcc/arm-none-eabi/5.4.1/../../../../arm-none-eabi/lib/armv7-m\libm.a(lib_a-ef_sqrt.o)
 .debug_frame   0x00002b28       0x20 c:/program files (x86)/cypress/psoc creator/4.1/psoc creator/import/gnu/arm/5.4.1/bin/../lib/gcc/arm-none-eabi/5.4.1/../../../../arm-none-eabi/lib/armv7-m\libm.a(lib_a-s_fabs.o)
 .debug_frame   0x00002b48       0x20 c:/program files (x86)/cypress/psoc creator/4.1/psoc creator/import/gnu/arm/5.4.1/bin/../lib/gcc/arm-none-eabi/5.4.1/../../../../arm-none-eabi/lib/armv7-m\libm.a(lib_a-s_finite.o)
 .debug_frame   0x00002b68       0x20 c:/program files (x86)/cypress/psoc creator/4.1/psoc creator/import/gnu/arm/5.4.1/bin/../lib/gcc/arm-none-eabi/5.4.1/../../../../arm-none-eabi/lib/armv7-m\libm.a(lib_a-s_matherr.o)
 .debug_frame   0x00002b88       0x20 c:/program files (x86)/cypress/psoc creator/4.1/psoc creator/import/gnu/arm/5.4.1/bin/../lib/gcc/arm-none-eabi/5.4.1/../../../../arm-none-eabi/lib/armv7-m\libm.a(lib_a-s_nan.o)
 .debug_frame   0x00002ba8       0x3c c:/program files (x86)/cypress/psoc creator/4.1/psoc creator/import/gnu/arm/5.4.1/bin/../lib/gcc/arm-none-eabi/5.4.1/../../../../arm-none-eabi/lib/armv7-m\libm.a(lib_a-s_rint.o)
 .debug_frame   0x00002be4       0x30 c:/program files (x86)/cypress/psoc creator/4.1/psoc creator/import/gnu/arm/5.4.1/bin/../lib/gcc/arm-none-eabi/5.4.1/../../../../arm-none-eabi/lib/armv7-m\libm.a(lib_a-s_scalbn.o)
 .debug_frame   0x00002c14       0x30 c:/program files (x86)/cypress/psoc creator/4.1/psoc creator/import/gnu/arm/5.4.1/bin/../lib/gcc/arm-none-eabi/5.4.1/../../../../arm-none-eabi/lib/armv7-m\libm.a(lib_a-sf_atan.o)
 .debug_frame   0x00002c44       0x20 c:/program files (x86)/cypress/psoc creator/4.1/psoc creator/import/gnu/arm/5.4.1/bin/../lib/gcc/arm-none-eabi/5.4.1/../../../../arm-none-eabi/lib/armv7-m\libm.a(lib_a-sf_fabs.o)
 .debug_frame   0x00002c64       0x20 c:/program files (x86)/cypress/psoc creator/4.1/psoc creator/import/gnu/arm/5.4.1/bin/../lib/gcc/arm-none-eabi/5.4.1/../../../../arm-none-eabi/lib/armv7-m\libm.a(lib_a-s_copysign.o)
 .debug_frame   0x00002c84       0x20 c:/program files (x86)/cypress/psoc creator/4.1/psoc creator/import/gnu/arm/5.4.1/bin/../lib/gcc/arm-none-eabi/5.4.1/../../../../arm-none-eabi/lib/armv7-m\libg_nano.a(lib_a-atof.o)
 .debug_frame   0x00002ca4       0x30 c:/program files (x86)/cypress/psoc creator/4.1/psoc creator/import/gnu/arm/5.4.1/bin/../lib/gcc/arm-none-eabi/5.4.1/../../../../arm-none-eabi/lib/armv7-m\libg_nano.a(lib_a-atoi.o)
 .debug_frame   0x00002cd4       0x30 c:/program files (x86)/cypress/psoc creator/4.1/psoc creator/import/gnu/arm/5.4.1/bin/../lib/gcc/arm-none-eabi/5.4.1/../../../../arm-none-eabi/lib/armv7-m\libg_nano.a(lib_a-atol.o)
 .debug_frame   0x00002d04       0x20 c:/program files (x86)/cypress/psoc creator/4.1/psoc creator/import/gnu/arm/5.4.1/bin/../lib/gcc/arm-none-eabi/5.4.1/../../../../arm-none-eabi/lib/armv7-m\libg_nano.a(lib_a-errno.o)
 .debug_frame   0x00002d24       0x28 c:/program files (x86)/cypress/psoc creator/4.1/psoc creator/import/gnu/arm/5.4.1/bin/../lib/gcc/arm-none-eabi/5.4.1/../../../../arm-none-eabi/lib/armv7-m\libg_nano.a(lib_a-exit.o)
 .debug_frame   0x00002d4c       0x2c c:/program files (x86)/cypress/psoc creator/4.1/psoc creator/import/gnu/arm/5.4.1/bin/../lib/gcc/arm-none-eabi/5.4.1/../../../../arm-none-eabi/lib/armv7-m\libg_nano.a(lib_a-init.o)
 .debug_frame   0x00002d78       0x38 c:/program files (x86)/cypress/psoc creator/4.1/psoc creator/import/gnu/arm/5.4.1/bin/../lib/gcc/arm-none-eabi/5.4.1/../../../../arm-none-eabi/lib/armv7-m\libg_nano.a(lib_a-itoa.o)
 .debug_frame   0x00002db0       0x28 c:/program files (x86)/cypress/psoc creator/4.1/psoc creator/import/gnu/arm/5.4.1/bin/../lib/gcc/arm-none-eabi/5.4.1/../../../../arm-none-eabi/lib/armv7-m\libg_nano.a(lib_a-memcpy-stub.o)
 .debug_frame   0x00002dd8       0x20 c:/program files (x86)/cypress/psoc creator/4.1/psoc creator/import/gnu/arm/5.4.1/bin/../lib/gcc/arm-none-eabi/5.4.1/../../../../arm-none-eabi/lib/armv7-m\libg_nano.a(lib_a-memset.o)
 .debug_frame   0x00002df8       0x70 c:/program files (x86)/cypress/psoc creator/4.1/psoc creator/import/gnu/arm/5.4.1/bin/../lib/gcc/arm-none-eabi/5.4.1/../../../../arm-none-eabi/lib/armv7-m\libg_nano.a(lib_a-sprintf.o)
 .debug_frame   0x00002e68       0x20 c:/program files (x86)/cypress/psoc creator/4.1/psoc creator/import/gnu/arm/5.4.1/bin/../lib/gcc/arm-none-eabi/5.4.1/../../../../arm-none-eabi/lib/armv7-m\libg_nano.a(lib_a-strchr.o)
 .debug_frame   0x00002e88       0x28 c:/program files (x86)/cypress/psoc creator/4.1/psoc creator/import/gnu/arm/5.4.1/bin/../lib/gcc/arm-none-eabi/5.4.1/../../../../arm-none-eabi/lib/armv7-m\libg_nano.a(lib_a-strncpy.o)
 .debug_frame   0x00002eb0       0x30 c:/program files (x86)/cypress/psoc creator/4.1/psoc creator/import/gnu/arm/5.4.1/bin/../lib/gcc/arm-none-eabi/5.4.1/../../../../arm-none-eabi/lib/armv7-m\libg_nano.a(lib_a-strstr.o)
 .debug_frame   0x00002ee0       0x98 c:/program files (x86)/cypress/psoc creator/4.1/psoc creator/import/gnu/arm/5.4.1/bin/../lib/gcc/arm-none-eabi/5.4.1/../../../../arm-none-eabi/lib/armv7-m\libg_nano.a(lib_a-strtod.o)
 .debug_frame   0x00002f78       0x44 c:/program files (x86)/cypress/psoc creator/4.1/psoc creator/import/gnu/arm/5.4.1/bin/../lib/gcc/arm-none-eabi/5.4.1/../../../../arm-none-eabi/lib/armv7-m\libg_nano.a(lib_a-strtol.o)
 .debug_frame   0x00002fbc       0x44 c:/program files (x86)/cypress/psoc creator/4.1/psoc creator/import/gnu/arm/5.4.1/bin/../lib/gcc/arm-none-eabi/5.4.1/../../../../arm-none-eabi/lib/armv7-m\libg_nano.a(lib_a-utoa.o)
 .debug_frame   0x00003000       0x70 c:/program files (x86)/cypress/psoc creator/4.1/psoc creator/import/gnu/arm/5.4.1/bin/../lib/gcc/arm-none-eabi/5.4.1/../../../../arm-none-eabi/lib/armv7-m\libg_nano.a(lib_a-gdtoa-gethex.o)
 .debug_frame   0x00003070       0x74 c:/program files (x86)/cypress/psoc creator/4.1/psoc creator/import/gnu/arm/5.4.1/bin/../lib/gcc/arm-none-eabi/5.4.1/../../../../arm-none-eabi/lib/armv7-m\libg_nano.a(lib_a-gdtoa-hexnan.o)
 .debug_frame   0x000030e4       0x98 c:/program files (x86)/cypress/psoc creator/4.1/psoc creator/import/gnu/arm/5.4.1/bin/../lib/gcc/arm-none-eabi/5.4.1/../../../../arm-none-eabi/lib/armv7-m\libg_nano.a(lib_a-locale.o)
 .debug_frame   0x0000317c      0x234 c:/program files (x86)/cypress/psoc creator/4.1/psoc creator/import/gnu/arm/5.4.1/bin/../lib/gcc/arm-none-eabi/5.4.1/../../../../arm-none-eabi/lib/armv7-m\libg_nano.a(lib_a-mprec.o)
 .debug_frame   0x000033b0       0x2c c:/program files (x86)/cypress/psoc creator/4.1/psoc creator/import/gnu/arm/5.4.1/bin/../lib/gcc/arm-none-eabi/5.4.1/../../../../arm-none-eabi/lib/armv7-m\libg_nano.a(lib_a-nano-callocr.o)
 .debug_frame   0x000033dc       0x2c c:/program files (x86)/cypress/psoc creator/4.1/psoc creator/import/gnu/arm/5.4.1/bin/../lib/gcc/arm-none-eabi/5.4.1/../../../../arm-none-eabi/lib/armv7-m\libg_nano.a(lib_a-nano-mallocr.o)
 .debug_frame   0x00003408       0x90 c:/program files (x86)/cypress/psoc creator/4.1/psoc creator/import/gnu/arm/5.4.1/bin/../lib/gcc/arm-none-eabi/5.4.1/../../../../arm-none-eabi/lib/armv7-m\libg_nano.a(lib_a-nano-svfprintf.o)
 .debug_frame   0x00003498       0x60 c:/program files (x86)/cypress/psoc creator/4.1/psoc creator/import/gnu/arm/5.4.1/bin/../lib/gcc/arm-none-eabi/5.4.1/../../../../arm-none-eabi/lib/armv7-m\libg_nano.a(lib_a-nano-vfprintf_i.o)
 .debug_frame   0x000034f8       0x2c c:/program files (x86)/cypress/psoc creator/4.1/psoc creator/import/gnu/arm/5.4.1/bin/../lib/gcc/arm-none-eabi/5.4.1/../../../../arm-none-eabi/lib/armv7-m\libg_nano.a(lib_a-sbrkr.o)
 .debug_frame   0x00003524       0x20 c:/program files (x86)/cypress/psoc creator/4.1/psoc creator/import/gnu/arm/5.4.1/bin/../lib/gcc/arm-none-eabi/5.4.1/../../../../arm-none-eabi/lib/armv7-m\libg_nano.a(lib_a-sf_nan.o)
 .debug_frame   0x00003544       0x20 c:/program files (x86)/cypress/psoc creator/4.1/psoc creator/import/gnu/arm/5.4.1/bin/../lib/gcc/arm-none-eabi/5.4.1/../../../../arm-none-eabi/lib/armv7-m\libg_nano.a(lib_a-strcmp.o)
 .debug_frame   0x00003564       0x2c c:/program files (x86)/cypress/psoc creator/4.1/psoc creator/import/gnu/arm/5.4.1/bin/../lib/gcc/arm-none-eabi/5.4.1/../../../../arm-none-eabi/lib/armv7-m\libg_nano.a(lib_a-strncmp.o)
 .debug_frame   0x00003590       0x30 c:/program files (x86)/cypress/psoc creator/4.1/psoc creator/import/gnu/arm/5.4.1/bin/../lib/gcc/arm-none-eabi/5.4.1/../../../../arm-none-eabi/lib/armv7-m\libg_nano.a(lib_a-malloc.o)
 .debug_frame   0x000035c0       0x28 c:/program files (x86)/cypress/psoc creator/4.1/psoc creator/import/gnu/arm/5.4.1/bin/../lib/gcc/arm-none-eabi/5.4.1/../../../../arm-none-eabi/lib/armv7-m\libg_nano.a(lib_a-memchr-stub.o)
 .debug_frame   0x000035e8       0x28 c:/program files (x86)/cypress/psoc creator/4.1/psoc creator/import/gnu/arm/5.4.1/bin/../lib/gcc/arm-none-eabi/5.4.1/../../../../arm-none-eabi/lib/armv7-m\libg_nano.a(lib_a-memmove.o)
 .debug_frame   0x00003610       0x30 c:/program files (x86)/cypress/psoc creator/4.1/psoc creator/import/gnu/arm/5.4.1/bin/../lib/gcc/arm-none-eabi/5.4.1/../../../../arm-none-eabi/lib/armv7-m\libg_nano.a(lib_a-mlock.o)
 .debug_frame   0x00003640       0x38 c:/program files (x86)/cypress/psoc creator/4.1/psoc creator/import/gnu/arm/5.4.1/bin/../lib/gcc/arm-none-eabi/5.4.1/../../../../arm-none-eabi/lib/armv7-m\libg_nano.a(lib_a-nano-freer.o)
 .debug_frame   0x00003678       0x3c c:/program files (x86)/cypress/psoc creator/4.1/psoc creator/import/gnu/arm/5.4.1/bin/../lib/gcc/arm-none-eabi/5.4.1/../../../../arm-none-eabi/lib/armv7-m\libg_nano.a(lib_a-nano-reallocr.o)
 .debug_frame   0x000036b4       0x5c c:/program files (x86)/cypress/psoc creator/4.1/psoc creator/import/gnu/arm/5.4.1/bin/../lib/gcc/arm-none-eabi/5.4.1/../../../../arm-none-eabi/lib/armv7-m\libg_nano.a(lib_a-reent.o)
 .debug_frame   0x00003710       0x20 c:/program files (x86)/cypress/psoc creator/4.1/psoc creator/import/gnu/arm/5.4.1/bin/../lib/gcc/arm-none-eabi/5.4.1/../../../../arm-none-eabi/lib/armv7-m\libg_nano.a(lib_a-nano-msizer.o)

.debug_str      0x00000000     0x394e
 *(.debug_str)
 .debug_str     0x00000000      0x2c4 .\CortexM3\ARM_GCC_541\Debug\main.o
                                0x30c (size before relaxing)
 .debug_str     0x000002c4      0x201 .\CortexM3\ARM_GCC_541\Debug\Madgwick.o
                                0x344 (size before relaxing)
 .debug_str     0x000004c5      0x23c .\CortexM3\ARM_GCC_541\Debug\gyroscope.o
                                0x487 (size before relaxing)
 .debug_str     0x00000701      0x205 .\CortexM3\ARM_GCC_541\Debug\SensorVal.o
                                0x424 (size before relaxing)
 .debug_str     0x00000906      0x3aa .\CortexM3\ARM_GCC_541\Debug\accel_mag.o
                                0x8d2 (size before relaxing)
 .debug_str     0x00000cb0       0xba .\CortexM3\ARM_GCC_541\Debug\twi.o
                                0x2db (size before relaxing)
 .debug_str     0x00000d6a      0x278 .\CortexM3\ARM_GCC_541\Debug\barometer.o
                                0x5f4 (size before relaxing)
 .debug_str     0x00000fe2      0x32a .\CortexM3\ARM_GCC_541\Debug\gps.o
                                0x60d (size before relaxing)
 .debug_str     0x0000130c       0x9f .\CortexM3\ARM_GCC_541\Debug\debSerial.o
                                0x2f2 (size before relaxing)
 .debug_str     0x000013ab       0x4d .\CortexM3\ARM_GCC_541\Debug\millis.o
                                0x225 (size before relaxing)
 .debug_str     0x000013f8      0x19e .\CortexM3\ARM_GCC_541\Debug\cyfitter_cfg.o
                                0x361 (size before relaxing)
 .debug_str     0x00001596       0x75 .\CortexM3\ARM_GCC_541\Debug\cymetadata.o
                                0x201 (size before relaxing)
 .debug_str     0x0000160b      0x13f .\CortexM3\ARM_GCC_541\Debug\Cm3Start.o
                                0x327 (size before relaxing)
 .debug_str     0x0000174a      0x376 .\CortexM3\ARM_GCC_541\Debug\SensorFusion.a(xbeeSerial.o)
                                0x54c (size before relaxing)
 .debug_str     0x00001ac0      0x272 .\CortexM3\ARM_GCC_541\Debug\SensorFusion.a(gpsSerial.o)
                                0x52d (size before relaxing)
 .debug_str     0x00001d32      0x2b0 .\CortexM3\ARM_GCC_541\Debug\SensorFusion.a(debugSerial.o)
                                0x56b (size before relaxing)
 .debug_str     0x00001fe2      0x1bc .\CortexM3\ARM_GCC_541\Debug\SensorFusion.a(deltaTimer.o)
                                0x3b2 (size before relaxing)
 .debug_str     0x0000219e      0x117 .\CortexM3\ARM_GCC_541\Debug\SensorFusion.a(deltTime.o)
                                0x2ed (size before relaxing)
 .debug_str     0x000022b5      0x102 .\CortexM3\ARM_GCC_541\Debug\SensorFusion.a(I2C.o)
                                0x2fe (size before relaxing)
 .debug_str     0x000023b7       0x86 .\CortexM3\ARM_GCC_541\Debug\SensorFusion.a(I2C_INT.o)
                                0x27c (size before relaxing)
 .debug_str     0x0000243d       0x56 .\CortexM3\ARM_GCC_541\Debug\SensorFusion.a(I2C_PM.o)
                                0x29a (size before relaxing)
 .debug_str     0x00002493      0x101 .\CortexM3\ARM_GCC_541\Debug\SensorFusion.a(I2C_MASTER.o)
                                0x3c1 (size before relaxing)
 .debug_str     0x00002594      0x1bf .\CortexM3\ARM_GCC_541\Debug\SensorFusion.a(xbeeSerial_IntClock.o)
                                0x39b (size before relaxing)
 .debug_str     0x00002753      0x16a .\CortexM3\ARM_GCC_541\Debug\SensorFusion.a(gpsSerial_IntClock.o)
                                0x38f (size before relaxing)
 .debug_str     0x000028bd      0x17e .\CortexM3\ARM_GCC_541\Debug\SensorFusion.a(debugSerial_IntClock.o)
                                0x3a7 (size before relaxing)
 .debug_str     0x00002a3b      0x7fa .\CortexM3\ARM_GCC_541\Debug\SensorFusion.a(CyLib.o)
                                0xaad (size before relaxing)
 .debug_str     0x00003235      0x365 .\CortexM3\ARM_GCC_541\Debug\SensorFusion.a(cyPm.o)
                                0x750 (size before relaxing)
 .debug_str     0x0000359a      0x173 .\CortexM3\ARM_GCC_541\Debug\SensorFusion.a(CyScBoostClk.o)
                                0x38c (size before relaxing)
 .debug_str     0x0000370d      0x195 .\CortexM3\ARM_GCC_541\Debug\SensorFusion.a(CyFlash.o)
                                0x3be (size before relaxing)
 .debug_str     0x000038a2       0xac .\CortexM3\ARM_GCC_541\Debug\SensorFusion.a(CySpc.o)
                                0x347 (size before relaxing)

.debug_loc      0x00000000     0x494c
 *(.debug_loc)
 .debug_loc     0x00000000      0xd43 .\CortexM3\ARM_GCC_541\Debug\Madgwick.o
 .debug_loc     0x00000d43      0x1e4 .\CortexM3\ARM_GCC_541\Debug\gyroscope.o
 .debug_loc     0x00000f27      0x2d1 .\CortexM3\ARM_GCC_541\Debug\accel_mag.o
 .debug_loc     0x000011f8      0x2ad .\CortexM3\ARM_GCC_541\Debug\twi.o
 .debug_loc     0x000014a5      0x345 .\CortexM3\ARM_GCC_541\Debug\barometer.o
 .debug_loc     0x000017ea      0x4ee .\CortexM3\ARM_GCC_541\Debug\gps.o
 .debug_loc     0x00001cd8      0x15c .\CortexM3\ARM_GCC_541\Debug\debSerial.o
 .debug_loc     0x00001e34      0x288 .\CortexM3\ARM_GCC_541\Debug\cyfitter_cfg.o
 .debug_loc     0x000020bc      0x144 .\CortexM3\ARM_GCC_541\Debug\Cm3Start.o
 .debug_loc     0x00002200      0x258 .\CortexM3\ARM_GCC_541\Debug\SensorFusion.a(xbeeSerial.o)
 .debug_loc     0x00002458      0x258 .\CortexM3\ARM_GCC_541\Debug\SensorFusion.a(gpsSerial.o)
 .debug_loc     0x000026b0      0x258 .\CortexM3\ARM_GCC_541\Debug\SensorFusion.a(debugSerial.o)
 .debug_loc     0x00002908       0x13 .\CortexM3\ARM_GCC_541\Debug\SensorFusion.a(deltaTimer.o)
 .debug_loc     0x0000291b       0x56 .\CortexM3\ARM_GCC_541\Debug\SensorFusion.a(deltTime.o)
 .debug_loc     0x00002971       0x39 .\CortexM3\ARM_GCC_541\Debug\SensorFusion.a(I2C.o)
 .debug_loc     0x000029aa       0x29 .\CortexM3\ARM_GCC_541\Debug\SensorFusion.a(I2C_INT.o)
 .debug_loc     0x000029d3       0x13 .\CortexM3\ARM_GCC_541\Debug\SensorFusion.a(I2C_PM.o)
 .debug_loc     0x000029e6      0x52f .\CortexM3\ARM_GCC_541\Debug\SensorFusion.a(I2C_MASTER.o)
 .debug_loc     0x00002f15      0x12c .\CortexM3\ARM_GCC_541\Debug\SensorFusion.a(xbeeSerial_IntClock.o)
 .debug_loc     0x00003041      0x128 .\CortexM3\ARM_GCC_541\Debug\SensorFusion.a(gpsSerial_IntClock.o)
 .debug_loc     0x00003169      0x128 .\CortexM3\ARM_GCC_541\Debug\SensorFusion.a(debugSerial_IntClock.o)
 .debug_loc     0x00003291      0xa4b .\CortexM3\ARM_GCC_541\Debug\SensorFusion.a(CyLib.o)
 .debug_loc     0x00003cdc      0x1e4 .\CortexM3\ARM_GCC_541\Debug\SensorFusion.a(cyPm.o)
 .debug_loc     0x00003ec0      0x14d .\CortexM3\ARM_GCC_541\Debug\SensorFusion.a(CyScBoostClk.o)
 .debug_loc     0x0000400d      0x2f2 .\CortexM3\ARM_GCC_541\Debug\SensorFusion.a(CyFlash.o)
 .debug_loc     0x000042ff      0x64d .\CortexM3\ARM_GCC_541\Debug\SensorFusion.a(CySpc.o)

.debug_macinfo
 *(.debug_macinfo)

.debug_ranges   0x00000000      0xe38
 *(.debug_ranges)
 .debug_ranges  0x00000000       0x28 .\CortexM3\ARM_GCC_541\Debug\main.o
 .debug_ranges  0x00000028       0x70 .\CortexM3\ARM_GCC_541\Debug\Madgwick.o
 .debug_ranges  0x00000098       0x50 .\CortexM3\ARM_GCC_541\Debug\gyroscope.o
 .debug_ranges  0x000000e8       0x78 .\CortexM3\ARM_GCC_541\Debug\accel_mag.o
 .debug_ranges  0x00000160       0x38 .\CortexM3\ARM_GCC_541\Debug\twi.o
 .debug_ranges  0x00000198       0xc8 .\CortexM3\ARM_GCC_541\Debug\barometer.o
 .debug_ranges  0x00000260       0xf0 .\CortexM3\ARM_GCC_541\Debug\gps.o
 .debug_ranges  0x00000350       0x60 .\CortexM3\ARM_GCC_541\Debug\debSerial.o
 .debug_ranges  0x000003b0       0x20 .\CortexM3\ARM_GCC_541\Debug\millis.o
 .debug_ranges  0x000003d0       0x48 .\CortexM3\ARM_GCC_541\Debug\cyfitter_cfg.o
 .debug_ranges  0x00000418       0x38 .\CortexM3\ARM_GCC_541\Debug\Cm3Start.o
 .debug_ranges  0x00000450       0xe0 .\CortexM3\ARM_GCC_541\Debug\SensorFusion.a(xbeeSerial.o)
 .debug_ranges  0x00000530       0xe0 .\CortexM3\ARM_GCC_541\Debug\SensorFusion.a(gpsSerial.o)
 .debug_ranges  0x00000610       0xe0 .\CortexM3\ARM_GCC_541\Debug\SensorFusion.a(debugSerial.o)
 .debug_ranges  0x000006f0       0x80 .\CortexM3\ARM_GCC_541\Debug\SensorFusion.a(deltaTimer.o)
 .debug_ranges  0x00000770       0x70 .\CortexM3\ARM_GCC_541\Debug\SensorFusion.a(deltTime.o)
 .debug_ranges  0x000007e0       0x28 .\CortexM3\ARM_GCC_541\Debug\SensorFusion.a(I2C.o)
 .debug_ranges  0x00000808       0x10 .\CortexM3\ARM_GCC_541\Debug\SensorFusion.a(I2C_INT.o)
 .debug_ranges  0x00000818       0x28 .\CortexM3\ARM_GCC_541\Debug\SensorFusion.a(I2C_PM.o)
 .debug_ranges  0x00000840       0x70 .\CortexM3\ARM_GCC_541\Debug\SensorFusion.a(I2C_MASTER.o)
 .debug_ranges  0x000008b0       0x60 .\CortexM3\ARM_GCC_541\Debug\SensorFusion.a(xbeeSerial_IntClock.o)
 .debug_ranges  0x00000910       0x60 .\CortexM3\ARM_GCC_541\Debug\SensorFusion.a(gpsSerial_IntClock.o)
 .debug_ranges  0x00000970       0x60 .\CortexM3\ARM_GCC_541\Debug\SensorFusion.a(debugSerial_IntClock.o)
 .debug_ranges  0x000009d0      0x298 .\CortexM3\ARM_GCC_541\Debug\SensorFusion.a(CyLib.o)
 .debug_ranges  0x00000c68       0x88 .\CortexM3\ARM_GCC_541\Debug\SensorFusion.a(cyPm.o)
 .debug_ranges  0x00000cf0       0x70 .\CortexM3\ARM_GCC_541\Debug\SensorFusion.a(CyScBoostClk.o)
 .debug_ranges  0x00000d60       0x70 .\CortexM3\ARM_GCC_541\Debug\SensorFusion.a(CyFlash.o)
 .debug_ranges  0x00000dd0       0x68 .\CortexM3\ARM_GCC_541\Debug\SensorFusion.a(CySpc.o)

.comment        0x00000000       0x6e
 .comment       0x00000000       0x6e .\CortexM3\ARM_GCC_541\Debug\main.o
                                 0x6f (size before relaxing)
 .comment       0x0000006e       0x6f .\CortexM3\ARM_GCC_541\Debug\Madgwick.o
 .comment       0x0000006e       0x6f .\CortexM3\ARM_GCC_541\Debug\gyroscope.o
 .comment       0x0000006e       0x6f .\CortexM3\ARM_GCC_541\Debug\SensorVal.o
 .comment       0x0000006e       0x6f .\CortexM3\ARM_GCC_541\Debug\accel_mag.o
 .comment       0x0000006e       0x6f .\CortexM3\ARM_GCC_541\Debug\twi.o
 .comment       0x0000006e       0x6f .\CortexM3\ARM_GCC_541\Debug\barometer.o
 .comment       0x0000006e       0x6f .\CortexM3\ARM_GCC_541\Debug\gps.o
 .comment       0x0000006e       0x6f .\CortexM3\ARM_GCC_541\Debug\debSerial.o
 .comment       0x0000006e       0x6f .\CortexM3\ARM_GCC_541\Debug\millis.o
 .comment       0x0000006e       0x6f .\CortexM3\ARM_GCC_541\Debug\cyfitter_cfg.o
 .comment       0x0000006e       0x6f .\CortexM3\ARM_GCC_541\Debug\cymetadata.o
 .comment       0x0000006e       0x6f .\CortexM3\ARM_GCC_541\Debug\Cm3Start.o
 .comment       0x0000006e       0x6f .\CortexM3\ARM_GCC_541\Debug\SensorFusion.a(xbeeSerial.o)
 .comment       0x0000006e       0x6f .\CortexM3\ARM_GCC_541\Debug\SensorFusion.a(gpsSerial.o)
 .comment       0x0000006e       0x6f .\CortexM3\ARM_GCC_541\Debug\SensorFusion.a(debugSerial.o)
 .comment       0x0000006e       0x6f .\CortexM3\ARM_GCC_541\Debug\SensorFusion.a(deltaTimer.o)
 .comment       0x0000006e       0x6f .\CortexM3\ARM_GCC_541\Debug\SensorFusion.a(deltTime.o)
 .comment       0x0000006e       0x6f .\CortexM3\ARM_GCC_541\Debug\SensorFusion.a(I2C.o)
 .comment       0x0000006e       0x6f .\CortexM3\ARM_GCC_541\Debug\SensorFusion.a(I2C_INT.o)
 .comment       0x0000006e       0x6f .\CortexM3\ARM_GCC_541\Debug\SensorFusion.a(I2C_PM.o)
 .comment       0x0000006e       0x6f .\CortexM3\ARM_GCC_541\Debug\SensorFusion.a(I2C_MASTER.o)
 .comment       0x0000006e       0x6f .\CortexM3\ARM_GCC_541\Debug\SensorFusion.a(xbeeSerial_IntClock.o)
 .comment       0x0000006e       0x6f .\CortexM3\ARM_GCC_541\Debug\SensorFusion.a(gpsSerial_IntClock.o)
 .comment       0x0000006e       0x6f .\CortexM3\ARM_GCC_541\Debug\SensorFusion.a(debugSerial_IntClock.o)
 .comment       0x0000006e       0x6f .\CortexM3\ARM_GCC_541\Debug\SensorFusion.a(CyLib.o)
 .comment       0x0000006e       0x6f .\CortexM3\ARM_GCC_541\Debug\SensorFusion.a(cyPm.o)
 .comment       0x0000006e       0x6f .\CortexM3\ARM_GCC_541\Debug\SensorFusion.a(CyScBoostClk.o)
 .comment       0x0000006e       0x6f .\CortexM3\ARM_GCC_541\Debug\SensorFusion.a(CyFlash.o)
 .comment       0x0000006e       0x6f .\CortexM3\ARM_GCC_541\Debug\SensorFusion.a(CySpc.o)

.debug_weaknames
 *(.debug_weaknames)

.debug_funcnames
 *(.debug_funcnames)

.debug_typenames
 *(.debug_typenames)

.debug_varnames
 *(.debug_varnames)

.note.gnu.arm.ident
 *(.note.gnu.arm.ident)

.ARM.attributes
                0x00000000       0x29
 *(.ARM.attributes)
 .ARM.attributes
                0x00000000       0x1d c:/program files (x86)/cypress/psoc creator/4.1/psoc creator/import/gnu/arm/5.4.1/bin/../lib/gcc/arm-none-eabi/5.4.1/armv7-m/crti.o
 .ARM.attributes
                0x0000001d       0x2d c:/program files (x86)/cypress/psoc creator/4.1/psoc creator/import/gnu/arm/5.4.1/bin/../lib/gcc/arm-none-eabi/5.4.1/armv7-m/crtbegin.o
 .ARM.attributes
                0x0000004a       0x1b c:/program files (x86)/cypress/psoc creator/4.1/psoc creator/import/gnu/arm/5.4.1/bin/../lib/gcc/arm-none-eabi/5.4.1/../../../../arm-none-eabi/lib/armv7-m/crt0.o
 .ARM.attributes
                0x00000065       0x33 .\CortexM3\ARM_GCC_541\Debug\main.o
 .ARM.attributes
                0x00000098       0x33 .\CortexM3\ARM_GCC_541\Debug\Madgwick.o
 .ARM.attributes
                0x000000cb       0x33 .\CortexM3\ARM_GCC_541\Debug\gyroscope.o
 .ARM.attributes
                0x000000fe       0x33 .\CortexM3\ARM_GCC_541\Debug\SensorVal.o
 .ARM.attributes
                0x00000131       0x33 .\CortexM3\ARM_GCC_541\Debug\accel_mag.o
 .ARM.attributes
                0x00000164       0x33 .\CortexM3\ARM_GCC_541\Debug\twi.o
 .ARM.attributes
                0x00000197       0x33 .\CortexM3\ARM_GCC_541\Debug\barometer.o
 .ARM.attributes
                0x000001ca       0x33 .\CortexM3\ARM_GCC_541\Debug\gps.o
 .ARM.attributes
                0x000001fd       0x33 .\CortexM3\ARM_GCC_541\Debug\debSerial.o
 .ARM.attributes
                0x00000230       0x33 .\CortexM3\ARM_GCC_541\Debug\millis.o
 .ARM.attributes
                0x00000263       0x33 .\CortexM3\ARM_GCC_541\Debug\cyfitter_cfg.o
 .ARM.attributes
                0x00000296       0x33 .\CortexM3\ARM_GCC_541\Debug\cymetadata.o
 .ARM.attributes
                0x000002c9       0x33 .\CortexM3\ARM_GCC_541\Debug\Cm3Start.o
 .ARM.attributes
                0x000002fc       0x33 .\CortexM3\ARM_GCC_541\Debug\SensorFusion.a(xbeeSerial.o)
 .ARM.attributes
                0x0000032f       0x33 .\CortexM3\ARM_GCC_541\Debug\SensorFusion.a(gpsSerial.o)
 .ARM.attributes
                0x00000362       0x33 .\CortexM3\ARM_GCC_541\Debug\SensorFusion.a(debugSerial.o)
 .ARM.attributes
                0x00000395       0x33 .\CortexM3\ARM_GCC_541\Debug\SensorFusion.a(deltaTimer.o)
 .ARM.attributes
                0x000003c8       0x33 .\CortexM3\ARM_GCC_541\Debug\SensorFusion.a(deltTime.o)
 .ARM.attributes
                0x000003fb       0x33 .\CortexM3\ARM_GCC_541\Debug\SensorFusion.a(I2C.o)
 .ARM.attributes
                0x0000042e       0x33 .\CortexM3\ARM_GCC_541\Debug\SensorFusion.a(I2C_INT.o)
 .ARM.attributes
                0x00000461       0x33 .\CortexM3\ARM_GCC_541\Debug\SensorFusion.a(I2C_PM.o)
 .ARM.attributes
                0x00000494       0x33 .\CortexM3\ARM_GCC_541\Debug\SensorFusion.a(I2C_MASTER.o)
 .ARM.attributes
                0x000004c7       0x33 .\CortexM3\ARM_GCC_541\Debug\SensorFusion.a(xbeeSerial_IntClock.o)
 .ARM.attributes
                0x000004fa       0x33 .\CortexM3\ARM_GCC_541\Debug\SensorFusion.a(gpsSerial_IntClock.o)
 .ARM.attributes
                0x0000052d       0x33 .\CortexM3\ARM_GCC_541\Debug\SensorFusion.a(debugSerial_IntClock.o)
 .ARM.attributes
                0x00000560       0x33 .\CortexM3\ARM_GCC_541\Debug\SensorFusion.a(CyLib.o)
 .ARM.attributes
                0x00000593       0x33 .\CortexM3\ARM_GCC_541\Debug\SensorFusion.a(cyPm.o)
 .ARM.attributes
                0x000005c6       0x21 .\CortexM3\ARM_GCC_541\Debug\SensorFusion.a(CyBootAsmGnu.o)
 .ARM.attributes
                0x000005e7       0x33 .\CortexM3\ARM_GCC_541\Debug\SensorFusion.a(CyScBoostClk.o)
 .ARM.attributes
                0x0000061a       0x33 .\CortexM3\ARM_GCC_541\Debug\SensorFusion.a(CyFlash.o)
 .ARM.attributes
                0x0000064d       0x33 .\CortexM3\ARM_GCC_541\Debug\SensorFusion.a(CySpc.o)
 .ARM.attributes
                0x00000680       0x2d c:/program files (x86)/cypress/psoc creator/4.1/psoc creator/import/gnu/arm/5.4.1/bin/../lib/gcc/arm-none-eabi/5.4.1/../../../../arm-none-eabi/lib/armv7-m\libm.a(lib_a-w_fmod.o)
 .ARM.attributes
                0x000006ad       0x2d c:/program files (x86)/cypress/psoc creator/4.1/psoc creator/import/gnu/arm/5.4.1/bin/../lib/gcc/arm-none-eabi/5.4.1/../../../../arm-none-eabi/lib/armv7-m\libm.a(lib_a-w_pow.o)
 .ARM.attributes
                0x000006da       0x2d c:/program files (x86)/cypress/psoc creator/4.1/psoc creator/import/gnu/arm/5.4.1/bin/../lib/gcc/arm-none-eabi/5.4.1/../../../../arm-none-eabi/lib/armv7-m\libm.a(lib_a-wf_asin.o)
 .ARM.attributes
                0x00000707       0x2d c:/program files (x86)/cypress/psoc creator/4.1/psoc creator/import/gnu/arm/5.4.1/bin/../lib/gcc/arm-none-eabi/5.4.1/../../../../arm-none-eabi/lib/armv7-m\libm.a(lib_a-wf_atan2.o)
 .ARM.attributes
                0x00000734       0x2d c:/program files (x86)/cypress/psoc creator/4.1/psoc creator/import/gnu/arm/5.4.1/bin/../lib/gcc/arm-none-eabi/5.4.1/../../../../arm-none-eabi/lib/armv7-m\libm.a(lib_a-wf_sqrt.o)
 .ARM.attributes
                0x00000761       0x2d c:/program files (x86)/cypress/psoc creator/4.1/psoc creator/import/gnu/arm/5.4.1/bin/../lib/gcc/arm-none-eabi/5.4.1/../../../../arm-none-eabi/lib/armv7-m\libm.a(lib_a-e_fmod.o)
 .ARM.attributes
                0x0000078e       0x2d c:/program files (x86)/cypress/psoc creator/4.1/psoc creator/import/gnu/arm/5.4.1/bin/../lib/gcc/arm-none-eabi/5.4.1/../../../../arm-none-eabi/lib/armv7-m\libm.a(lib_a-e_pow.o)
 .ARM.attributes
                0x000007bb       0x2d c:/program files (x86)/cypress/psoc creator/4.1/psoc creator/import/gnu/arm/5.4.1/bin/../lib/gcc/arm-none-eabi/5.4.1/../../../../arm-none-eabi/lib/armv7-m\libm.a(lib_a-e_sqrt.o)
 .ARM.attributes
                0x000007e8       0x2d c:/program files (x86)/cypress/psoc creator/4.1/psoc creator/import/gnu/arm/5.4.1/bin/../lib/gcc/arm-none-eabi/5.4.1/../../../../arm-none-eabi/lib/armv7-m\libm.a(lib_a-ef_asin.o)
 .ARM.attributes
                0x00000815       0x2d c:/program files (x86)/cypress/psoc creator/4.1/psoc creator/import/gnu/arm/5.4.1/bin/../lib/gcc/arm-none-eabi/5.4.1/../../../../arm-none-eabi/lib/armv7-m\libm.a(lib_a-ef_atan2.o)
 .ARM.attributes
                0x00000842       0x2d c:/program files (x86)/cypress/psoc creator/4.1/psoc creator/import/gnu/arm/5.4.1/bin/../lib/gcc/arm-none-eabi/5.4.1/../../../../arm-none-eabi/lib/armv7-m\libm.a(lib_a-ef_sqrt.o)
 .ARM.attributes
                0x0000086f       0x2d c:/program files (x86)/cypress/psoc creator/4.1/psoc creator/import/gnu/arm/5.4.1/bin/../lib/gcc/arm-none-eabi/5.4.1/../../../../arm-none-eabi/lib/armv7-m\libm.a(lib_a-s_fabs.o)
 .ARM.attributes
                0x0000089c       0x2d c:/program files (x86)/cypress/psoc creator/4.1/psoc creator/import/gnu/arm/5.4.1/bin/../lib/gcc/arm-none-eabi/5.4.1/../../../../arm-none-eabi/lib/armv7-m\libm.a(lib_a-s_finite.o)
 .ARM.attributes
                0x000008c9       0x2d c:/program files (x86)/cypress/psoc creator/4.1/psoc creator/import/gnu/arm/5.4.1/bin/../lib/gcc/arm-none-eabi/5.4.1/../../../../arm-none-eabi/lib/armv7-m\libm.a(lib_a-s_lib_ver.o)
 .ARM.attributes
                0x000008f6       0x2d c:/program files (x86)/cypress/psoc creator/4.1/psoc creator/import/gnu/arm/5.4.1/bin/../lib/gcc/arm-none-eabi/5.4.1/../../../../arm-none-eabi/lib/armv7-m\libm.a(lib_a-s_matherr.o)
 .ARM.attributes
                0x00000923       0x2d c:/program files (x86)/cypress/psoc creator/4.1/psoc creator/import/gnu/arm/5.4.1/bin/../lib/gcc/arm-none-eabi/5.4.1/../../../../arm-none-eabi/lib/armv7-m\libm.a(lib_a-s_nan.o)
 .ARM.attributes
                0x00000950       0x2d c:/program files (x86)/cypress/psoc creator/4.1/psoc creator/import/gnu/arm/5.4.1/bin/../lib/gcc/arm-none-eabi/5.4.1/../../../../arm-none-eabi/lib/armv7-m\libm.a(lib_a-s_rint.o)
 .ARM.attributes
                0x0000097d       0x2d c:/program files (x86)/cypress/psoc creator/4.1/psoc creator/import/gnu/arm/5.4.1/bin/../lib/gcc/arm-none-eabi/5.4.1/../../../../arm-none-eabi/lib/armv7-m\libm.a(lib_a-s_scalbn.o)
 .ARM.attributes
                0x000009aa       0x2d c:/program files (x86)/cypress/psoc creator/4.1/psoc creator/import/gnu/arm/5.4.1/bin/../lib/gcc/arm-none-eabi/5.4.1/../../../../arm-none-eabi/lib/armv7-m\libm.a(lib_a-sf_atan.o)
 .ARM.attributes
                0x000009d7       0x2d c:/program files (x86)/cypress/psoc creator/4.1/psoc creator/import/gnu/arm/5.4.1/bin/../lib/gcc/arm-none-eabi/5.4.1/../../../../arm-none-eabi/lib/armv7-m\libm.a(lib_a-sf_fabs.o)
 .ARM.attributes
                0x00000a04       0x2d c:/program files (x86)/cypress/psoc creator/4.1/psoc creator/import/gnu/arm/5.4.1/bin/../lib/gcc/arm-none-eabi/5.4.1/../../../../arm-none-eabi/lib/armv7-m\libm.a(lib_a-s_copysign.o)
 .ARM.attributes
                0x00000a31       0x1d c:/program files (x86)/cypress/psoc creator/4.1/psoc creator/import/gnu/arm/5.4.1/bin/../lib/gcc/arm-none-eabi/5.4.1/armv7-m\libgcc.a(_arm_addsubdf3.o)
 .ARM.attributes
                0x00000a4e       0x1d c:/program files (x86)/cypress/psoc creator/4.1/psoc creator/import/gnu/arm/5.4.1/bin/../lib/gcc/arm-none-eabi/5.4.1/armv7-m\libgcc.a(_arm_muldivdf3.o)
 .ARM.attributes
                0x00000a6b       0x1d c:/program files (x86)/cypress/psoc creator/4.1/psoc creator/import/gnu/arm/5.4.1/bin/../lib/gcc/arm-none-eabi/5.4.1/armv7-m\libgcc.a(_arm_cmpdf2.o)
 .ARM.attributes
                0x00000a88       0x1d c:/program files (x86)/cypress/psoc creator/4.1/psoc creator/import/gnu/arm/5.4.1/bin/../lib/gcc/arm-none-eabi/5.4.1/armv7-m\libgcc.a(_arm_unorddf2.o)
 .ARM.attributes
                0x00000aa5       0x1d c:/program files (x86)/cypress/psoc creator/4.1/psoc creator/import/gnu/arm/5.4.1/bin/../lib/gcc/arm-none-eabi/5.4.1/armv7-m\libgcc.a(_arm_fixunsdfsi.o)
 .ARM.attributes
                0x00000ac2       0x1d c:/program files (x86)/cypress/psoc creator/4.1/psoc creator/import/gnu/arm/5.4.1/bin/../lib/gcc/arm-none-eabi/5.4.1/armv7-m\libgcc.a(_arm_truncdfsf2.o)
 .ARM.attributes
                0x00000adf       0x1d c:/program files (x86)/cypress/psoc creator/4.1/psoc creator/import/gnu/arm/5.4.1/bin/../lib/gcc/arm-none-eabi/5.4.1/armv7-m\libgcc.a(_arm_addsubsf3.o)
 .ARM.attributes
                0x00000afc       0x1d c:/program files (x86)/cypress/psoc creator/4.1/psoc creator/import/gnu/arm/5.4.1/bin/../lib/gcc/arm-none-eabi/5.4.1/armv7-m\libgcc.a(_arm_muldivsf3.o)
 .ARM.attributes
                0x00000b19       0x1d c:/program files (x86)/cypress/psoc creator/4.1/psoc creator/import/gnu/arm/5.4.1/bin/../lib/gcc/arm-none-eabi/5.4.1/armv7-m\libgcc.a(_arm_cmpsf2.o)
 .ARM.attributes
                0x00000b36       0x1d c:/program files (x86)/cypress/psoc creator/4.1/psoc creator/import/gnu/arm/5.4.1/bin/../lib/gcc/arm-none-eabi/5.4.1/armv7-m\libgcc.a(_arm_unordsf2.o)
 .ARM.attributes
                0x00000b53       0x1d c:/program files (x86)/cypress/psoc creator/4.1/psoc creator/import/gnu/arm/5.4.1/bin/../lib/gcc/arm-none-eabi/5.4.1/armv7-m\libgcc.a(_arm_fixsfsi.o)
 .ARM.attributes
                0x00000b70       0x1d c:/program files (x86)/cypress/psoc creator/4.1/psoc creator/import/gnu/arm/5.4.1/bin/../lib/gcc/arm-none-eabi/5.4.1/armv7-m\libgcc.a(_arm_fixunssfsi.o)
 .ARM.attributes
                0x00000b8d       0x2d c:/program files (x86)/cypress/psoc creator/4.1/psoc creator/import/gnu/arm/5.4.1/bin/../lib/gcc/arm-none-eabi/5.4.1/../../../../arm-none-eabi/lib/armv7-m\libg_nano.a(lib_a-atof.o)
 .ARM.attributes
                0x00000bba       0x2d c:/program files (x86)/cypress/psoc creator/4.1/psoc creator/import/gnu/arm/5.4.1/bin/../lib/gcc/arm-none-eabi/5.4.1/../../../../arm-none-eabi/lib/armv7-m\libg_nano.a(lib_a-atoi.o)
 .ARM.attributes
                0x00000be7       0x2d c:/program files (x86)/cypress/psoc creator/4.1/psoc creator/import/gnu/arm/5.4.1/bin/../lib/gcc/arm-none-eabi/5.4.1/../../../../arm-none-eabi/lib/armv7-m\libg_nano.a(lib_a-atol.o)
 .ARM.attributes
                0x00000c14       0x2d c:/program files (x86)/cypress/psoc creator/4.1/psoc creator/import/gnu/arm/5.4.1/bin/../lib/gcc/arm-none-eabi/5.4.1/../../../../arm-none-eabi/lib/armv7-m\libg_nano.a(lib_a-ctype_.o)
 .ARM.attributes
                0x00000c41       0x2d c:/program files (x86)/cypress/psoc creator/4.1/psoc creator/import/gnu/arm/5.4.1/bin/../lib/gcc/arm-none-eabi/5.4.1/../../../../arm-none-eabi/lib/armv7-m\libg_nano.a(lib_a-errno.o)
 .ARM.attributes
                0x00000c6e       0x2d c:/program files (x86)/cypress/psoc creator/4.1/psoc creator/import/gnu/arm/5.4.1/bin/../lib/gcc/arm-none-eabi/5.4.1/../../../../arm-none-eabi/lib/armv7-m\libg_nano.a(lib_a-exit.o)
 .ARM.attributes
                0x00000c9b       0x2d c:/program files (x86)/cypress/psoc creator/4.1/psoc creator/import/gnu/arm/5.4.1/bin/../lib/gcc/arm-none-eabi/5.4.1/../../../../arm-none-eabi/lib/armv7-m\libg_nano.a(lib_a-impure.o)
 .ARM.attributes
                0x00000cc8       0x2d c:/program files (x86)/cypress/psoc creator/4.1/psoc creator/import/gnu/arm/5.4.1/bin/../lib/gcc/arm-none-eabi/5.4.1/../../../../arm-none-eabi/lib/armv7-m\libg_nano.a(lib_a-init.o)
 .ARM.attributes
                0x00000cf5       0x2d c:/program files (x86)/cypress/psoc creator/4.1/psoc creator/import/gnu/arm/5.4.1/bin/../lib/gcc/arm-none-eabi/5.4.1/../../../../arm-none-eabi/lib/armv7-m\libg_nano.a(lib_a-itoa.o)
 .ARM.attributes
                0x00000d22       0x2d c:/program files (x86)/cypress/psoc creator/4.1/psoc creator/import/gnu/arm/5.4.1/bin/../lib/gcc/arm-none-eabi/5.4.1/../../../../arm-none-eabi/lib/armv7-m\libg_nano.a(lib_a-memcpy-stub.o)
 .ARM.attributes
                0x00000d4f       0x2d c:/program files (x86)/cypress/psoc creator/4.1/psoc creator/import/gnu/arm/5.4.1/bin/../lib/gcc/arm-none-eabi/5.4.1/../../../../arm-none-eabi/lib/armv7-m\libg_nano.a(lib_a-memset.o)
 .ARM.attributes
                0x00000d7c       0x2d c:/program files (x86)/cypress/psoc creator/4.1/psoc creator/import/gnu/arm/5.4.1/bin/../lib/gcc/arm-none-eabi/5.4.1/../../../../arm-none-eabi/lib/armv7-m\libg_nano.a(lib_a-sprintf.o)
 .ARM.attributes
                0x00000da9       0x2d c:/program files (x86)/cypress/psoc creator/4.1/psoc creator/import/gnu/arm/5.4.1/bin/../lib/gcc/arm-none-eabi/5.4.1/../../../../arm-none-eabi/lib/armv7-m\libg_nano.a(lib_a-strchr.o)
 .ARM.attributes
                0x00000dd6       0x17 c:/program files (x86)/cypress/psoc creator/4.1/psoc creator/import/gnu/arm/5.4.1/bin/../lib/gcc/arm-none-eabi/5.4.1/../../../../arm-none-eabi/lib/armv7-m\libg_nano.a(lib_a-strlen.o)
 .ARM.attributes
                0x00000ded       0x2d c:/program files (x86)/cypress/psoc creator/4.1/psoc creator/import/gnu/arm/5.4.1/bin/../lib/gcc/arm-none-eabi/5.4.1/../../../../arm-none-eabi/lib/armv7-m\libg_nano.a(lib_a-strncpy.o)
 .ARM.attributes
                0x00000e1a       0x2d c:/program files (x86)/cypress/psoc creator/4.1/psoc creator/import/gnu/arm/5.4.1/bin/../lib/gcc/arm-none-eabi/5.4.1/../../../../arm-none-eabi/lib/armv7-m\libg_nano.a(lib_a-strstr.o)
 .ARM.attributes
                0x00000e47       0x2d c:/program files (x86)/cypress/psoc creator/4.1/psoc creator/import/gnu/arm/5.4.1/bin/../lib/gcc/arm-none-eabi/5.4.1/../../../../arm-none-eabi/lib/armv7-m\libg_nano.a(lib_a-strtod.o)
 .ARM.attributes
                0x00000e74       0x2d c:/program files (x86)/cypress/psoc creator/4.1/psoc creator/import/gnu/arm/5.4.1/bin/../lib/gcc/arm-none-eabi/5.4.1/../../../../arm-none-eabi/lib/armv7-m\libg_nano.a(lib_a-strtol.o)
 .ARM.attributes
                0x00000ea1       0x2d c:/program files (x86)/cypress/psoc creator/4.1/psoc creator/import/gnu/arm/5.4.1/bin/../lib/gcc/arm-none-eabi/5.4.1/../../../../arm-none-eabi/lib/armv7-m\libg_nano.a(lib_a-utoa.o)
 .ARM.attributes
                0x00000ece       0x2d c:/program files (x86)/cypress/psoc creator/4.1/psoc creator/import/gnu/arm/5.4.1/bin/../lib/gcc/arm-none-eabi/5.4.1/../../../../arm-none-eabi/lib/armv7-m\libg_nano.a(lib_a-gdtoa-gethex.o)
 .ARM.attributes
                0x00000efb       0x2d c:/program files (x86)/cypress/psoc creator/4.1/psoc creator/import/gnu/arm/5.4.1/bin/../lib/gcc/arm-none-eabi/5.4.1/../../../../arm-none-eabi/lib/armv7-m\libg_nano.a(lib_a-gdtoa-hexnan.o)
 .ARM.attributes
                0x00000f28       0x2d c:/program files (x86)/cypress/psoc creator/4.1/psoc creator/import/gnu/arm/5.4.1/bin/../lib/gcc/arm-none-eabi/5.4.1/../../../../arm-none-eabi/lib/armv7-m\libg_nano.a(lib_a-locale.o)
 .ARM.attributes
                0x00000f55       0x2d c:/program files (x86)/cypress/psoc creator/4.1/psoc creator/import/gnu/arm/5.4.1/bin/../lib/gcc/arm-none-eabi/5.4.1/../../../../arm-none-eabi/lib/armv7-m\libg_nano.a(lib_a-mprec.o)
 .ARM.attributes
                0x00000f82       0x2d c:/program files (x86)/cypress/psoc creator/4.1/psoc creator/import/gnu/arm/5.4.1/bin/../lib/gcc/arm-none-eabi/5.4.1/../../../../arm-none-eabi/lib/armv7-m\libg_nano.a(lib_a-nano-callocr.o)
 .ARM.attributes
                0x00000faf       0x2d c:/program files (x86)/cypress/psoc creator/4.1/psoc creator/import/gnu/arm/5.4.1/bin/../lib/gcc/arm-none-eabi/5.4.1/../../../../arm-none-eabi/lib/armv7-m\libg_nano.a(lib_a-nano-mallocr.o)
 .ARM.attributes
                0x00000fdc       0x2d c:/program files (x86)/cypress/psoc creator/4.1/psoc creator/import/gnu/arm/5.4.1/bin/../lib/gcc/arm-none-eabi/5.4.1/../../../../arm-none-eabi/lib/armv7-m\libg_nano.a(lib_a-nano-svfprintf.o)
 .ARM.attributes
                0x00001009       0x2d c:/program files (x86)/cypress/psoc creator/4.1/psoc creator/import/gnu/arm/5.4.1/bin/../lib/gcc/arm-none-eabi/5.4.1/../../../../arm-none-eabi/lib/armv7-m\libg_nano.a(lib_a-nano-vfprintf_i.o)
 .ARM.attributes
                0x00001036       0x2d c:/program files (x86)/cypress/psoc creator/4.1/psoc creator/import/gnu/arm/5.4.1/bin/../lib/gcc/arm-none-eabi/5.4.1/../../../../arm-none-eabi/lib/armv7-m\libg_nano.a(lib_a-sbrkr.o)
 .ARM.attributes
                0x00001063       0x2d c:/program files (x86)/cypress/psoc creator/4.1/psoc creator/import/gnu/arm/5.4.1/bin/../lib/gcc/arm-none-eabi/5.4.1/../../../../arm-none-eabi/lib/armv7-m\libg_nano.a(lib_a-sf_nan.o)
 .ARM.attributes
                0x00001090       0x1b c:/program files (x86)/cypress/psoc creator/4.1/psoc creator/import/gnu/arm/5.4.1/bin/../lib/gcc/arm-none-eabi/5.4.1/../../../../arm-none-eabi/lib/armv7-m\libg_nano.a(lib_a-strcmp.o)
 .ARM.attributes
                0x000010ab       0x2d c:/program files (x86)/cypress/psoc creator/4.1/psoc creator/import/gnu/arm/5.4.1/bin/../lib/gcc/arm-none-eabi/5.4.1/../../../../arm-none-eabi/lib/armv7-m\libg_nano.a(lib_a-strncmp.o)
 .ARM.attributes
                0x000010d8       0x2d c:/program files (x86)/cypress/psoc creator/4.1/psoc creator/import/gnu/arm/5.4.1/bin/../lib/gcc/arm-none-eabi/5.4.1/../../../../arm-none-eabi/lib/armv7-m\libg_nano.a(lib_a-malloc.o)
 .ARM.attributes
                0x00001105       0x2d c:/program files (x86)/cypress/psoc creator/4.1/psoc creator/import/gnu/arm/5.4.1/bin/../lib/gcc/arm-none-eabi/5.4.1/../../../../arm-none-eabi/lib/armv7-m\libg_nano.a(lib_a-memchr-stub.o)
 .ARM.attributes
                0x00001132       0x2d c:/program files (x86)/cypress/psoc creator/4.1/psoc creator/import/gnu/arm/5.4.1/bin/../lib/gcc/arm-none-eabi/5.4.1/../../../../arm-none-eabi/lib/armv7-m\libg_nano.a(lib_a-memmove.o)
 .ARM.attributes
                0x0000115f       0x2d c:/program files (x86)/cypress/psoc creator/4.1/psoc creator/import/gnu/arm/5.4.1/bin/../lib/gcc/arm-none-eabi/5.4.1/../../../../arm-none-eabi/lib/armv7-m\libg_nano.a(lib_a-mlock.o)
 .ARM.attributes
                0x0000118c       0x2d c:/program files (x86)/cypress/psoc creator/4.1/psoc creator/import/gnu/arm/5.4.1/bin/../lib/gcc/arm-none-eabi/5.4.1/../../../../arm-none-eabi/lib/armv7-m\libg_nano.a(lib_a-nano-freer.o)
 .ARM.attributes
                0x000011b9       0x2d c:/program files (x86)/cypress/psoc creator/4.1/psoc creator/import/gnu/arm/5.4.1/bin/../lib/gcc/arm-none-eabi/5.4.1/../../../../arm-none-eabi/lib/armv7-m\libg_nano.a(lib_a-nano-reallocr.o)
 .ARM.attributes
                0x000011e6       0x2d c:/program files (x86)/cypress/psoc creator/4.1/psoc creator/import/gnu/arm/5.4.1/bin/../lib/gcc/arm-none-eabi/5.4.1/../../../../arm-none-eabi/lib/armv7-m\libg_nano.a(lib_a-reent.o)
 .ARM.attributes
                0x00001213       0x2d c:/program files (x86)/cypress/psoc creator/4.1/psoc creator/import/gnu/arm/5.4.1/bin/../lib/gcc/arm-none-eabi/5.4.1/../../../../arm-none-eabi/lib/armv7-m\libg_nano.a(lib_a-nano-msizer.o)
 .ARM.attributes
                0x00001240       0x1d c:/program files (x86)/cypress/psoc creator/4.1/psoc creator/import/gnu/arm/5.4.1/bin/../lib/gcc/arm-none-eabi/5.4.1/armv7-m\libgcc.a(_arm_fixdfsi.o)
 .ARM.attributes
                0x0000125d       0x2d c:/program files (x86)/cypress/psoc creator/4.1/psoc creator/import/gnu/arm/5.4.1/bin/../lib/gcc/arm-none-eabi/5.4.1/armv7-m/crtend.o
 .ARM.attributes
                0x0000128a       0x1d c:/program files (x86)/cypress/psoc creator/4.1/psoc creator/import/gnu/arm/5.4.1/bin/../lib/gcc/arm-none-eabi/5.4.1/armv7-m/crtn.o

/DISCARD/
 *(.note.GNU-stack)
OUTPUT(C:\Users\A85590\Documents\MyCodes\PSoC-Quadcopter\9-DOF sensor\SensorFusion\SensorFusion.cydsn\CortexM3\ARM_GCC_541\Debug\SensorFusion.elf elf32-littlearm)
