Archive member included because of file (symbol)

.\CortexM0\ARM_GCC_493\Debug\LED STRIP TEST.a(cyfitter_cfg.o)
                              .\CortexM0\ARM_GCC_493\Debug\Cm0Start.o (cyfitter_cfg)
.\CortexM0\ARM_GCC_493\Debug\LED STRIP TEST.a(CyLib.o)
                              .\CortexM0\ARM_GCC_493\Debug\LED STRIP TEST.a(cyfitter_cfg.o) (CyIntEnable)
.\CortexM0\ARM_GCC_493\Debug\LED STRIP TEST.a(CyLFClk.o)
                              .\CortexM0\ARM_GCC_493\Debug\LED STRIP TEST.a(cyfitter_cfg.o) (CySysWdtIsr)
.\CortexM0\ARM_GCC_493\Debug\LED STRIP TEST.a(StripLights_fonts.o)
                              .\CortexM0\ARM_GCC_493\Debug\main.o (StripLights_SetFont)
.\CortexM0\ARM_GCC_493\Debug\LED STRIP TEST.a(StripLights_cisr.o)
                              .\CortexM0\ARM_GCC_493\Debug\main.o (StripLights_cisr_StartEx)
.\CortexM0\ARM_GCC_493\Debug\LED STRIP TEST.a(StripLights_fisr.o)
                              .\CortexM0\ARM_GCC_493\Debug\main.o (StripLights_fisr_StartEx)
.\CortexM0\ARM_GCC_493\Debug\LED STRIP TEST.a(CyBootAsmGnu.o)
                              .\CortexM0\ARM_GCC_493\Debug\LED STRIP TEST.a(CyLib.o) (CyDelayCycles)
c:/program files (x86)/cypress/psoc creator/4.0/psoc creator/import/gnu/arm/4.9.3/bin/../lib/gcc/arm-none-eabi/4.9.3/armv6-m\libgcc.a(_udivsi3.o)
                              .\CortexM0\ARM_GCC_493\Debug\LED STRIP TEST.a(CyLib.o) (__aeabi_uidiv)
c:/program files (x86)/cypress/psoc creator/4.0/psoc creator/import/gnu/arm/4.9.3/bin/../lib/gcc/arm-none-eabi/4.9.3/armv6-m\libgcc.a(_dvmd_tls.o)
                              c:/program files (x86)/cypress/psoc creator/4.0/psoc creator/import/gnu/arm/4.9.3/bin/../lib/gcc/arm-none-eabi/4.9.3/armv6-m\libgcc.a(_udivsi3.o) (__aeabi_idiv0)
c:/program files (x86)/cypress/psoc creator/4.0/psoc creator/import/gnu/arm/4.9.3/bin/../lib/gcc/arm-none-eabi/4.9.3/../../../../arm-none-eabi/lib/armv6-m\libg_nano.a(lib_a-errno.o)
                              .\CortexM0\ARM_GCC_493\Debug\Cm0Start.o (__errno)
c:/program files (x86)/cypress/psoc creator/4.0/psoc creator/import/gnu/arm/4.9.3/bin/../lib/gcc/arm-none-eabi/4.9.3/../../../../arm-none-eabi/lib/armv6-m\libg_nano.a(lib_a-exit.o)
                              c:/program files (x86)/cypress/psoc creator/4.0/psoc creator/import/gnu/arm/4.9.3/bin/../lib/gcc/arm-none-eabi/4.9.3/../../../../arm-none-eabi/lib/armv6-m/crt0.o (exit)
c:/program files (x86)/cypress/psoc creator/4.0/psoc creator/import/gnu/arm/4.9.3/bin/../lib/gcc/arm-none-eabi/4.9.3/../../../../arm-none-eabi/lib/armv6-m\libg_nano.a(lib_a-impure.o)
                              c:/program files (x86)/cypress/psoc creator/4.0/psoc creator/import/gnu/arm/4.9.3/bin/../lib/gcc/arm-none-eabi/4.9.3/../../../../arm-none-eabi/lib/armv6-m\libg_nano.a(lib_a-exit.o) (_global_impure_ptr)
c:/program files (x86)/cypress/psoc creator/4.0/psoc creator/import/gnu/arm/4.9.3/bin/../lib/gcc/arm-none-eabi/4.9.3/../../../../arm-none-eabi/lib/armv6-m\libg_nano.a(lib_a-init.o)
                              c:/program files (x86)/cypress/psoc creator/4.0/psoc creator/import/gnu/arm/4.9.3/bin/../lib/gcc/arm-none-eabi/4.9.3/../../../../arm-none-eabi/lib/armv6-m/crt0.o (__libc_init_array)
c:/program files (x86)/cypress/psoc creator/4.0/psoc creator/import/gnu/arm/4.9.3/bin/../lib/gcc/arm-none-eabi/4.9.3/../../../../arm-none-eabi/lib/armv6-m\libg_nano.a(lib_a-memset.o)
                              c:/program files (x86)/cypress/psoc creator/4.0/psoc creator/import/gnu/arm/4.9.3/bin/../lib/gcc/arm-none-eabi/4.9.3/../../../../arm-none-eabi/lib/armv6-m/crt0.o (memset)

Allocating common symbols
Common symbol       size              file

StripLights_ledArray
                    0x240             .\CortexM0\ARM_GCC_493\Debug\main.o
StripLights_fontX   0x4               .\CortexM0\ARM_GCC_493\Debug\LED STRIP TEST.a(StripLights_fonts.o)
StripLights_DimMask
                    0x4               .\CortexM0\ARM_GCC_493\Debug\main.o
StripLights_DimShift
                    0x4               .\CortexM0\ARM_GCC_493\Debug\main.o
StripLights_refreshComplete
                    0x4               .\CortexM0\ARM_GCC_493\Debug\main.o
StripLights_fontOffset
                    0x4               .\CortexM0\ARM_GCC_493\Debug\LED STRIP TEST.a(StripLights_fonts.o)
StripLights_fontPtr
                    0x4               .\CortexM0\ARM_GCC_493\Debug\LED STRIP TEST.a(StripLights_fonts.o)
StripLights_fontY   0x4               .\CortexM0\ARM_GCC_493\Debug\LED STRIP TEST.a(StripLights_fonts.o)

Discarded input sections

 .text          0x00000000        0x0 c:/program files (x86)/cypress/psoc creator/4.0/psoc creator/import/gnu/arm/4.9.3/bin/../lib/gcc/arm-none-eabi/4.9.3/armv6-m/crti.o
 .data          0x00000000        0x0 c:/program files (x86)/cypress/psoc creator/4.0/psoc creator/import/gnu/arm/4.9.3/bin/../lib/gcc/arm-none-eabi/4.9.3/armv6-m/crti.o
 .bss           0x00000000        0x0 c:/program files (x86)/cypress/psoc creator/4.0/psoc creator/import/gnu/arm/4.9.3/bin/../lib/gcc/arm-none-eabi/4.9.3/armv6-m/crti.o
 .data          0x00000000        0x4 c:/program files (x86)/cypress/psoc creator/4.0/psoc creator/import/gnu/arm/4.9.3/bin/../lib/gcc/arm-none-eabi/4.9.3/armv6-m/crtbegin.o
 .text          0x00000000       0x78 c:/program files (x86)/cypress/psoc creator/4.0/psoc creator/import/gnu/arm/4.9.3/bin/../lib/gcc/arm-none-eabi/4.9.3/../../../../arm-none-eabi/lib/armv6-m/crt0.o
 .data          0x00000000        0x0 c:/program files (x86)/cypress/psoc creator/4.0/psoc creator/import/gnu/arm/4.9.3/bin/../lib/gcc/arm-none-eabi/4.9.3/../../../../arm-none-eabi/lib/armv6-m/crt0.o
 .bss           0x00000000        0x0 c:/program files (x86)/cypress/psoc creator/4.0/psoc creator/import/gnu/arm/4.9.3/bin/../lib/gcc/arm-none-eabi/4.9.3/../../../../arm-none-eabi/lib/armv6-m/crt0.o
 .ARM.extab     0x00000000        0x0 c:/program files (x86)/cypress/psoc creator/4.0/psoc creator/import/gnu/arm/4.9.3/bin/../lib/gcc/arm-none-eabi/4.9.3/../../../../arm-none-eabi/lib/armv6-m/crt0.o
 .ARM.exidx     0x00000000        0x8 c:/program files (x86)/cypress/psoc creator/4.0/psoc creator/import/gnu/arm/4.9.3/bin/../lib/gcc/arm-none-eabi/4.9.3/../../../../arm-none-eabi/lib/armv6-m/crt0.o
 .text          0x00000000        0x0 .\CortexM0\ARM_GCC_493\Debug\main.o
 .data          0x00000000        0x0 .\CortexM0\ARM_GCC_493\Debug\main.o
 .text.StripLights_Trigger
                0x00000000       0x70 .\CortexM0\ARM_GCC_493\Debug\main.o
 .text.StripLights_Ready
                0x00000000       0x1c .\CortexM0\ARM_GCC_493\Debug\main.o
 .text.StripLights_Stop
                0x00000000        0xc .\CortexM0\ARM_GCC_493\Debug\main.o
 .text.StripLights_ColorInc
                0x00000000       0x24 .\CortexM0\ARM_GCC_493\Debug\main.o
 .text.StripLights_DisplayClear
                0x00000000       0x10 .\CortexM0\ARM_GCC_493\Debug\main.o
 .text.StripLights_WriteColor
                0x00000000       0x28 .\CortexM0\ARM_GCC_493\Debug\main.o
 .text.StripLights_GetPixel
                0x00000000       0x28 .\CortexM0\ARM_GCC_493\Debug\main.o
 .text.StripLights_DrawCircle
                0x00000000       0xfc .\CortexM0\ARM_GCC_493\Debug\main.o
 .text.StripLights_DrawLine
                0x00000000       0xac .\CortexM0\ARM_GCC_493\Debug\main.o
 .text.StripLights_DrawRect
                0x00000000       0x7c .\CortexM0\ARM_GCC_493\Debug\main.o
 .text.StripLights_bplot
                0x00000000       0x5c .\CortexM0\ARM_GCC_493\Debug\main.o
 .text          0x00000000        0x0 .\CortexM0\ARM_GCC_493\Debug\cymetadata.o
 .data          0x00000000        0x0 .\CortexM0\ARM_GCC_493\Debug\cymetadata.o
 .bss           0x00000000        0x0 .\CortexM0\ARM_GCC_493\Debug\cymetadata.o
 .text          0x00000000        0x0 .\CortexM0\ARM_GCC_493\Debug\Cm0Start.o
 .data          0x00000000        0x4 .\CortexM0\ARM_GCC_493\Debug\Cm0Start.o
 .bss           0x00000000        0x0 .\CortexM0\ARM_GCC_493\Debug\Cm0Start.o
 .text._exit    0x00000000        0xc .\CortexM0\ARM_GCC_493\Debug\Cm0Start.o
 .text._sbrk    0x00000000       0x30 .\CortexM0\ARM_GCC_493\Debug\Cm0Start.o
 .text          0x00000000        0x0 .\CortexM0\ARM_GCC_493\Debug\LED STRIP TEST.a(cyfitter_cfg.o)
 .data          0x00000000        0x0 .\CortexM0\ARM_GCC_493\Debug\LED STRIP TEST.a(cyfitter_cfg.o)
 .bss           0x00000000        0x0 .\CortexM0\ARM_GCC_493\Debug\LED STRIP TEST.a(cyfitter_cfg.o)
 .text          0x00000000        0x0 .\CortexM0\ARM_GCC_493\Debug\LED STRIP TEST.a(CyLib.o)
 .bss           0x00000000       0x18 .\CortexM0\ARM_GCC_493\Debug\LED STRIP TEST.a(CyLib.o)
 .text.CySysClkImoStart
                0x00000000       0x14 .\CortexM0\ARM_GCC_493\Debug\LED STRIP TEST.a(CyLib.o)
 .text.CySysClkImoStop
                0x00000000       0x10 .\CortexM0\ARM_GCC_493\Debug\LED STRIP TEST.a(CyLib.o)
 .text.CySysClkWriteHfclkDirect
                0x00000000       0x20 .\CortexM0\ARM_GCC_493\Debug\LED STRIP TEST.a(CyLib.o)
 .text.CySysEnablePumpClock
                0x00000000       0x38 .\CortexM0\ARM_GCC_493\Debug\LED STRIP TEST.a(CyLib.o)
 .text.CySysClkGetSysclkSource
                0x00000000       0x1c .\CortexM0\ARM_GCC_493\Debug\LED STRIP TEST.a(CyLib.o)
 .text.CySysClkWriteSysclkDiv
                0x00000000       0x28 .\CortexM0\ARM_GCC_493\Debug\LED STRIP TEST.a(CyLib.o)
 .text.CySysLvdDisable
                0x00000000       0x20 .\CortexM0\ARM_GCC_493\Debug\LED STRIP TEST.a(CyLib.o)
 .text.CySysLvdGetInterruptSource
                0x00000000       0x10 .\CortexM0\ARM_GCC_493\Debug\LED STRIP TEST.a(CyLib.o)
 .text.CySysLvdClearInterrupt
                0x00000000        0xc .\CortexM0\ARM_GCC_493\Debug\LED STRIP TEST.a(CyLib.o)
 .text.CySysGetResetReason
                0x00000000       0x14 .\CortexM0\ARM_GCC_493\Debug\LED STRIP TEST.a(CyLib.o)
 .text.CyDisableInts
                0x00000000       0x10 .\CortexM0\ARM_GCC_493\Debug\LED STRIP TEST.a(CyLib.o)
 .text.CyEnableInts
                0x00000000        0xc .\CortexM0\ARM_GCC_493\Debug\LED STRIP TEST.a(CyLib.o)
 .text.CyIntGetState
                0x00000000       0x18 .\CortexM0\ARM_GCC_493\Debug\LED STRIP TEST.a(CyLib.o)
 .text.CyIntDisable
                0x00000000       0x14 .\CortexM0\ARM_GCC_493\Debug\LED STRIP TEST.a(CyLib.o)
 .text.CyIntSetPending
                0x00000000       0x14 .\CortexM0\ARM_GCC_493\Debug\LED STRIP TEST.a(CyLib.o)
 .text.CyIntClearPending
                0x00000000       0x14 .\CortexM0\ARM_GCC_493\Debug\LED STRIP TEST.a(CyLib.o)
 .text.CyIntSetSysVector
                0x00000000       0x20 .\CortexM0\ARM_GCC_493\Debug\LED STRIP TEST.a(CyLib.o)
 .text.CyIntGetSysVector
                0x00000000       0x1c .\CortexM0\ARM_GCC_493\Debug\LED STRIP TEST.a(CyLib.o)
 .text.CyIntGetVector
                0x00000000       0x20 .\CortexM0\ARM_GCC_493\Debug\LED STRIP TEST.a(CyLib.o)
 .text.CyIntSetPriority
                0x00000000       0x4c .\CortexM0\ARM_GCC_493\Debug\LED STRIP TEST.a(CyLib.o)
 .text.CyIntGetPriority
                0x00000000       0x2c .\CortexM0\ARM_GCC_493\Debug\LED STRIP TEST.a(CyLib.o)
 .text.CySoftwareReset
                0x00000000       0x18 .\CortexM0\ARM_GCC_493\Debug\LED STRIP TEST.a(CyLib.o)
 .text.CyDelay  0x00000000       0x30 .\CortexM0\ARM_GCC_493\Debug\LED STRIP TEST.a(CyLib.o)
 .text.CySysLvdEnable
                0x00000000       0x44 .\CortexM0\ARM_GCC_493\Debug\LED STRIP TEST.a(CyLib.o)
 .text.CyDelayFreq
                0x00000000       0x4c .\CortexM0\ARM_GCC_493\Debug\LED STRIP TEST.a(CyLib.o)
 .text.CySysTickStop
                0x00000000       0x10 .\CortexM0\ARM_GCC_493\Debug\LED STRIP TEST.a(CyLib.o)
 .text.CySysTickEnableInterrupt
                0x00000000       0x10 .\CortexM0\ARM_GCC_493\Debug\LED STRIP TEST.a(CyLib.o)
 .text.CySysTickEnable
                0x00000000       0x18 .\CortexM0\ARM_GCC_493\Debug\LED STRIP TEST.a(CyLib.o)
 .text.CySysTickDisableInterrupt
                0x00000000       0x10 .\CortexM0\ARM_GCC_493\Debug\LED STRIP TEST.a(CyLib.o)
 .text.CySysTickSetReload
                0x00000000       0x10 .\CortexM0\ARM_GCC_493\Debug\LED STRIP TEST.a(CyLib.o)
 .text.CySysTickGetReload
                0x00000000       0x10 .\CortexM0\ARM_GCC_493\Debug\LED STRIP TEST.a(CyLib.o)
 .text.CySysTickGetValue
                0x00000000       0x10 .\CortexM0\ARM_GCC_493\Debug\LED STRIP TEST.a(CyLib.o)
 .text.CySysTickGetCountFlag
                0x00000000       0x10 .\CortexM0\ARM_GCC_493\Debug\LED STRIP TEST.a(CyLib.o)
 .text.CySysTickServiceCallbacks
                0x00000000       0x28 .\CortexM0\ARM_GCC_493\Debug\LED STRIP TEST.a(CyLib.o)
 .text.CySysTickClear
                0x00000000        0xc .\CortexM0\ARM_GCC_493\Debug\LED STRIP TEST.a(CyLib.o)
 .text.CySysTickInit
                0x00000000       0x44 .\CortexM0\ARM_GCC_493\Debug\LED STRIP TEST.a(CyLib.o)
 .text.CySysTickStart
                0x00000000       0x20 .\CortexM0\ARM_GCC_493\Debug\LED STRIP TEST.a(CyLib.o)
 .text.CySysTickSetCallback
                0x00000000       0x10 .\CortexM0\ARM_GCC_493\Debug\LED STRIP TEST.a(CyLib.o)
 .text.CySysTickGetCallback
                0x00000000        0xc .\CortexM0\ARM_GCC_493\Debug\LED STRIP TEST.a(CyLib.o)
 .text.CyGetUniqueId
                0x00000000       0x70 .\CortexM0\ARM_GCC_493\Debug\LED STRIP TEST.a(CyLib.o)
 .text          0x00000000        0x0 .\CortexM0\ARM_GCC_493\Debug\LED STRIP TEST.a(CyLFClk.o)
 .text.CySysClkIloEnabled
                0x00000000       0x14 .\CortexM0\ARM_GCC_493\Debug\LED STRIP TEST.a(CyLFClk.o)
 .text.CySysClkIloStart
                0x00000000       0x14 .\CortexM0\ARM_GCC_493\Debug\LED STRIP TEST.a(CyLFClk.o)
 .text.CySysClkIloStartMeasurement
                0x00000000       0x34 .\CortexM0\ARM_GCC_493\Debug\LED STRIP TEST.a(CyLFClk.o)
 .text.CySysClkIloStopMeasurement
                0x00000000       0x14 .\CortexM0\ARM_GCC_493\Debug\LED STRIP TEST.a(CyLFClk.o)
 .text.CySysClkIloCompensate
                0x00000000      0x108 .\CortexM0\ARM_GCC_493\Debug\LED STRIP TEST.a(CyLFClk.o)
 .text.CySysWdtGetEnabledStatus
                0x00000000       0x24 .\CortexM0\ARM_GCC_493\Debug\LED STRIP TEST.a(CyLFClk.o)
 .text.CySysWdtSetMode
                0x00000000       0x38 .\CortexM0\ARM_GCC_493\Debug\LED STRIP TEST.a(CyLFClk.o)
 .text.CySysClkLfclkPosedgeRestore
                0x00000000       0x2c .\CortexM0\ARM_GCC_493\Debug\LED STRIP TEST.a(CyLFClk.o)
 .text.CySysWdtGetMode
                0x00000000       0x14 .\CortexM0\ARM_GCC_493\Debug\LED STRIP TEST.a(CyLFClk.o)
 .text.CySysWdtSetClearOnMatch
                0x00000000       0x38 .\CortexM0\ARM_GCC_493\Debug\LED STRIP TEST.a(CyLFClk.o)
 .text.CySysWdtGetClearOnMatch
                0x00000000       0x24 .\CortexM0\ARM_GCC_493\Debug\LED STRIP TEST.a(CyLFClk.o)
 .text.CySysWdtEnable
                0x00000000       0x40 .\CortexM0\ARM_GCC_493\Debug\LED STRIP TEST.a(CyLFClk.o)
 .text.CySysWdtDisable
                0x00000000       0x44 .\CortexM0\ARM_GCC_493\Debug\LED STRIP TEST.a(CyLFClk.o)
 .text.CySysWdtSetCascade
                0x00000000       0x34 .\CortexM0\ARM_GCC_493\Debug\LED STRIP TEST.a(CyLFClk.o)
 .text.CySysWdtGetCascade
                0x00000000       0x14 .\CortexM0\ARM_GCC_493\Debug\LED STRIP TEST.a(CyLFClk.o)
 .text.CySysWdtSetMatch
                0x00000000       0x3c .\CortexM0\ARM_GCC_493\Debug\LED STRIP TEST.a(CyLFClk.o)
 .text.CySysWdtSetToggleBit
                0x00000000       0x2c .\CortexM0\ARM_GCC_493\Debug\LED STRIP TEST.a(CyLFClk.o)
 .text.CySysWdtGetToggleBit
                0x00000000       0x10 .\CortexM0\ARM_GCC_493\Debug\LED STRIP TEST.a(CyLFClk.o)
 .text.CySysWdtGetMatch
                0x00000000       0x20 .\CortexM0\ARM_GCC_493\Debug\LED STRIP TEST.a(CyLFClk.o)
 .text.CySysWdtGetCount
                0x00000000       0x3c .\CortexM0\ARM_GCC_493\Debug\LED STRIP TEST.a(CyLFClk.o)
 .text.CySysClkLfclkPosedgeCatch
                0x00000000       0x74 .\CortexM0\ARM_GCC_493\Debug\LED STRIP TEST.a(CyLFClk.o)
 .text.CySysClkIloStop
                0x00000000       0x38 .\CortexM0\ARM_GCC_493\Debug\LED STRIP TEST.a(CyLFClk.o)
 .text.CySysWdtGetInterruptSource
                0x00000000       0x14 .\CortexM0\ARM_GCC_493\Debug\LED STRIP TEST.a(CyLFClk.o)
 .text.CySysWdtResetCounters
                0x00000000       0x20 .\CortexM0\ARM_GCC_493\Debug\LED STRIP TEST.a(CyLFClk.o)
 .text.CySysWdtSetInterruptCallback
                0x00000000       0x20 .\CortexM0\ARM_GCC_493\Debug\LED STRIP TEST.a(CyLFClk.o)
 .text.CySysWdtGetInterruptCallback
                0x00000000       0x20 .\CortexM0\ARM_GCC_493\Debug\LED STRIP TEST.a(CyLFClk.o)
 .text.CySysWdtEnableCounterIsr
                0x00000000       0x34 .\CortexM0\ARM_GCC_493\Debug\LED STRIP TEST.a(CyLFClk.o)
 .text.CySysWdtDisableCounterIsr
                0x00000000       0x28 .\CortexM0\ARM_GCC_493\Debug\LED STRIP TEST.a(CyLFClk.o)
 .text.CySysWatchdogFeed
                0x00000000       0x60 .\CortexM0\ARM_GCC_493\Debug\LED STRIP TEST.a(CyLFClk.o)
 .text.CySysTimerDelayUntilMatch
                0x00000000       0x6c .\CortexM0\ARM_GCC_493\Debug\LED STRIP TEST.a(CyLFClk.o)
 .text.CySysTimerDelay
                0x00000000       0x3c .\CortexM0\ARM_GCC_493\Debug\LED STRIP TEST.a(CyLFClk.o)
 .rodata        0x00000000        0xc .\CortexM0\ARM_GCC_493\Debug\LED STRIP TEST.a(CyLFClk.o)
 .text          0x00000000        0x0 .\CortexM0\ARM_GCC_493\Debug\LED STRIP TEST.a(StripLights_fonts.o)
 .data          0x00000000        0x0 .\CortexM0\ARM_GCC_493\Debug\LED STRIP TEST.a(StripLights_fonts.o)
 .bss           0x00000000        0x0 .\CortexM0\ARM_GCC_493\Debug\LED STRIP TEST.a(StripLights_fonts.o)
 .text.StripLights_PutChar
                0x00000000       0xac .\CortexM0\ARM_GCC_493\Debug\LED STRIP TEST.a(StripLights_fonts.o)
 .text.StripLights_PrintString
                0x00000000       0xa8 .\CortexM0\ARM_GCC_493\Debug\LED STRIP TEST.a(StripLights_fonts.o)
 .text          0x00000000        0x0 .\CortexM0\ARM_GCC_493\Debug\LED STRIP TEST.a(StripLights_cisr.o)
 .data          0x00000000        0x0 .\CortexM0\ARM_GCC_493\Debug\LED STRIP TEST.a(StripLights_cisr.o)
 .bss           0x00000000        0x0 .\CortexM0\ARM_GCC_493\Debug\LED STRIP TEST.a(StripLights_cisr.o)
 .text.StripLights_cisr_Interrupt
                0x00000000        0x4 .\CortexM0\ARM_GCC_493\Debug\LED STRIP TEST.a(StripLights_cisr.o)
 .text.StripLights_cisr_GetVector
                0x00000000        0xc .\CortexM0\ARM_GCC_493\Debug\LED STRIP TEST.a(StripLights_cisr.o)
 .text.StripLights_cisr_GetPriority
                0x00000000       0x10 .\CortexM0\ARM_GCC_493\Debug\LED STRIP TEST.a(StripLights_cisr.o)
 .text.StripLights_cisr_GetState
                0x00000000       0x10 .\CortexM0\ARM_GCC_493\Debug\LED STRIP TEST.a(StripLights_cisr.o)
 .text.StripLights_cisr_Start
                0x00000000       0x1c .\CortexM0\ARM_GCC_493\Debug\LED STRIP TEST.a(StripLights_cisr.o)
 .text.StripLights_cisr_Stop
                0x00000000       0x14 .\CortexM0\ARM_GCC_493\Debug\LED STRIP TEST.a(StripLights_cisr.o)
 .text.StripLights_cisr_SetPending
                0x00000000        0xc .\CortexM0\ARM_GCC_493\Debug\LED STRIP TEST.a(StripLights_cisr.o)
 .text.StripLights_cisr_ClearPending
                0x00000000        0xc .\CortexM0\ARM_GCC_493\Debug\LED STRIP TEST.a(StripLights_cisr.o)
 .text          0x00000000        0x0 .\CortexM0\ARM_GCC_493\Debug\LED STRIP TEST.a(StripLights_fisr.o)
 .data          0x00000000        0x0 .\CortexM0\ARM_GCC_493\Debug\LED STRIP TEST.a(StripLights_fisr.o)
 .bss           0x00000000        0x0 .\CortexM0\ARM_GCC_493\Debug\LED STRIP TEST.a(StripLights_fisr.o)
 .text.StripLights_fisr_Interrupt
                0x00000000        0x4 .\CortexM0\ARM_GCC_493\Debug\LED STRIP TEST.a(StripLights_fisr.o)
 .text.StripLights_fisr_GetVector
                0x00000000        0xc .\CortexM0\ARM_GCC_493\Debug\LED STRIP TEST.a(StripLights_fisr.o)
 .text.StripLights_fisr_GetPriority
                0x00000000       0x10 .\CortexM0\ARM_GCC_493\Debug\LED STRIP TEST.a(StripLights_fisr.o)
 .text.StripLights_fisr_GetState
                0x00000000       0x14 .\CortexM0\ARM_GCC_493\Debug\LED STRIP TEST.a(StripLights_fisr.o)
 .text.StripLights_fisr_Start
                0x00000000       0x1c .\CortexM0\ARM_GCC_493\Debug\LED STRIP TEST.a(StripLights_fisr.o)
 .text.StripLights_fisr_Stop
                0x00000000       0x14 .\CortexM0\ARM_GCC_493\Debug\LED STRIP TEST.a(StripLights_fisr.o)
 .text.StripLights_fisr_SetPending
                0x00000000        0xc .\CortexM0\ARM_GCC_493\Debug\LED STRIP TEST.a(StripLights_fisr.o)
 .text.StripLights_fisr_ClearPending
                0x00000000        0xc .\CortexM0\ARM_GCC_493\Debug\LED STRIP TEST.a(StripLights_fisr.o)
 .data          0x00000000        0x0 .\CortexM0\ARM_GCC_493\Debug\LED STRIP TEST.a(CyBootAsmGnu.o)
 .bss           0x00000000        0x0 .\CortexM0\ARM_GCC_493\Debug\LED STRIP TEST.a(CyBootAsmGnu.o)
 .text          0x00000000      0x120 c:/program files (x86)/cypress/psoc creator/4.0/psoc creator/import/gnu/arm/4.9.3/bin/../lib/gcc/arm-none-eabi/4.9.3/armv6-m\libgcc.a(_udivsi3.o)
 .data          0x00000000        0x0 c:/program files (x86)/cypress/psoc creator/4.0/psoc creator/import/gnu/arm/4.9.3/bin/../lib/gcc/arm-none-eabi/4.9.3/armv6-m\libgcc.a(_udivsi3.o)
 .bss           0x00000000        0x0 c:/program files (x86)/cypress/psoc creator/4.0/psoc creator/import/gnu/arm/4.9.3/bin/../lib/gcc/arm-none-eabi/4.9.3/armv6-m\libgcc.a(_udivsi3.o)
 .text          0x00000000        0x4 c:/program files (x86)/cypress/psoc creator/4.0/psoc creator/import/gnu/arm/4.9.3/bin/../lib/gcc/arm-none-eabi/4.9.3/armv6-m\libgcc.a(_dvmd_tls.o)
 .data          0x00000000        0x0 c:/program files (x86)/cypress/psoc creator/4.0/psoc creator/import/gnu/arm/4.9.3/bin/../lib/gcc/arm-none-eabi/4.9.3/armv6-m\libgcc.a(_dvmd_tls.o)
 .bss           0x00000000        0x0 c:/program files (x86)/cypress/psoc creator/4.0/psoc creator/import/gnu/arm/4.9.3/bin/../lib/gcc/arm-none-eabi/4.9.3/armv6-m\libgcc.a(_dvmd_tls.o)
 .text          0x00000000        0x0 c:/program files (x86)/cypress/psoc creator/4.0/psoc creator/import/gnu/arm/4.9.3/bin/../lib/gcc/arm-none-eabi/4.9.3/../../../../arm-none-eabi/lib/armv6-m\libg_nano.a(lib_a-errno.o)
 .data          0x00000000        0x0 c:/program files (x86)/cypress/psoc creator/4.0/psoc creator/import/gnu/arm/4.9.3/bin/../lib/gcc/arm-none-eabi/4.9.3/../../../../arm-none-eabi/lib/armv6-m\libg_nano.a(lib_a-errno.o)
 .bss           0x00000000        0x0 c:/program files (x86)/cypress/psoc creator/4.0/psoc creator/import/gnu/arm/4.9.3/bin/../lib/gcc/arm-none-eabi/4.9.3/../../../../arm-none-eabi/lib/armv6-m\libg_nano.a(lib_a-errno.o)
 .text          0x00000000        0x0 c:/program files (x86)/cypress/psoc creator/4.0/psoc creator/import/gnu/arm/4.9.3/bin/../lib/gcc/arm-none-eabi/4.9.3/../../../../arm-none-eabi/lib/armv6-m\libg_nano.a(lib_a-exit.o)
 .data          0x00000000        0x0 c:/program files (x86)/cypress/psoc creator/4.0/psoc creator/import/gnu/arm/4.9.3/bin/../lib/gcc/arm-none-eabi/4.9.3/../../../../arm-none-eabi/lib/armv6-m\libg_nano.a(lib_a-exit.o)
 .bss           0x00000000        0x0 c:/program files (x86)/cypress/psoc creator/4.0/psoc creator/import/gnu/arm/4.9.3/bin/../lib/gcc/arm-none-eabi/4.9.3/../../../../arm-none-eabi/lib/armv6-m\libg_nano.a(lib_a-exit.o)
 .text.exit     0x00000000       0x2c c:/program files (x86)/cypress/psoc creator/4.0/psoc creator/import/gnu/arm/4.9.3/bin/../lib/gcc/arm-none-eabi/4.9.3/../../../../arm-none-eabi/lib/armv6-m\libg_nano.a(lib_a-exit.o)
 .text          0x00000000        0x0 c:/program files (x86)/cypress/psoc creator/4.0/psoc creator/import/gnu/arm/4.9.3/bin/../lib/gcc/arm-none-eabi/4.9.3/../../../../arm-none-eabi/lib/armv6-m\libg_nano.a(lib_a-impure.o)
 .data          0x00000000        0x0 c:/program files (x86)/cypress/psoc creator/4.0/psoc creator/import/gnu/arm/4.9.3/bin/../lib/gcc/arm-none-eabi/4.9.3/../../../../arm-none-eabi/lib/armv6-m\libg_nano.a(lib_a-impure.o)
 .bss           0x00000000        0x0 c:/program files (x86)/cypress/psoc creator/4.0/psoc creator/import/gnu/arm/4.9.3/bin/../lib/gcc/arm-none-eabi/4.9.3/../../../../arm-none-eabi/lib/armv6-m\libg_nano.a(lib_a-impure.o)
 .rodata._global_impure_ptr
                0x00000000        0x4 c:/program files (x86)/cypress/psoc creator/4.0/psoc creator/import/gnu/arm/4.9.3/bin/../lib/gcc/arm-none-eabi/4.9.3/../../../../arm-none-eabi/lib/armv6-m\libg_nano.a(lib_a-impure.o)
 .text          0x00000000        0x0 c:/program files (x86)/cypress/psoc creator/4.0/psoc creator/import/gnu/arm/4.9.3/bin/../lib/gcc/arm-none-eabi/4.9.3/../../../../arm-none-eabi/lib/armv6-m\libg_nano.a(lib_a-init.o)
 .data          0x00000000        0x0 c:/program files (x86)/cypress/psoc creator/4.0/psoc creator/import/gnu/arm/4.9.3/bin/../lib/gcc/arm-none-eabi/4.9.3/../../../../arm-none-eabi/lib/armv6-m\libg_nano.a(lib_a-init.o)
 .bss           0x00000000        0x0 c:/program files (x86)/cypress/psoc creator/4.0/psoc creator/import/gnu/arm/4.9.3/bin/../lib/gcc/arm-none-eabi/4.9.3/../../../../arm-none-eabi/lib/armv6-m\libg_nano.a(lib_a-init.o)
 .text          0x00000000        0x0 c:/program files (x86)/cypress/psoc creator/4.0/psoc creator/import/gnu/arm/4.9.3/bin/../lib/gcc/arm-none-eabi/4.9.3/../../../../arm-none-eabi/lib/armv6-m\libg_nano.a(lib_a-memset.o)
 .data          0x00000000        0x0 c:/program files (x86)/cypress/psoc creator/4.0/psoc creator/import/gnu/arm/4.9.3/bin/../lib/gcc/arm-none-eabi/4.9.3/../../../../arm-none-eabi/lib/armv6-m\libg_nano.a(lib_a-memset.o)
 .bss           0x00000000        0x0 c:/program files (x86)/cypress/psoc creator/4.0/psoc creator/import/gnu/arm/4.9.3/bin/../lib/gcc/arm-none-eabi/4.9.3/../../../../arm-none-eabi/lib/armv6-m\libg_nano.a(lib_a-memset.o)
 .text          0x00000000        0x0 c:/program files (x86)/cypress/psoc creator/4.0/psoc creator/import/gnu/arm/4.9.3/bin/../lib/gcc/arm-none-eabi/4.9.3/armv6-m/crtend.o
 .data          0x00000000        0x0 c:/program files (x86)/cypress/psoc creator/4.0/psoc creator/import/gnu/arm/4.9.3/bin/../lib/gcc/arm-none-eabi/4.9.3/armv6-m/crtend.o
 .bss           0x00000000        0x0 c:/program files (x86)/cypress/psoc creator/4.0/psoc creator/import/gnu/arm/4.9.3/bin/../lib/gcc/arm-none-eabi/4.9.3/armv6-m/crtend.o
 .text          0x00000000        0x0 c:/program files (x86)/cypress/psoc creator/4.0/psoc creator/import/gnu/arm/4.9.3/bin/../lib/gcc/arm-none-eabi/4.9.3/armv6-m/crtn.o
 .data          0x00000000        0x0 c:/program files (x86)/cypress/psoc creator/4.0/psoc creator/import/gnu/arm/4.9.3/bin/../lib/gcc/arm-none-eabi/4.9.3/armv6-m/crtn.o
 .bss           0x00000000        0x0 c:/program files (x86)/cypress/psoc creator/4.0/psoc creator/import/gnu/arm/4.9.3/bin/../lib/gcc/arm-none-eabi/4.9.3/armv6-m/crtn.o

Memory Configuration

Name             Origin             Length             Attributes
rom              0x00000000         0x00008000         xr
ram              0x20000000         0x00001000         xrw
*default*        0x00000000         0xffffffff

Linker script and memory map

LOAD c:/program files (x86)/cypress/psoc creator/4.0/psoc creator/import/gnu/arm/4.9.3/bin/../lib/gcc/arm-none-eabi/4.9.3/armv6-m/crti.o
LOAD c:/program files (x86)/cypress/psoc creator/4.0/psoc creator/import/gnu/arm/4.9.3/bin/../lib/gcc/arm-none-eabi/4.9.3/armv6-m/crtbegin.o
LOAD c:/program files (x86)/cypress/psoc creator/4.0/psoc creator/import/gnu/arm/4.9.3/bin/../lib/gcc/arm-none-eabi/4.9.3/../../../../arm-none-eabi/lib/armv6-m/crt0.o
START GROUP
LOAD .\CortexM0\ARM_GCC_493\Debug\main.o
LOAD .\CortexM0\ARM_GCC_493\Debug\cymetadata.o
LOAD .\CortexM0\ARM_GCC_493\Debug\Cm0Start.o
LOAD .\CortexM0\ARM_GCC_493\Debug\LED STRIP TEST.a
LOAD C:\Program Files (x86)\Cypress\PSoC Creator\4.0\PSoC Creator\psoc\content\cycomponentlibrary\CyComponentLibrary.cylib\CortexM0\ARM_GCC_493\Debug\CyComponentLibrary.a
END GROUP
START GROUP
LOAD c:/program files (x86)/cypress/psoc creator/4.0/psoc creator/import/gnu/arm/4.9.3/bin/../lib/gcc/arm-none-eabi/4.9.3/armv6-m\libgcc.a
LOAD c:/program files (x86)/cypress/psoc creator/4.0/psoc creator/import/gnu/arm/4.9.3/bin/../lib/gcc/arm-none-eabi/4.9.3/../../../../arm-none-eabi/lib/armv6-m\libg_nano.a
LOAD c:/program files (x86)/cypress/psoc creator/4.0/psoc creator/import/gnu/arm/4.9.3/bin/../lib/gcc/arm-none-eabi/4.9.3/../../../../arm-none-eabi/lib/armv6-m\libc_nano.a
END GROUP
START GROUP
LOAD c:/program files (x86)/cypress/psoc creator/4.0/psoc creator/import/gnu/arm/4.9.3/bin/../lib/gcc/arm-none-eabi/4.9.3/armv6-m\libgcc.a
LOAD c:/program files (x86)/cypress/psoc creator/4.0/psoc creator/import/gnu/arm/4.9.3/bin/../lib/gcc/arm-none-eabi/4.9.3/../../../../arm-none-eabi/lib/armv6-m\libc_nano.a
END GROUP
LOAD c:/program files (x86)/cypress/psoc creator/4.0/psoc creator/import/gnu/arm/4.9.3/bin/../lib/gcc/arm-none-eabi/4.9.3/armv6-m/crtend.o
LOAD c:/program files (x86)/cypress/psoc creator/4.0/psoc creator/import/gnu/arm/4.9.3/bin/../lib/gcc/arm-none-eabi/4.9.3/armv6-m/crtn.o
START GROUP
LOAD c:/program files (x86)/cypress/psoc creator/4.0/psoc creator/import/gnu/arm/4.9.3/bin/../lib/gcc/arm-none-eabi/4.9.3/armv6-m\libgcc.a
LOAD c:/program files (x86)/cypress/psoc creator/4.0/psoc creator/import/gnu/arm/4.9.3/bin/../lib/gcc/arm-none-eabi/4.9.3/../../../../arm-none-eabi/lib/armv6-m\libc.a
LOAD c:/program files (x86)/cypress/psoc creator/4.0/psoc creator/import/gnu/arm/4.9.3/bin/../lib/gcc/arm-none-eabi/4.9.3/../../../../arm-none-eabi/lib/armv6-m\libnosys.a
END GROUP
                0x00000000                CY_APPL_ORIGIN = 0x0
                0x00000080                CY_FLASH_ROW_SIZE = 0x80
                0x00000001                CY_APPL_NUM = 0x1
                0x00000001                CY_APPL_MAX = 0x1
                0x00000040                CY_METADATA_SIZE = 0x40
                0x00000000                CY_APPL_LOADABLE = 0x0
                0x00000000                CY_CHECKSUM_EXCLUDE_SIZE = ALIGN (0x0, CY_FLASH_ROW_SIZE)
                0x00000000                CY_APP_FOR_STACK_AND_COPIER = 0x0
                0x200003f8                PROVIDE (__cy_heap_start, _end)
                0x00000001                PROVIDE (__cy_region_num, ((__cy_regions_end - __cy_regions) / 0x10))
                0x20001000                PROVIDE (__cy_stack, (ORIGIN (ram) + 0x1000))
                0x20000c00                PROVIDE (__cy_heap_end, (__cy_stack - 0x400))

.cybootloader   0x00000000        0x0
 *(.cybootloader)
                0x00000000                appl1_start = CY_APPL_ORIGIN?CY_APPL_ORIGIN:ALIGN (CY_FLASH_ROW_SIZE)
                0x00003f80                appl2_start = (appl1_start + ALIGN ((((0x8000 - appl1_start) - (0x2 * CY_FLASH_ROW_SIZE)) / 0x2), CY_FLASH_ROW_SIZE))
                0x00000000                appl_start = (CY_APPL_NUM == 0x1)?appl1_start:appl2_start
                0x00000001                cy_project_type_bootloader = (appl_start == 0x0)?0x1:0x0
                0x00000000                cy_project_type_app_for_stack_and_copier = (CY_APP_FOR_STACK_AND_COPIER == 0x1)?0x1:0x0

.text           0x00000000      0x9b8
 CREATE_OBJECT_SYMBOLS
                0x00000000                PROVIDE (__cy_interrupt_vector, RomVectors)
 *(.romvectors)
 .romvectors    0x00000000       0x10 .\CortexM0\ARM_GCC_493\Debug\Cm0Start.o
                0x00000000                RomVectors
                0x00000001                ASSERT ((. != __cy_interrupt_vector), No interrupt vector)
                0x00000001                ASSERT (CY_APPL_ORIGIN?(SIZEOF (.cybootloader) <= CY_APPL_ORIGIN):0x1, Wrong image location)
                0x00000010                PROVIDE (__cy_reset, Reset)
 *(.text.Reset)
 .text.Reset    0x00000010        0x8 .\CortexM0\ARM_GCC_493\Debug\Cm0Start.o
                0x00000010                Reset
                0x00000001                ASSERT ((. != __cy_reset), No reset code)
 *(.psocinit)
 .psocinit      0x00000018      0x13c .\CortexM0\ARM_GCC_493\Debug\LED STRIP TEST.a(cyfitter_cfg.o)
                0x00000074                cyfitter_cfg
                0x00000154                . = MAX (., 0x100)
 *(.text .text.* .gnu.linkonce.t.*)
 .text          0x00000154       0x60 c:/program files (x86)/cypress/psoc creator/4.0/psoc creator/import/gnu/arm/4.9.3/bin/../lib/gcc/arm-none-eabi/4.9.3/armv6-m/crtbegin.o
 .text.StripLights_FISR
                0x000001b4       0x68 .\CortexM0\ARM_GCC_493\Debug\main.o
                0x000001b4                StripLights_FISR
 .text.StripLights_CISR
                0x0000021c       0x80 .\CortexM0\ARM_GCC_493\Debug\main.o
                0x0000021c                StripLights_CISR
 .text.StripLights_MemClear
                0x0000029c       0x2c .\CortexM0\ARM_GCC_493\Debug\main.o
                0x0000029c                StripLights_MemClear
 .text.StripLights_Pixel
                0x000002c8       0x24 .\CortexM0\ARM_GCC_493\Debug\main.o
                0x000002c8                StripLights_Pixel
 .text.StripLights_Dim
                0x000002ec       0xa8 .\CortexM0\ARM_GCC_493\Debug\main.o
                0x000002ec                StripLights_Dim
 .text.StripLights_Start
                0x00000394       0x7c .\CortexM0\ARM_GCC_493\Debug\main.o
                0x00000394                StripLights_Start
 .text.main     0x00000410       0x20 .\CortexM0\ARM_GCC_493\Debug\main.o
                0x00000410                main
 .text.IntDefaultHandler
                0x00000430       0x10 .\CortexM0\ARM_GCC_493\Debug\Cm0Start.o
                0x00000430                IntDefaultHandler
 .text.Start_c  0x00000440       0x48 .\CortexM0\ARM_GCC_493\Debug\Cm0Start.o
                0x00000440                Start_c
 .text.initialize_psoc
                0x00000488       0x48 .\CortexM0\ARM_GCC_493\Debug\Cm0Start.o
                0x00000488                initialize_psoc
 .text.cfg_write_bytes32
                0x000004d0       0x34 .\CortexM0\ARM_GCC_493\Debug\LED STRIP TEST.a(cyfitter_cfg.o)
 .text.CYMEMZERO
                0x00000504        0xc .\CortexM0\ARM_GCC_493\Debug\LED STRIP TEST.a(cyfitter_cfg.o)
 .text.CyIntEnable
                0x00000510       0x14 .\CortexM0\ARM_GCC_493\Debug\LED STRIP TEST.a(CyLib.o)
                0x00000510                CyIntEnable
 .text.CyHalt   0x00000524        0x4 .\CortexM0\ARM_GCC_493\Debug\LED STRIP TEST.a(CyLib.o)
                0x00000524                CyHalt
 .text.CyIntSetVector
                0x00000528       0x24 .\CortexM0\ARM_GCC_493\Debug\LED STRIP TEST.a(CyLib.o)
                0x00000528                CyIntSetVector
 .text.CyDelayUs
                0x0000054c       0x14 .\CortexM0\ARM_GCC_493\Debug\LED STRIP TEST.a(CyLib.o)
                0x0000054c                CyDelayUs
 .text.CySysClkWriteImoFreq
                0x00000560      0x164 .\CortexM0\ARM_GCC_493\Debug\LED STRIP TEST.a(CyLib.o)
                0x00000560                CySysClkWriteImoFreq
 .text.CySysWdtLocked
                0x000006c4       0x14 .\CortexM0\ARM_GCC_493\Debug\LED STRIP TEST.a(CyLFClk.o)
 .text.CySysWdtLock
                0x000006d8       0x1c .\CortexM0\ARM_GCC_493\Debug\LED STRIP TEST.a(CyLFClk.o)
                0x000006d8                CySysWdtLock
 .text.CySysWdtUnlock
                0x000006f4       0x30 .\CortexM0\ARM_GCC_493\Debug\LED STRIP TEST.a(CyLFClk.o)
                0x000006f4                CySysWdtUnlock
 .text.CySysWdtClearInterrupt
                0x00000724       0x4c .\CortexM0\ARM_GCC_493\Debug\LED STRIP TEST.a(CyLFClk.o)
                0x00000724                CySysWdtClearInterrupt
 .text.CySysWdtIsr
                0x00000770       0xa4 .\CortexM0\ARM_GCC_493\Debug\LED STRIP TEST.a(CyLFClk.o)
                0x00000770                CySysWdtIsr
 .text.StripLights_SetFont
                0x00000814       0x4c .\CortexM0\ARM_GCC_493\Debug\LED STRIP TEST.a(StripLights_fonts.o)
                0x00000814                StripLights_SetFont
 .text.StripLights_cisr_SetVector
                0x00000860        0xc .\CortexM0\ARM_GCC_493\Debug\LED STRIP TEST.a(StripLights_cisr.o)
                0x00000860                StripLights_cisr_SetVector
 .text.StripLights_cisr_SetPriority
                0x0000086c       0x20 .\CortexM0\ARM_GCC_493\Debug\LED STRIP TEST.a(StripLights_cisr.o)
                0x0000086c                StripLights_cisr_SetPriority
 .text.StripLights_cisr_Enable
                0x0000088c        0xc .\CortexM0\ARM_GCC_493\Debug\LED STRIP TEST.a(StripLights_cisr.o)
                0x0000088c                StripLights_cisr_Enable
 .text.StripLights_cisr_Disable
                0x00000898        0xc .\CortexM0\ARM_GCC_493\Debug\LED STRIP TEST.a(StripLights_cisr.o)
                0x00000898                StripLights_cisr_Disable
 .text.StripLights_cisr_StartEx
                0x000008a4       0x1c .\CortexM0\ARM_GCC_493\Debug\LED STRIP TEST.a(StripLights_cisr.o)
                0x000008a4                StripLights_cisr_StartEx
 .text.StripLights_fisr_SetVector
                0x000008c0        0xc .\CortexM0\ARM_GCC_493\Debug\LED STRIP TEST.a(StripLights_fisr.o)
                0x000008c0                StripLights_fisr_SetVector
 .text.StripLights_fisr_SetPriority
                0x000008cc       0x24 .\CortexM0\ARM_GCC_493\Debug\LED STRIP TEST.a(StripLights_fisr.o)
                0x000008cc                StripLights_fisr_SetPriority
 .text.StripLights_fisr_Enable
                0x000008f0        0xc .\CortexM0\ARM_GCC_493\Debug\LED STRIP TEST.a(StripLights_fisr.o)
                0x000008f0                StripLights_fisr_Enable
 .text.StripLights_fisr_Disable
                0x000008fc        0xc .\CortexM0\ARM_GCC_493\Debug\LED STRIP TEST.a(StripLights_fisr.o)
                0x000008fc                StripLights_fisr_Disable
 .text.StripLights_fisr_StartEx
                0x00000908       0x1c .\CortexM0\ARM_GCC_493\Debug\LED STRIP TEST.a(StripLights_fisr.o)
                0x00000908                StripLights_fisr_StartEx
 *fill*         0x00000924        0x4 
 .text          0x00000928       0x28 .\CortexM0\ARM_GCC_493\Debug\LED STRIP TEST.a(CyBootAsmGnu.o)
                0x00000928                CyDelayCycles
                0x0000093c                CyEnterCriticalSection
                0x00000944                CyExitCriticalSection
 .text.__errno  0x00000950        0xc c:/program files (x86)/cypress/psoc creator/4.0/psoc creator/import/gnu/arm/4.9.3/bin/../lib/gcc/arm-none-eabi/4.9.3/../../../../arm-none-eabi/lib/armv6-m\libg_nano.a(lib_a-errno.o)
                0x00000950                __errno
 .text.__libc_init_array
                0x0000095c       0x4c c:/program files (x86)/cypress/psoc creator/4.0/psoc creator/import/gnu/arm/4.9.3/bin/../lib/gcc/arm-none-eabi/4.9.3/../../../../arm-none-eabi/lib/armv6-m\libg_nano.a(lib_a-init.o)
                0x0000095c                __libc_init_array
 .text.memset   0x000009a8       0x10 c:/program files (x86)/cypress/psoc creator/4.0/psoc creator/import/gnu/arm/4.9.3/bin/../lib/gcc/arm-none-eabi/4.9.3/../../../../arm-none-eabi/lib/armv6-m\libg_nano.a(lib_a-memset.o)
                0x000009a8                memset
 *(.plt)
 *(.gnu.warning)
 *(.glue_7t)
 .glue_7t       0x00000000        0x0 linker stubs
 *(.glue_7)
 .glue_7        0x00000000        0x0 linker stubs
 *(.vfp11_veneer)
 .vfp11_veneer  0x00000000        0x0 linker stubs
 *(.bootloader)
 *(.ARM.extab* .gnu.linkonce.armextab.*)
 *(.gcc_except_table)

.v4_bx          0x000009b8        0x0
 .v4_bx         0x00000000        0x0 linker stubs

.iplt           0x000009b8        0x0
 .iplt          0x00000000        0x0 c:/program files (x86)/cypress/psoc creator/4.0/psoc creator/import/gnu/arm/4.9.3/bin/../lib/gcc/arm-none-eabi/4.9.3/armv6-m/crtbegin.o

.eh_frame_hdr
 *(.eh_frame_hdr)

.eh_frame       0x000009b8        0x4
 *(.eh_frame)
 .eh_frame      0x000009b8        0x0 c:/program files (x86)/cypress/psoc creator/4.0/psoc creator/import/gnu/arm/4.9.3/bin/../lib/gcc/arm-none-eabi/4.9.3/armv6-m/crtbegin.o
 .eh_frame      0x000009b8        0x4 c:/program files (x86)/cypress/psoc creator/4.0/psoc creator/import/gnu/arm/4.9.3/bin/../lib/gcc/arm-none-eabi/4.9.3/armv6-m/crtend.o
                0x000009bc                PROVIDE (__exidx_start, .)

.ARM.exidx
 *(.ARM.exidx* .gnu.linkonce.armexidx.*)
                0x000009bc                __exidx_end = .

.rodata         0x000009bc      0x5f4
 *(.rodata .rodata.* .gnu.linkonce.r.*)
 .rodata        0x000009bc      0x200 .\CortexM0\ARM_GCC_493\Debug\main.o
                0x000009dc                StripLights_CLUT
 .rodata        0x00000bbc      0x1ac .\CortexM0\ARM_GCC_493\Debug\LED STRIP TEST.a(cyfitter_cfg.o)
 .rodata        0x00000d68       0x30 .\CortexM0\ARM_GCC_493\Debug\LED STRIP TEST.a(CyLib.o)
                0x00000d68                cyImoFreqMhz2Reg
 .rodata        0x00000d98      0x1e0 .\CortexM0\ARM_GCC_493\Debug\LED STRIP TEST.a(StripLights_fonts.o)
                0x00000d98                StripLights_Font5x7
 .rodata.str1.1
                0x00000f78        0x2 c:/program files (x86)/cypress/psoc creator/4.0/psoc creator/import/gnu/arm/4.9.3/bin/../lib/gcc/arm-none-eabi/4.9.3/../../../../arm-none-eabi/lib/armv6-m\libg_nano.a(lib_a-impure.o)
                0x00000f7c                . = ALIGN (0x4)
 *fill*         0x00000f7a        0x2 
 *(.init)
 .init          0x00000f7c        0x4 c:/program files (x86)/cypress/psoc creator/4.0/psoc creator/import/gnu/arm/4.9.3/bin/../lib/gcc/arm-none-eabi/4.9.3/armv6-m/crti.o
                0x00000f7c                _init
 .init          0x00000f80        0x8 c:/program files (x86)/cypress/psoc creator/4.0/psoc creator/import/gnu/arm/4.9.3/bin/../lib/gcc/arm-none-eabi/4.9.3/armv6-m/crtn.o
                0x00000f88                . = ALIGN (0x4)
                0x00000f88                __preinit_array_start = .
 *(.preinit_array)
                0x00000f88                __preinit_array_end = .
                0x00000f88                . = ALIGN (0x4)
                0x00000f88                __init_array_start = .
 *(SORT(.init_array.*))
 *(.init_array)
 .init_array    0x00000f88        0x4 c:/program files (x86)/cypress/psoc creator/4.0/psoc creator/import/gnu/arm/4.9.3/bin/../lib/gcc/arm-none-eabi/4.9.3/armv6-m/crtbegin.o
 .init_array    0x00000f8c        0x4 .\CortexM0\ARM_GCC_493\Debug\Cm0Start.o
                0x00000f90                __init_array_end = .
                0x00000f90                . = ALIGN (0x4)
 *(.fini)
 .fini          0x00000f90        0x4 c:/program files (x86)/cypress/psoc creator/4.0/psoc creator/import/gnu/arm/4.9.3/bin/../lib/gcc/arm-none-eabi/4.9.3/armv6-m/crti.o
                0x00000f90                _fini
 .fini          0x00000f94        0x8 c:/program files (x86)/cypress/psoc creator/4.0/psoc creator/import/gnu/arm/4.9.3/bin/../lib/gcc/arm-none-eabi/4.9.3/armv6-m/crtn.o
                0x00000f9c                . = ALIGN (0x4)
                0x00000f9c                __fini_array_start = .
 *(.fini_array)
 .fini_array    0x00000f9c        0x4 c:/program files (x86)/cypress/psoc creator/4.0/psoc creator/import/gnu/arm/4.9.3/bin/../lib/gcc/arm-none-eabi/4.9.3/armv6-m/crtbegin.o
 *(SORT(.fini_array.*))
                0x00000fa0                __fini_array_end = .
                0x00000fa0                . = ALIGN (0x4)
 *crtbegin.o(.ctors)
 *(EXCLUDE_FILE(*crtend.o) .ctors)
 *(SORT(.ctors.*))
 *crtend.o(.ctors)
                0x00000fa0                . = ALIGN (0x4)
 *crtbegin.o(.dtors)
 *(EXCLUDE_FILE(*crtend.o) .dtors)
 *(SORT(.dtors.*))
 *crtend.o(.dtors)
                0x00000fa0                . = ALIGN (0x4)
                0x00000fa0                __cy_regions = .
                0x00000fa0        0x4 LONG 0xfb0 __cy_region_init_ram
                0x00000fa4        0x4 LONG 0x200000c8 __cy_region_start_data
                0x00000fa8        0x4 LONG 0x80 __cy_region_init_size_ram
                0x00000fac        0x4 LONG 0x2b0 __cy_region_zero_size_ram
                0x00000fb0                __cy_regions_end = .
                0x00000fb0                . = ALIGN (0x8)
                0x00000fb0                _etext = .

.cy_checksum_exclude
                0x00000fb0        0x0
 *(.cy_checksum_exclude)

.ramvectors     0x20000000       0xc0
                0x20000000                __cy_region_start_ram = .
 *(.ramvectors)
 .ramvectors    0x20000000       0xc0 .\CortexM0\ARM_GCC_493\Debug\Cm0Start.o
                0x20000000                CyRamVectors

.noinit         0x200000c0        0x4
 *(.noinit)
 .noinit        0x200000c0        0x4 .\CortexM0\ARM_GCC_493\Debug\Cm0Start.o

.data           0x200000c8       0x80 load address 0x00000fb0
                0x200000c8                __cy_region_start_data = .
 *(.jcr)
 .jcr           0x200000c8        0x0 c:/program files (x86)/cypress/psoc creator/4.0/psoc creator/import/gnu/arm/4.9.3/bin/../lib/gcc/arm-none-eabi/4.9.3/armv6-m/crtbegin.o
 .jcr           0x200000c8        0x4 c:/program files (x86)/cypress/psoc creator/4.0/psoc creator/import/gnu/arm/4.9.3/bin/../lib/gcc/arm-none-eabi/4.9.3/armv6-m/crtend.o
 *(.got.plt)
 *(.got)
 *(.shdata)
 *(.data .data.* .gnu.linkonce.d.*)
 .data          0x200000cc       0x14 .\CortexM0\ARM_GCC_493\Debug\LED STRIP TEST.a(CyLib.o)
                0x200000cc                CySysClkPumpConfig
                0x200000d0                cydelay32kMs
                0x200000d4                cydelayFreqKhz
                0x200000d8                cydelayFreqMhz
                0x200000dc                cydelayFreqHz
 .data          0x200000e0        0x4 .\CortexM0\ARM_GCC_493\Debug\LED STRIP TEST.a(CyLFClk.o)
 .data.impure_data
                0x200000e4       0x60 c:/program files (x86)/cypress/psoc creator/4.0/psoc creator/import/gnu/arm/4.9.3/bin/../lib/gcc/arm-none-eabi/4.9.3/../../../../arm-none-eabi/lib/armv6-m\libg_nano.a(lib_a-impure.o)
 .data._impure_ptr
                0x20000144        0x4 c:/program files (x86)/cypress/psoc creator/4.0/psoc creator/import/gnu/arm/4.9.3/bin/../lib/gcc/arm-none-eabi/4.9.3/../../../../arm-none-eabi/lib/armv6-m\libg_nano.a(lib_a-impure.o)
                0x20000144                _impure_ptr
                0x20000148                . = ALIGN (0x8)
 *(.ram)
                0x20000148                _edata = .

.igot.plt       0x20000148        0x0 load address 0x00001030
 .igot.plt      0x00000000        0x0 c:/program files (x86)/cypress/psoc creator/4.0/psoc creator/import/gnu/arm/4.9.3/bin/../lib/gcc/arm-none-eabi/4.9.3/armv6-m/crtbegin.o

.bss            0x20000148      0x2b0 load address 0x00001030
                0x20000148                PROVIDE (__bss_start__, .)
 *(.shbss)
 *(.bss .bss.* .gnu.linkonce.b.*)
 .bss           0x20000148       0x1c c:/program files (x86)/cypress/psoc creator/4.0/psoc creator/import/gnu/arm/4.9.3/bin/../lib/gcc/arm-none-eabi/4.9.3/armv6-m/crtbegin.o
 .bss           0x20000164       0x18 .\CortexM0\ARM_GCC_493\Debug\main.o
                0x20000164                StripLights_ledIndex
                0x20000168                StripLights_row
                0x20000178                StripLights_initvar
 .bss           0x2000017c       0x20 .\CortexM0\ARM_GCC_493\Debug\LED STRIP TEST.a(CyLFClk.o)
 *(COMMON)
 COMMON         0x2000019c      0x24c .\CortexM0\ARM_GCC_493\Debug\main.o
                0x2000019c                StripLights_ledArray
                0x200003dc                StripLights_DimMask
                0x200003e0                StripLights_DimShift
                0x200003e4                StripLights_refreshComplete
 COMMON         0x200003e8       0x10 .\CortexM0\ARM_GCC_493\Debug\LED STRIP TEST.a(StripLights_fonts.o)
                0x200003e8                StripLights_fontX
                0x200003ec                StripLights_fontOffset
                0x200003f0                StripLights_fontPtr
                0x200003f4                StripLights_fontY
                0x200003f8                . = ALIGN (0x8)
 *(.ram.b)
                0x200003f8                _end = .
                0x200003f8                __end = .
                0x200003f8                PROVIDE (end, .)
                0x200003f8                PROVIDE (__bss_end__, .)
                0x00000fb0                __cy_region_init_ram = LOADADDR (.data)
                0x00000080                __cy_region_init_size_ram = (_edata - ADDR (.data))
                0x000002b0                __cy_region_zero_size_ram = (_end - _edata)

.heap           0x200003f8       0x80 load address 0x00001030
                0x200003f8                . = _end
                0x20000478                . = (. + 0x80)
 *fill*         0x200003f8       0x80 
                0x20000478                __cy_heap_limit = .

.stack          0x20000c00      0x400
                0x20000c00                __cy_stack_limit = .
                0x20001000                . = (. + 0x400)
 *fill*         0x20000c00      0x400 
                0x00000001                ASSERT ((__cy_stack_limit >= __cy_heap_limit), region RAM overflowed with stack)
                0x00000000                cy_checksum_exclude_size = (CY_APPL_LOADABLE == 0x1)?SIZEOF (.cy_checksum_exclude):0x0
                0x00000001                ASSERT ((cy_checksum_exclude_size <= CY_CHECKSUM_EXCLUDE_SIZE), CY_BOOT: Section .cy_checksum_exclude size exceedes specified limit.)
                0x00007fc0                cyloadermeta_start = (cy_project_type_bootloader || cy_project_type_app_for_stack_and_copier)?(0x8000 - CY_METADATA_SIZE):0xf0000000

.cyloadermeta
 *(.cyloadermeta)
                0x00007fc0                cyloadablemeta_start = cy_project_type_app_for_stack_and_copier?((0x8000 - CY_FLASH_ROW_SIZE) - CY_METADATA_SIZE):((0x8000 - (CY_FLASH_ROW_SIZE * (CY_APPL_NUM - 0x1))) - CY_METADATA_SIZE)

.cyloadablemeta
 *(.cyloadablemeta)

.cyflashprotect
                0x90400000       0x20
 *(.cyflashprotect)
 .cyflashprotect
                0x90400000       0x20 .\CortexM0\ARM_GCC_493\Debug\cymetadata.o
                0x90400000                cy_meta_flashprotect

.cymeta         0x90500000        0xc
 *(.cymeta)
 .cymeta        0x90500000        0xc .\CortexM0\ARM_GCC_493\Debug\cymetadata.o
                0x90500000                cy_metadata

.cychipprotect  0x90600000        0x4
 *(.cychipprotect)
 .cychipprotect
                0x90600000        0x4 .\CortexM0\ARM_GCC_493\Debug\cymetadata.o
                0x90600000                cy_meta_chipprotect

.rel.dyn        0x00001030        0x0 load address 0x90600004
 .rel.iplt      0x00000000        0x0 c:/program files (x86)/cypress/psoc creator/4.0/psoc creator/import/gnu/arm/4.9.3/bin/../lib/gcc/arm-none-eabi/4.9.3/armv6-m/crtbegin.o

.stab
 *(.stab)

.stabstr
 *(.stabstr)

.debug
 *(.debug)

.line
 *(.line)

.debug_srcinfo
 *(.debug_srcinfo)

.debug_sfnames
 *(.debug_sfnames)

.debug_aranges  0x00000000      0x548
 *(.debug_aranges)
 .debug_aranges
                0x00000000       0xa8 .\CortexM0\ARM_GCC_493\Debug\main.o
 .debug_aranges
                0x000000a8       0x18 .\CortexM0\ARM_GCC_493\Debug\cymetadata.o
 .debug_aranges
                0x000000c0       0x48 .\CortexM0\ARM_GCC_493\Debug\Cm0Start.o
 .debug_aranges
                0x00000108       0x38 .\CortexM0\ARM_GCC_493\Debug\LED STRIP TEST.a(cyfitter_cfg.o)
 .debug_aranges
                0x00000140      0x180 .\CortexM0\ARM_GCC_493\Debug\LED STRIP TEST.a(CyLib.o)
 .debug_aranges
                0x000002c0      0x138 .\CortexM0\ARM_GCC_493\Debug\LED STRIP TEST.a(CyLFClk.o)
 .debug_aranges
                0x000003f8       0x30 .\CortexM0\ARM_GCC_493\Debug\LED STRIP TEST.a(StripLights_fonts.o)
 .debug_aranges
                0x00000428       0x80 .\CortexM0\ARM_GCC_493\Debug\LED STRIP TEST.a(StripLights_cisr.o)
 .debug_aranges
                0x000004a8       0x80 .\CortexM0\ARM_GCC_493\Debug\LED STRIP TEST.a(StripLights_fisr.o)
 .debug_aranges
                0x00000528       0x20 .\CortexM0\ARM_GCC_493\Debug\LED STRIP TEST.a(CyBootAsmGnu.o)

.debug_pubnames
 *(.debug_pubnames)

.debug_info     0x00000000     0x35a4
 *(.debug_info .gnu.linkonce.wi.*)
 .debug_info    0x00000000      0xaf0 .\CortexM0\ARM_GCC_493\Debug\main.o
 .debug_info    0x00000af0       0xfe .\CortexM0\ARM_GCC_493\Debug\cymetadata.o
 .debug_info    0x00000bee      0x39a .\CortexM0\ARM_GCC_493\Debug\Cm0Start.o
 .debug_info    0x00000f88      0x3bd .\CortexM0\ARM_GCC_493\Debug\LED STRIP TEST.a(cyfitter_cfg.o)
 .debug_info    0x00001345      0xb07 .\CortexM0\ARM_GCC_493\Debug\LED STRIP TEST.a(CyLib.o)
 .debug_info    0x00001e4c      0xcfc .\CortexM0\ARM_GCC_493\Debug\LED STRIP TEST.a(CyLFClk.o)
 .debug_info    0x00002b48      0x3bd .\CortexM0\ARM_GCC_493\Debug\LED STRIP TEST.a(StripLights_fonts.o)
 .debug_info    0x00002f05      0x300 .\CortexM0\ARM_GCC_493\Debug\LED STRIP TEST.a(StripLights_cisr.o)
 .debug_info    0x00003205      0x300 .\CortexM0\ARM_GCC_493\Debug\LED STRIP TEST.a(StripLights_fisr.o)
 .debug_info    0x00003505       0x9f .\CortexM0\ARM_GCC_493\Debug\LED STRIP TEST.a(CyBootAsmGnu.o)

.debug_abbrev   0x00000000      0xf42
 *(.debug_abbrev)
 .debug_abbrev  0x00000000      0x224 .\CortexM0\ARM_GCC_493\Debug\main.o
 .debug_abbrev  0x00000224       0x5d .\CortexM0\ARM_GCC_493\Debug\cymetadata.o
 .debug_abbrev  0x00000281      0x1e6 .\CortexM0\ARM_GCC_493\Debug\Cm0Start.o
 .debug_abbrev  0x00000467      0x1d5 .\CortexM0\ARM_GCC_493\Debug\LED STRIP TEST.a(cyfitter_cfg.o)
 .debug_abbrev  0x0000063c      0x20d .\CortexM0\ARM_GCC_493\Debug\LED STRIP TEST.a(CyLib.o)
 .debug_abbrev  0x00000849      0x23b .\CortexM0\ARM_GCC_493\Debug\LED STRIP TEST.a(CyLFClk.o)
 .debug_abbrev  0x00000a84      0x142 .\CortexM0\ARM_GCC_493\Debug\LED STRIP TEST.a(StripLights_fonts.o)
 .debug_abbrev  0x00000bc6      0x1b4 .\CortexM0\ARM_GCC_493\Debug\LED STRIP TEST.a(StripLights_cisr.o)
 .debug_abbrev  0x00000d7a      0x1b4 .\CortexM0\ARM_GCC_493\Debug\LED STRIP TEST.a(StripLights_fisr.o)
 .debug_abbrev  0x00000f2e       0x14 .\CortexM0\ARM_GCC_493\Debug\LED STRIP TEST.a(CyBootAsmGnu.o)

.debug_line     0x00000000     0x13e8
 *(.debug_line)
 .debug_line    0x00000000      0x312 .\CortexM0\ARM_GCC_493\Debug\main.o
 .debug_line    0x00000312       0x51 .\CortexM0\ARM_GCC_493\Debug\cymetadata.o
 .debug_line    0x00000363      0x24e .\CortexM0\ARM_GCC_493\Debug\Cm0Start.o
 .debug_line    0x000005b1      0x15e .\CortexM0\ARM_GCC_493\Debug\LED STRIP TEST.a(cyfitter_cfg.o)
 .debug_line    0x0000070f      0x460 .\CortexM0\ARM_GCC_493\Debug\LED STRIP TEST.a(CyLib.o)
 .debug_line    0x00000b6f      0x467 .\CortexM0\ARM_GCC_493\Debug\LED STRIP TEST.a(CyLFClk.o)
 .debug_line    0x00000fd6       0xf5 .\CortexM0\ARM_GCC_493\Debug\LED STRIP TEST.a(StripLights_fonts.o)
 .debug_line    0x000010cb      0x158 .\CortexM0\ARM_GCC_493\Debug\LED STRIP TEST.a(StripLights_cisr.o)
 .debug_line    0x00001223      0x15c .\CortexM0\ARM_GCC_493\Debug\LED STRIP TEST.a(StripLights_fisr.o)
 .debug_line    0x0000137f       0x69 .\CortexM0\ARM_GCC_493\Debug\LED STRIP TEST.a(CyBootAsmGnu.o)

.debug_frame    0x00000000      0xe14
 *(.debug_frame)
 .debug_frame   0x00000000      0x1ec .\CortexM0\ARM_GCC_493\Debug\main.o
 .debug_frame   0x000001ec       0xbc .\CortexM0\ARM_GCC_493\Debug\Cm0Start.o
 .debug_frame   0x000002a8       0x8c .\CortexM0\ARM_GCC_493\Debug\LED STRIP TEST.a(cyfitter_cfg.o)
 .debug_frame   0x00000334      0x3e0 .\CortexM0\ARM_GCC_493\Debug\LED STRIP TEST.a(CyLib.o)
 .debug_frame   0x00000714      0x3a8 .\CortexM0\ARM_GCC_493\Debug\LED STRIP TEST.a(CyLFClk.o)
 .debug_frame   0x00000abc       0x84 .\CortexM0\ARM_GCC_493\Debug\LED STRIP TEST.a(StripLights_fonts.o)
 .debug_frame   0x00000b40      0x110 .\CortexM0\ARM_GCC_493\Debug\LED STRIP TEST.a(StripLights_cisr.o)
 .debug_frame   0x00000c50      0x110 .\CortexM0\ARM_GCC_493\Debug\LED STRIP TEST.a(StripLights_fisr.o)
 .debug_frame   0x00000d60       0x20 c:/program files (x86)/cypress/psoc creator/4.0/psoc creator/import/gnu/arm/4.9.3/bin/../lib/gcc/arm-none-eabi/4.9.3/armv6-m\libgcc.a(_udivsi3.o)
 .debug_frame   0x00000d80       0x20 c:/program files (x86)/cypress/psoc creator/4.0/psoc creator/import/gnu/arm/4.9.3/bin/../lib/gcc/arm-none-eabi/4.9.3/../../../../arm-none-eabi/lib/armv6-m\libg_nano.a(lib_a-errno.o)
 .debug_frame   0x00000da0       0x28 c:/program files (x86)/cypress/psoc creator/4.0/psoc creator/import/gnu/arm/4.9.3/bin/../lib/gcc/arm-none-eabi/4.9.3/../../../../arm-none-eabi/lib/armv6-m\libg_nano.a(lib_a-exit.o)
 .debug_frame   0x00000dc8       0x2c c:/program files (x86)/cypress/psoc creator/4.0/psoc creator/import/gnu/arm/4.9.3/bin/../lib/gcc/arm-none-eabi/4.9.3/../../../../arm-none-eabi/lib/armv6-m\libg_nano.a(lib_a-init.o)
 .debug_frame   0x00000df4       0x20 c:/program files (x86)/cypress/psoc creator/4.0/psoc creator/import/gnu/arm/4.9.3/bin/../lib/gcc/arm-none-eabi/4.9.3/../../../../arm-none-eabi/lib/armv6-m\libg_nano.a(lib_a-memset.o)

.debug_str      0x00000000     0x148c
 *(.debug_str)
 .debug_str     0x00000000      0x41e .\CortexM0\ARM_GCC_493\Debug\main.o
                                0x45d (size before relaxing)
 .debug_str     0x0000041e       0x59 .\CortexM0\ARM_GCC_493\Debug\cymetadata.o
                                0x1dd (size before relaxing)
 .debug_str     0x00000477      0x14d .\CortexM0\ARM_GCC_493\Debug\Cm0Start.o
                                0x304 (size before relaxing)
 .debug_str     0x000005c4       0xf5 .\CortexM0\ARM_GCC_493\Debug\LED STRIP TEST.a(cyfitter_cfg.o)
                                0x2d5 (size before relaxing)
 .debug_str     0x000006b9      0x4d8 .\CortexM0\ARM_GCC_493\Debug\LED STRIP TEST.a(CyLib.o)
                                0x6c7 (size before relaxing)
 .debug_str     0x00000b91      0x530 .\CortexM0\ARM_GCC_493\Debug\LED STRIP TEST.a(CyLFClk.o)
                                0x740 (size before relaxing)
 .debug_str     0x000010c1       0xee .\CortexM0\ARM_GCC_493\Debug\LED STRIP TEST.a(StripLights_fonts.o)
                                0x2d4 (size before relaxing)
 .debug_str     0x000011af      0x176 .\CortexM0\ARM_GCC_493\Debug\LED STRIP TEST.a(StripLights_cisr.o)
                                0x387 (size before relaxing)
 .debug_str     0x00001325      0x167 .\CortexM0\ARM_GCC_493\Debug\LED STRIP TEST.a(StripLights_fisr.o)
                                0x387 (size before relaxing)

.debug_loc      0x00000000     0x1c74
 *(.debug_loc)
 .debug_loc     0x00000000      0x72d .\CortexM0\ARM_GCC_493\Debug\main.o
 .debug_loc     0x0000072d      0x14f .\CortexM0\ARM_GCC_493\Debug\Cm0Start.o
 .debug_loc     0x0000087c      0x118 .\CortexM0\ARM_GCC_493\Debug\LED STRIP TEST.a(cyfitter_cfg.o)
 .debug_loc     0x00000994      0x5b5 .\CortexM0\ARM_GCC_493\Debug\LED STRIP TEST.a(CyLib.o)
 .debug_loc     0x00000f49      0x9d5 .\CortexM0\ARM_GCC_493\Debug\LED STRIP TEST.a(CyLFClk.o)
 .debug_loc     0x0000191e      0x252 .\CortexM0\ARM_GCC_493\Debug\LED STRIP TEST.a(StripLights_fonts.o)
 .debug_loc     0x00001b70       0x82 .\CortexM0\ARM_GCC_493\Debug\LED STRIP TEST.a(StripLights_cisr.o)
 .debug_loc     0x00001bf2       0x82 .\CortexM0\ARM_GCC_493\Debug\LED STRIP TEST.a(StripLights_fisr.o)

.debug_macinfo
 *(.debug_macinfo)

.debug_ranges   0x00000000      0x490
 *(.debug_ranges)
 .debug_ranges  0x00000000       0x98 .\CortexM0\ARM_GCC_493\Debug\main.o
 .debug_ranges  0x00000098       0x38 .\CortexM0\ARM_GCC_493\Debug\Cm0Start.o
 .debug_ranges  0x000000d0       0x28 .\CortexM0\ARM_GCC_493\Debug\LED STRIP TEST.a(cyfitter_cfg.o)
 .debug_ranges  0x000000f8      0x170 .\CortexM0\ARM_GCC_493\Debug\LED STRIP TEST.a(CyLib.o)
 .debug_ranges  0x00000268      0x128 .\CortexM0\ARM_GCC_493\Debug\LED STRIP TEST.a(CyLFClk.o)
 .debug_ranges  0x00000390       0x20 .\CortexM0\ARM_GCC_493\Debug\LED STRIP TEST.a(StripLights_fonts.o)
 .debug_ranges  0x000003b0       0x70 .\CortexM0\ARM_GCC_493\Debug\LED STRIP TEST.a(StripLights_cisr.o)
 .debug_ranges  0x00000420       0x70 .\CortexM0\ARM_GCC_493\Debug\LED STRIP TEST.a(StripLights_fisr.o)

.comment        0x00000000       0x70
 .comment       0x00000000       0x70 .\CortexM0\ARM_GCC_493\Debug\main.o
                                 0x71 (size before relaxing)
 .comment       0x00000000       0x71 .\CortexM0\ARM_GCC_493\Debug\cymetadata.o
 .comment       0x00000000       0x71 .\CortexM0\ARM_GCC_493\Debug\Cm0Start.o
 .comment       0x00000000       0x71 .\CortexM0\ARM_GCC_493\Debug\LED STRIP TEST.a(cyfitter_cfg.o)
 .comment       0x00000000       0x71 .\CortexM0\ARM_GCC_493\Debug\LED STRIP TEST.a(CyLib.o)
 .comment       0x00000000       0x71 .\CortexM0\ARM_GCC_493\Debug\LED STRIP TEST.a(CyLFClk.o)
 .comment       0x00000000       0x71 .\CortexM0\ARM_GCC_493\Debug\LED STRIP TEST.a(StripLights_fonts.o)
 .comment       0x00000000       0x71 .\CortexM0\ARM_GCC_493\Debug\LED STRIP TEST.a(StripLights_cisr.o)
 .comment       0x00000000       0x71 .\CortexM0\ARM_GCC_493\Debug\LED STRIP TEST.a(StripLights_fisr.o)

.debug_weaknames
 *(.debug_weaknames)

.debug_funcnames
 *(.debug_funcnames)

.debug_typenames
 *(.debug_typenames)

.debug_varnames
 *(.debug_varnames)

.note.gnu.arm.ident
 *(.note.gnu.arm.ident)

.ARM.attributes
                0x00000000       0x28
 *(.ARM.attributes)
 .ARM.attributes
                0x00000000       0x1e c:/program files (x86)/cypress/psoc creator/4.0/psoc creator/import/gnu/arm/4.9.3/bin/../lib/gcc/arm-none-eabi/4.9.3/armv6-m/crti.o
 .ARM.attributes
                0x0000001e       0x2c c:/program files (x86)/cypress/psoc creator/4.0/psoc creator/import/gnu/arm/4.9.3/bin/../lib/gcc/arm-none-eabi/4.9.3/armv6-m/crtbegin.o
 .ARM.attributes
                0x0000004a       0x1b c:/program files (x86)/cypress/psoc creator/4.0/psoc creator/import/gnu/arm/4.9.3/bin/../lib/gcc/arm-none-eabi/4.9.3/../../../../arm-none-eabi/lib/armv6-m/crt0.o
 .ARM.attributes
                0x00000065       0x31 .\CortexM0\ARM_GCC_493\Debug\main.o
 .ARM.attributes
                0x00000096       0x31 .\CortexM0\ARM_GCC_493\Debug\cymetadata.o
 .ARM.attributes
                0x000000c7       0x31 .\CortexM0\ARM_GCC_493\Debug\Cm0Start.o
 .ARM.attributes
                0x000000f8       0x31 .\CortexM0\ARM_GCC_493\Debug\LED STRIP TEST.a(cyfitter_cfg.o)
 .ARM.attributes
                0x00000129       0x31 .\CortexM0\ARM_GCC_493\Debug\LED STRIP TEST.a(CyLib.o)
 .ARM.attributes
                0x0000015a       0x31 .\CortexM0\ARM_GCC_493\Debug\LED STRIP TEST.a(CyLFClk.o)
 .ARM.attributes
                0x0000018b       0x31 .\CortexM0\ARM_GCC_493\Debug\LED STRIP TEST.a(StripLights_fonts.o)
 .ARM.attributes
                0x000001bc       0x31 .\CortexM0\ARM_GCC_493\Debug\LED STRIP TEST.a(StripLights_cisr.o)
 .ARM.attributes
                0x000001ed       0x31 .\CortexM0\ARM_GCC_493\Debug\LED STRIP TEST.a(StripLights_fisr.o)
 .ARM.attributes
                0x0000021e       0x21 .\CortexM0\ARM_GCC_493\Debug\LED STRIP TEST.a(CyBootAsmGnu.o)
 .ARM.attributes
                0x0000023f       0x1e c:/program files (x86)/cypress/psoc creator/4.0/psoc creator/import/gnu/arm/4.9.3/bin/../lib/gcc/arm-none-eabi/4.9.3/armv6-m\libgcc.a(_udivsi3.o)
 .ARM.attributes
                0x0000025d       0x1e c:/program files (x86)/cypress/psoc creator/4.0/psoc creator/import/gnu/arm/4.9.3/bin/../lib/gcc/arm-none-eabi/4.9.3/armv6-m\libgcc.a(_dvmd_tls.o)
 .ARM.attributes
                0x0000027b       0x2c c:/program files (x86)/cypress/psoc creator/4.0/psoc creator/import/gnu/arm/4.9.3/bin/../lib/gcc/arm-none-eabi/4.9.3/../../../../arm-none-eabi/lib/armv6-m\libg_nano.a(lib_a-errno.o)
 .ARM.attributes
                0x000002a7       0x2c c:/program files (x86)/cypress/psoc creator/4.0/psoc creator/import/gnu/arm/4.9.3/bin/../lib/gcc/arm-none-eabi/4.9.3/../../../../arm-none-eabi/lib/armv6-m\libg_nano.a(lib_a-exit.o)
 .ARM.attributes
                0x000002d3       0x2c c:/program files (x86)/cypress/psoc creator/4.0/psoc creator/import/gnu/arm/4.9.3/bin/../lib/gcc/arm-none-eabi/4.9.3/../../../../arm-none-eabi/lib/armv6-m\libg_nano.a(lib_a-impure.o)
 .ARM.attributes
                0x000002ff       0x2c c:/program files (x86)/cypress/psoc creator/4.0/psoc creator/import/gnu/arm/4.9.3/bin/../lib/gcc/arm-none-eabi/4.9.3/../../../../arm-none-eabi/lib/armv6-m\libg_nano.a(lib_a-init.o)
 .ARM.attributes
                0x0000032b       0x2c c:/program files (x86)/cypress/psoc creator/4.0/psoc creator/import/gnu/arm/4.9.3/bin/../lib/gcc/arm-none-eabi/4.9.3/../../../../arm-none-eabi/lib/armv6-m\libg_nano.a(lib_a-memset.o)
 .ARM.attributes
                0x00000357       0x2c c:/program files (x86)/cypress/psoc creator/4.0/psoc creator/import/gnu/arm/4.9.3/bin/../lib/gcc/arm-none-eabi/4.9.3/armv6-m/crtend.o
 .ARM.attributes
                0x00000383       0x1e c:/program files (x86)/cypress/psoc creator/4.0/psoc creator/import/gnu/arm/4.9.3/bin/../lib/gcc/arm-none-eabi/4.9.3/armv6-m/crtn.o

/DISCARD/
 *(.note.GNU-stack)
OUTPUT(.\CortexM0\ARM_GCC_493\Debug\LED STRIP TEST.elf elf32-littlearm)
