Archive member included because of file (symbol)

.\CortexM3\ARM_GCC_493\Debug\All_sensor_test.a(cyfitter_cfg.o)
                              .\CortexM3\ARM_GCC_493\Debug\Cm3Start.o (cyfitter_cfg)
.\CortexM3\ARM_GCC_493\Debug\All_sensor_test.a(I2C.o)
                              .\CortexM3\ARM_GCC_493\Debug\main.o (I2C_Start)
.\CortexM3\ARM_GCC_493\Debug\All_sensor_test.a(I2C_INT.o)
                              .\CortexM3\ARM_GCC_493\Debug\All_sensor_test.a(I2C.o) (I2C_ISR)
.\CortexM3\ARM_GCC_493\Debug\All_sensor_test.a(I2C_PM.o)
                              .\CortexM3\ARM_GCC_493\Debug\All_sensor_test.a(I2C.o) (I2C_backup)
.\CortexM3\ARM_GCC_493\Debug\All_sensor_test.a(I2C_MASTER.o)
                              .\CortexM3\ARM_GCC_493\Debug\accel_mag.o (I2C_MasterWriteBuf)
.\CortexM3\ARM_GCC_493\Debug\All_sensor_test.a(CyLib.o)
                              .\CortexM3\ARM_GCC_493\Debug\Cm3Start.o (CyHalt)
.\CortexM3\ARM_GCC_493\Debug\All_sensor_test.a(cyPm.o)
                              .\CortexM3\ARM_GCC_493\Debug\All_sensor_test.a(CyLib.o) (CyPmReadStatus)
.\CortexM3\ARM_GCC_493\Debug\All_sensor_test.a(gpsSerial.o)
                              .\CortexM3\ARM_GCC_493\Debug\main.o (gpsSerial_Start)
.\CortexM3\ARM_GCC_493\Debug\All_sensor_test.a(gpsSerial_IntClock.o)
                              .\CortexM3\ARM_GCC_493\Debug\All_sensor_test.a(gpsSerial.o) (gpsSerial_IntClock_Start)
.\CortexM3\ARM_GCC_493\Debug\All_sensor_test.a(xbeeSerial.o)
                              .\CortexM3\ARM_GCC_493\Debug\main.o (xbeeSerial_Start)
.\CortexM3\ARM_GCC_493\Debug\All_sensor_test.a(debugSerial.o)
                              .\CortexM3\ARM_GCC_493\Debug\debSerial.o (debugSerial_Start)
.\CortexM3\ARM_GCC_493\Debug\All_sensor_test.a(xbeeSerial_IntClock.o)
                              .\CortexM3\ARM_GCC_493\Debug\All_sensor_test.a(xbeeSerial.o) (xbeeSerial_IntClock_Start)
.\CortexM3\ARM_GCC_493\Debug\All_sensor_test.a(debugSerial_IntClock.o)
                              .\CortexM3\ARM_GCC_493\Debug\All_sensor_test.a(debugSerial.o) (debugSerial_IntClock_Start)
.\CortexM3\ARM_GCC_493\Debug\All_sensor_test.a(CyBootAsmGnu.o)
                              .\CortexM3\ARM_GCC_493\Debug\All_sensor_test.a(cyfitter_cfg.o) (CyDelayCycles)
.\CortexM3\ARM_GCC_493\Debug\All_sensor_test.a(CyFlash.o)
                              .\CortexM3\ARM_GCC_493\Debug\All_sensor_test.a(cyPm.o) (CyFlash_SetWaitCycles)
.\CortexM3\ARM_GCC_493\Debug\All_sensor_test.a(CySpc.o)
                              .\CortexM3\ARM_GCC_493\Debug\All_sensor_test.a(CyFlash.o) (CySpcStart)
c:/program files (x86)/cypress/psoc creator/4.0/psoc creator/import/gnu/arm/4.9.3/bin/../lib/gcc/arm-none-eabi/4.9.3/../../../../arm-none-eabi/lib/armv7-m\libm.a(lib_a-w_pow.o)
                              .\CortexM3\ARM_GCC_493\Debug\barometer.o (pow)
c:/program files (x86)/cypress/psoc creator/4.0/psoc creator/import/gnu/arm/4.9.3/bin/../lib/gcc/arm-none-eabi/4.9.3/../../../../arm-none-eabi/lib/armv7-m\libm.a(lib_a-e_pow.o)
                              c:/program files (x86)/cypress/psoc creator/4.0/psoc creator/import/gnu/arm/4.9.3/bin/../lib/gcc/arm-none-eabi/4.9.3/../../../../arm-none-eabi/lib/armv7-m\libm.a(lib_a-w_pow.o) (__ieee754_pow)
c:/program files (x86)/cypress/psoc creator/4.0/psoc creator/import/gnu/arm/4.9.3/bin/../lib/gcc/arm-none-eabi/4.9.3/../../../../arm-none-eabi/lib/armv7-m\libm.a(lib_a-e_sqrt.o)
                              c:/program files (x86)/cypress/psoc creator/4.0/psoc creator/import/gnu/arm/4.9.3/bin/../lib/gcc/arm-none-eabi/4.9.3/../../../../arm-none-eabi/lib/armv7-m\libm.a(lib_a-e_pow.o) (__ieee754_sqrt)
c:/program files (x86)/cypress/psoc creator/4.0/psoc creator/import/gnu/arm/4.9.3/bin/../lib/gcc/arm-none-eabi/4.9.3/../../../../arm-none-eabi/lib/armv7-m\libm.a(lib_a-s_fabs.o)
                              c:/program files (x86)/cypress/psoc creator/4.0/psoc creator/import/gnu/arm/4.9.3/bin/../lib/gcc/arm-none-eabi/4.9.3/../../../../arm-none-eabi/lib/armv7-m\libm.a(lib_a-e_pow.o) (fabs)
c:/program files (x86)/cypress/psoc creator/4.0/psoc creator/import/gnu/arm/4.9.3/bin/../lib/gcc/arm-none-eabi/4.9.3/../../../../arm-none-eabi/lib/armv7-m\libm.a(lib_a-s_finite.o)
                              c:/program files (x86)/cypress/psoc creator/4.0/psoc creator/import/gnu/arm/4.9.3/bin/../lib/gcc/arm-none-eabi/4.9.3/../../../../arm-none-eabi/lib/armv7-m\libm.a(lib_a-w_pow.o) (finite)
c:/program files (x86)/cypress/psoc creator/4.0/psoc creator/import/gnu/arm/4.9.3/bin/../lib/gcc/arm-none-eabi/4.9.3/../../../../arm-none-eabi/lib/armv7-m\libm.a(lib_a-s_fpclassify.o)
                              c:/program files (x86)/cypress/psoc creator/4.0/psoc creator/import/gnu/arm/4.9.3/bin/../lib/gcc/arm-none-eabi/4.9.3/../../../../arm-none-eabi/lib/armv7-m\libm.a(lib_a-w_pow.o) (__fpclassifyd)
[...]
Memory Configuration

Name             Origin             Length             Attributes
rom              0x00000000         0x00040000         xr
ram              0x1fff8000         0x00010000         xrw
*default*        0x00000000         0xffffffff

Linker script and memory map

LOAD c:/program files (x86)/cypress/psoc creator/4.0/psoc creator/import/gnu/arm/4.9.3/bin/../lib/gcc/arm-none-eabi/4.9.3/armv7-m/crti.o
LOAD c:/program files (x86)/cypress/psoc creator/4.0/psoc creator/import/gnu/arm/4.9.3/bin/../lib/gcc/arm-none-eabi/4.9.3/armv7-m/crtbegin.o
LOAD c:/program files (x86)/cypress/psoc creator/4.0/psoc creator/import/gnu/arm/4.9.3/bin/../lib/gcc/arm-none-eabi/4.9.3/../../../../arm-none-eabi/lib/armv7-m/crt0.o
START GROUP
LOAD .\CortexM3\ARM_GCC_493\Debug\main.o
LOAD .\CortexM3\ARM_GCC_493\Debug\accel_mag.o
LOAD .\CortexM3\ARM_GCC_493\Debug\gyroscope.o
LOAD .\CortexM3\ARM_GCC_493\Debug\SensorVal.o
LOAD .\CortexM3\ARM_GCC_493\Debug\twi.o
LOAD .\CortexM3\ARM_GCC_493\Debug\barometer.o
LOAD .\CortexM3\ARM_GCC_493\Debug\debSerial.o
LOAD .\CortexM3\ARM_GCC_493\Debug\cymetadata.o
LOAD .\CortexM3\ARM_GCC_493\Debug\Cm3Start.o
LOAD .\CortexM3\ARM_GCC_493\Debug\All_sensor_test.a
LOAD C:\Program Files (x86)\Cypress\PSoC Creator\4.0\PSoC Creator\psoc\content\cycomponentlibrary\CyComponentLibrary.cylib\CortexM3\ARM_GCC_493\Debug\CyComponentLibrary.a
LOAD c:/program files (x86)/cypress/psoc creator/4.0/psoc creator/import/gnu/arm/4.9.3/bin/../lib/gcc/arm-none-eabi/4.9.3/../../../../arm-none-eabi/lib/armv7-m\libm.a
END GROUP
START GROUP
LOAD c:/program files (x86)/cypress/psoc creator/4.0/psoc creator/import/gnu/arm/4.9.3/bin/../lib/gcc/arm-none-eabi/4.9.3/armv7-m\libgcc.a
LOAD c:/program files (x86)/cypress/psoc creator/4.0/psoc creator/import/gnu/arm/4.9.3/bin/../lib/gcc/arm-none-eabi/4.9.3/../../../../arm-none-eabi/lib/armv7-m\libg_nano.a
LOAD c:/program files (x86)/cypress/psoc creator/4.0/psoc creator/import/gnu/arm/4.9.3/bin/../lib/gcc/arm-none-eabi/4.9.3/../../../../arm-none-eabi/lib/armv7-m\libc_nano.a
END GROUP
START GROUP
LOAD c:/program files (x86)/cypress/psoc creator/4.0/psoc creator/import/gnu/arm/4.9.3/bin/../lib/gcc/arm-none-eabi/4.9.3/armv7-m\libgcc.a
LOAD c:/program files (x86)/cypress/psoc creator/4.0/psoc creator/import/gnu/arm/4.9.3/bin/../lib/gcc/arm-none-eabi/4.9.3/../../../../arm-none-eabi/lib/armv7-m\libc_nano.a
END GROUP
LOAD c:/program files (x86)/cypress/psoc creator/4.0/psoc creator/import/gnu/arm/4.9.3/bin/../lib/gcc/arm-none-eabi/4.9.3/armv7-m/crtend.o
LOAD c:/program files (x86)/cypress/psoc creator/4.0/psoc creator/import/gnu/arm/4.9.3/bin/../lib/gcc/arm-none-eabi/4.9.3/armv7-m/crtn.o
START GROUP
LOAD c:/program files (x86)/cypress/psoc creator/4.0/psoc creator/import/gnu/arm/4.9.3/bin/../lib/gcc/arm-none-eabi/4.9.3/armv7-m\libgcc.a
LOAD c:/program files (x86)/cypress/psoc creator/4.0/psoc creator/import/gnu/arm/4.9.3/bin/../lib/gcc/arm-none-eabi/4.9.3/../../../../arm-none-eabi/lib/armv7-m\libc.a
LOAD c:/program files (x86)/cypress/psoc creator/4.0/psoc creator/import/gnu/arm/4.9.3/bin/../lib/gcc/arm-none-eabi/4.9.3/../../../../arm-none-eabi/lib/armv7-m\libnosys.a
END GROUP
                0x00000000                CY_APPL_ORIGIN = 0x0
                0x00000100                CY_FLASH_ROW_SIZE = 0x100
                0x00000020                CY_ECC_ROW_SIZE = 0x20
                0x00000000                CY_EE_IN_BTLDR = 0x0
                0x00000000                CY_APPL_LOADABLE = 0x0
                0x00000800                CY_EE_SIZE = 0x800
                0x00000001                CY_APPL_NUM = 0x1
                0x00000001                CY_APPL_MAX = 0x1
                0x00000040                CY_METADATA_SIZE = 0x40
                0x00000000                CY_APPL_LOADABLE = 0x0
                0x00000000                CY_CHECKSUM_EXCLUDE_SIZE = ALIGN (0x0, CY_FLASH_ROW_SIZE)
                0x1fff8308                PROVIDE (__cy_heap_start, _end)
                0x00000001                PROVIDE (__cy_region_num, ((__cy_regions_end - __cy_regions) / 0x10))
                0x20008000                PROVIDE (__cy_stack, (ORIGIN (ram) + 0x10000))
                0x20007800                PROVIDE (__cy_heap_end, (__cy_stack - 0x800))

.cybootloader   0x00000000        0x0
 *(.cybootloader)
                0x00000000                appl1_start = CY_APPL_ORIGIN?CY_APPL_ORIGIN:ALIGN (CY_FLASH_ROW_SIZE)
                0x0001ff00                appl2_start = (appl1_start + ALIGN ((((0x40000 - appl1_start) - (0x2 * CY_FLASH_ROW_SIZE)) / 0x2), CY_FLASH_ROW_SIZE))
                0x00000000                appl_start = (CY_APPL_NUM == 0x1)?appl1_start:appl2_start
                0x00000000                ecc_offset = ((appl_start / CY_FLASH_ROW_SIZE) * CY_ECC_ROW_SIZE)
                0x00000000                ee_offset = (CY_APPL_LOADABLE && ! (CY_EE_IN_BTLDR))?((CY_EE_SIZE / CY_APPL_MAX) * (CY_APPL_NUM - 0x1)):0x0
                0x00000800                ee_size = (CY_APPL_LOADABLE && ! (CY_EE_IN_BTLDR))?(CY_EE_SIZE / CY_APPL_MAX):CY_EE_SIZE
                0x00000000                PROVIDE (CY_ECC_OFFSET, ecc_offset)

.text           0x00000000     0x5a90
 CREATE_OBJECT_SYMBOLS
                0x00000000                PROVIDE (__cy_interrupt_vector, RomVectors)
 *(.romvectors)
 .romvectors    0x00000000       0x10 .\CortexM3\ARM_GCC_493\Debug\Cm3Start.o
                0x00000000                RomVectors
                0x00000001                ASSERT ((. != __cy_interrupt_vector), No interrupt vector)
                0x00000001                ASSERT (CY_APPL_ORIGIN?(SIZEOF (.cybootloader) <= CY_APPL_ORIGIN):0x1, Wrong image location)
                0x00000010                PROVIDE (__cy_reset, Reset)
 *(.text.Reset)
 .text.Reset    0x00000010       0x18 .\CortexM3\ARM_GCC_493\Debug\Cm3Start.o
                0x00000010                Reset
                0x00000001                ASSERT ((. != __cy_reset), No reset code)
 *(.dma_init)
                0x00000001                ASSERT ((((appl_start + .) <= 0x10000) || 0x1), DMA Init must be within the first 64k of flash)
 *(.text .text.* .gnu.linkonce.t.*)
 .text          0x00000028       0x5c c:/program files (x86)/cypress/psoc creator/4.0/psoc creator/import/gnu/arm/4.9.3/bin/../lib/gcc/arm-none-eabi/4.9.3/armv7-m/crtbegin.o
 .text.quad_sensor_init
                0x00000084       0x14 .\CortexM3\ARM_GCC_493\Debug\main.o
                0x00000084                quad_sensor_init
 .text.quad_init
                0x00000098       0x1c .\CortexM3\ARM_GCC_493\Debug\main.o
                0x00000098                quad_init
 .text.sensors_update
                0x000000b4       0x10 .\CortexM3\ARM_GCC_493\Debug\main.o
                0x000000b4                sensors_update
 .text.main     0x000000c4       0x20 .\CortexM3\ARM_GCC_493\Debug\main.o
                0x000000c4                main
 .text.accel_mag_write8
                0x000000e4       0x28 .\CortexM3\ARM_GCC_493\Debug\accel_mag.o
                0x000000e4                accel_mag_write8
 .text.accel_mag_read8
                0x0000010c       0x44 .\CortexM3\ARM_GCC_493\Debug\accel_mag.o
                0x0000010c                accel_mag_read8
 .text.accel_mag_begin
                0x00000150       0x9c .\CortexM3\ARM_GCC_493\Debug\accel_mag.o
                0x00000150                accel_mag_begin
 .text.accel_mag_update
                0x000001ec      0x268 .\CortexM3\ARM_GCC_493\Debug\accel_mag.o
                0x000001ec                accel_mag_update
 .text.accel_mag_initialize
                0x00000454        0x8 .\CortexM3\ARM_GCC_493\Debug\accel_mag.o
                0x00000454                accel_mag_initialize
 .text.gyro_write8
                0x0000045c       0x28 .\CortexM3\ARM_GCC_493\Debug\gyroscope.o
                0x0000045c                gyro_write8
 .text.gyro_read8
                0x00000484       0x30 .\CortexM3\ARM_GCC_493\Debug\gyroscope.o
                0x00000484                gyro_read8
 .text.gyro_begin
                0x000004b4       0x64 .\CortexM3\ARM_GCC_493\Debug\gyroscope.o
                0x000004b4                gyro_begin
 .text.gyro_update
                0x00000518      0x1f8 .\CortexM3\ARM_GCC_493\Debug\gyroscope.o
                0x00000518                gyro_update
 .text.gyro_initialize
                0x00000710        0x8 .\CortexM3\ARM_GCC_493\Debug\gyroscope.o
                0x00000710                gyro_initialize
 .text.Wire_begin
                0x00000718        0x8 .\CortexM3\ARM_GCC_493\Debug\twi.o
                0x00000718                Wire_begin
 .text.baro_sendCommand
                0x00000720       0x24 .\CortexM3\ARM_GCC_493\Debug\barometer.o
 .text.baro_reset
                0x00000744        0xc .\CortexM3\ARM_GCC_493\Debug\barometer.o
 .text.baro_readRegister16
                0x00000750       0x38 .\CortexM3\ARM_GCC_493\Debug\barometer.o
 .text.baro_readPROM
                0x00000788       0x28 .\CortexM3\ARM_GCC_493\Debug\barometer.o
 .text.baro_readRegister24
                0x000007b0       0x40 .\CortexM3\ARM_GCC_493\Debug\barometer.o
 .text.baro_setOversampling
                0x000007f0       0x44 .\CortexM3\ARM_GCC_493\Debug\barometer.o
                0x000007f0                baro_setOversampling
 .text.baro_begin
                0x00000834       0x20 .\CortexM3\ARM_GCC_493\Debug\barometer.o
                0x00000834                baro_begin
 .text.baro_readRawTemperature
                0x00000854       0x20 .\CortexM3\ARM_GCC_493\Debug\barometer.o
                0x00000854                baro_readRawTemperature
 .text.baro_readRawPressure
                0x00000874       0x20 .\CortexM3\ARM_GCC_493\Debug\barometer.o
                0x00000874                baro_readRawPressure
 .text.baro_readPressure
                0x00000894      0x1b4 .\CortexM3\ARM_GCC_493\Debug\barometer.o
                0x00000894                baro_readPressure
 .text.baro_readTemperature
                0x00000a48       0x7c .\CortexM3\ARM_GCC_493\Debug\barometer.o
                0x00000a48                baro_readTemperature
 *fill*         0x00000ac4        0x4 
 .text.baro_getAbsoluteAltitude
                0x00000ac8       0x58 .\CortexM3\ARM_GCC_493\Debug\barometer.o
                0x00000ac8                baro_getAbsoluteAltitude
 .text.baro_getRelativeAltitude
                0x00000b20       0x58 .\CortexM3\ARM_GCC_493\Debug\barometer.o
                0x00000b20                baro_getRelativeAltitude
 .text.baro_getRawTemp
                0x00000b78        0xc .\CortexM3\ARM_GCC_493\Debug\barometer.o
                0x00000b78                baro_getRawTemp
 .text.baro_getRawPress
                0x00000b84        0xc .\CortexM3\ARM_GCC_493\Debug\barometer.o
                0x00000b84                baro_getRawPress
 .text.baro_getTemp
                0x00000b90        0xc .\CortexM3\ARM_GCC_493\Debug\barometer.o
                0x00000b90                baro_getTemp
 .text.baro_getPress
                0x00000b9c        0xc .\CortexM3\ARM_GCC_493\Debug\barometer.o
                0x00000b9c                baro_getPress
 .text.baro_getAbsAlt
                0x00000ba8        0xc .\CortexM3\ARM_GCC_493\Debug\barometer.o
                0x00000ba8                baro_getAbsAlt
 .text.baro_getRelAlt
                0x00000bb4        0xc .\CortexM3\ARM_GCC_493\Debug\barometer.o
                0x00000bb4                baro_getRelAlt
 .text.baro_update
                0x00000bc0       0xd0 .\CortexM3\ARM_GCC_493\Debug\barometer.o
                0x00000bc0                baro_update
 .text.serial_begin
                0x00000c90        0x8 .\CortexM3\ARM_GCC_493\Debug\debSerial.o
                0x00000c90                serial_begin
 .text.serial_print
                0x00000c98        0x8 .\CortexM3\ARM_GCC_493\Debug\debSerial.o
                0x00000c98                serial_print
 .text.serial_println
                0x00000ca0       0x10 .\CortexM3\ARM_GCC_493\Debug\debSerial.o
                0x00000ca0                serial_println
 .text.serial_printDouble
                0x00000cb0       0x20 .\CortexM3\ARM_GCC_493\Debug\debSerial.o
                0x00000cb0                serial_printDouble
 .text.serial_printFloat
                0x00000cd0       0x24 .\CortexM3\ARM_GCC_493\Debug\debSerial.o
                0x00000cd0                serial_printFloat
 .text.serial_printFloatln
                0x00000cf4       0x24 .\CortexM3\ARM_GCC_493\Debug\debSerial.o
                0x00000cf4                serial_printFloatln
 .text.serial_printInt
                0x00000d18       0x18 .\CortexM3\ARM_GCC_493\Debug\debSerial.o
                0x00000d18                serial_printInt
 .text.IntDefaultHandler
                0x00000d30       0x10 .\CortexM3\ARM_GCC_493\Debug\Cm3Start.o
                0x00000d30                IntDefaultHandler
 .text._sbrk    0x00000d40       0x30 .\CortexM3\ARM_GCC_493\Debug\Cm3Start.o
                0x00000d40                _sbrk
 .text.Start_c  0x00000d70       0x4c .\CortexM3\ARM_GCC_493\Debug\Cm3Start.o
                0x00000d70                Start_c
 .text.initialize_psoc
                0x00000dbc       0x74 .\CortexM3\ARM_GCC_493\Debug\Cm3Start.o
                0x00000dbc                initialize_psoc
 .text.CyClockStartupError
                0x00000e30        0x4 .\CortexM3\ARM_GCC_493\Debug\All_sensor_test.a(cyfitter_cfg.o)
 .text.cfg_write_bytes32
                0x00000e34       0x34 .\CortexM3\ARM_GCC_493\Debug\All_sensor_test.a(cyfitter_cfg.o)
 .text.AnalogSetDefault
                0x00000e68       0x28 .\CortexM3\ARM_GCC_493\Debug\All_sensor_test.a(cyfitter_cfg.o)
 .text.CYMEMZERO
                0x00000e90        0xc .\CortexM3\ARM_GCC_493\Debug\All_sensor_test.a(cyfitter_cfg.o)
 .text.ClockSetup
                0x00000e9c       0xd0 .\CortexM3\ARM_GCC_493\Debug\All_sensor_test.a(cyfitter_cfg.o)
 .text.CYCONFIGCPY
                0x00000f6c        0x8 .\CortexM3\ARM_GCC_493\Debug\All_sensor_test.a(cyfitter_cfg.o)
 .text.cyfitter_cfg
                0x00000f74      0x134 .\CortexM3\ARM_GCC_493\Debug\All_sensor_test.a(cyfitter_cfg.o)
                0x00000f74                cyfitter_cfg
 .text.I2C_Init
                0x000010a8       0x68 .\CortexM3\ARM_GCC_493\Debug\All_sensor_test.a(I2C.o)
                0x000010a8                I2C_Init
 .text.I2C_Enable
                0x00001110       0x24 .\CortexM3\ARM_GCC_493\Debug\All_sensor_test.a(I2C.o)
                0x00001110                I2C_Enable
 .text.I2C_Start
                0x00001134       0x28 .\CortexM3\ARM_GCC_493\Debug\All_sensor_test.a(I2C.o)
                0x00001134                I2C_Start
 .text.I2C_ISR  0x0000115c      0x2cc .\CortexM3\ARM_GCC_493\Debug\All_sensor_test.a(I2C_INT.o)
                0x0000115c                I2C_ISR
 .text.I2C_MasterWriteBuf
                0x00001428       0xcc .\CortexM3\ARM_GCC_493\Debug\All_sensor_test.a(I2C_MASTER.o)
                0x00001428                I2C_MasterWriteBuf
 .text.I2C_MasterReadBuf
                0x000014f4       0xd0 .\CortexM3\ARM_GCC_493\Debug\All_sensor_test.a(I2C_MASTER.o)
                0x000014f4                I2C_MasterReadBuf
 .text.I2C_MasterStatus
                0x000015c4       0x38 .\CortexM3\ARM_GCC_493\Debug\All_sensor_test.a(I2C_MASTER.o)
                0x000015c4                I2C_MasterStatus
 .text.CyHalt   0x000015fc        0x4 .\CortexM3\ARM_GCC_493\Debug\All_sensor_test.a(CyLib.o)
                0x000015fc                CyHalt
 .text.CyDelay  0x00001600       0x2c .\CortexM3\ARM_GCC_493\Debug\All_sensor_test.a(CyLib.o)
                0x00001600                CyDelay
 .text.CyIntSetVector
                0x0000162c       0x28 .\CortexM3\ARM_GCC_493\Debug\All_sensor_test.a(CyLib.o)
                0x0000162c                CyIntSetVector
 .text.CyIntSetPriority
                0x00001654       0x30 .\CortexM3\ARM_GCC_493\Debug\All_sensor_test.a(CyLib.o)
                0x00001654                CyIntSetPriority
 .text.gpsSerial_Init
                0x00001684       0x28 .\CortexM3\ARM_GCC_493\Debug\All_sensor_test.a(gpsSerial.o)
                0x00001684                gpsSerial_Init
 .text.gpsSerial_Enable
                0x000016ac       0x38 .\CortexM3\ARM_GCC_493\Debug\All_sensor_test.a(gpsSerial.o)
                0x000016ac                gpsSerial_Enable
 .text.gpsSerial_Start
                0x000016e4       0x1c .\CortexM3\ARM_GCC_493\Debug\All_sensor_test.a(gpsSerial.o)
                0x000016e4                gpsSerial_Start
 .text.gpsSerial_IntClock_Start
                0x00001700       0x1c .\CortexM3\ARM_GCC_493\Debug\All_sensor_test.a(gpsSerial_IntClock.o)
                0x00001700                gpsSerial_IntClock_Start
 .text.xbeeSerial_Init
                0x0000171c       0x24 .\CortexM3\ARM_GCC_493\Debug\All_sensor_test.a(xbeeSerial.o)
                0x0000171c                xbeeSerial_Init
 .text.xbeeSerial_Enable
                0x00001740       0x38 .\CortexM3\ARM_GCC_493\Debug\All_sensor_test.a(xbeeSerial.o)
                0x00001740                xbeeSerial_Enable
 .text.xbeeSerial_Start
                0x00001778       0x1c .\CortexM3\ARM_GCC_493\Debug\All_sensor_test.a(xbeeSerial.o)
                0x00001778                xbeeSerial_Start
 .text.debugSerial_Init
                0x00001794       0x28 .\CortexM3\ARM_GCC_493\Debug\All_sensor_test.a(debugSerial.o)
                0x00001794                debugSerial_Init
 .text.debugSerial_Enable
                0x000017bc       0x38 .\CortexM3\ARM_GCC_493\Debug\All_sensor_test.a(debugSerial.o)
                0x000017bc                debugSerial_Enable
 .text.debugSerial_Start
                0x000017f4       0x1c .\CortexM3\ARM_GCC_493\Debug\All_sensor_test.a(debugSerial.o)
                0x000017f4                debugSerial_Start
 .text.debugSerial_PutChar
                0x00001810       0x18 .\CortexM3\ARM_GCC_493\Debug\All_sensor_test.a(debugSerial.o)
                0x00001810                debugSerial_PutChar
 .text.debugSerial_PutString
                0x00001828       0x24 .\CortexM3\ARM_GCC_493\Debug\All_sensor_test.a(debugSerial.o)
                0x00001828                debugSerial_PutString
 .text.debugSerial_PutCRLF
                0x0000184c       0x20 .\CortexM3\ARM_GCC_493\Debug\All_sensor_test.a(debugSerial.o)
                0x0000184c                debugSerial_PutCRLF
 .text.xbeeSerial_IntClock_Start
                0x0000186c       0x1c .\CortexM3\ARM_GCC_493\Debug\All_sensor_test.a(xbeeSerial_IntClock.o)
                0x0000186c                xbeeSerial_IntClock_Start
 .text.debugSerial_IntClock_Start
                0x00001888       0x1c .\CortexM3\ARM_GCC_493\Debug\All_sensor_test.a(debugSerial_IntClock.o)
                0x00001888                debugSerial_IntClock_Start
 *fill*         0x000018a4        0x4 
 .text          0x000018a8       0x20 .\CortexM3\ARM_GCC_493\Debug\All_sensor_test.a(CyBootAsmGnu.o)
                0x000018a8                CyDelayCycles
                0x000018b8                CyEnterCriticalSection
                0x000018c0                CyExitCriticalSection
 .text.pow      0x000018c8      0x2f0 c:/program files (x86)/cypress/psoc creator/4.0/psoc creator/import/gnu/arm/4.9.3/bin/../lib/gcc/arm-none-eabi/4.9.3/../../../../arm-none-eabi/lib/armv7-m\libm.a(lib_a-w_pow.o)
                0x000018c8                pow
 .text.__ieee754_pow
                0x00001bb8      0xaa0 c:/program files (x86)/cypress/psoc creator/4.0/psoc creator/import/gnu/arm/4.9.3/bin/../lib/gcc/arm-none-eabi/4.9.3/../../../../arm-none-eabi/lib/armv7-m\libm.a(lib_a-e_pow.o)
                0x00001bb8                __ieee754_pow
 .text.__ieee754_sqrt
                0x00002658      0x18c c:/program files (x86)/cypress/psoc creator/4.0/psoc creator/import/gnu/arm/4.9.3/bin/../lib/gcc/arm-none-eabi/4.9.3/../../../../arm-none-eabi/lib/armv7-m\libm.a(lib_a-e_sqrt.o)
                0x00002658                __ieee754_sqrt
 .text.fabs     0x000027e4        0x8 c:/program files (x86)/cypress/psoc creator/4.0/psoc creator/import/gnu/arm/4.9.3/bin/../lib/gcc/arm-none-eabi/4.9.3/../../../../arm-none-eabi/lib/armv7-m\libm.a(lib_a-s_fabs.o)
                0x000027e4                fabs
 .text.finite   0x000027ec        0xc c:/program files (x86)/cypress/psoc creator/4.0/psoc creator/import/gnu/arm/4.9.3/bin/../lib/gcc/arm-none-eabi/4.9.3/../../../../arm-none-eabi/lib/armv7-m\libm.a(lib_a-s_finite.o)
                0x000027ec                finite
 .text.__fpclassifyd
                0x000027f8       0x58 c:/program files (x86)/cypress/psoc creator/4.0/psoc creator/import/gnu/arm/4.9.3/bin/../lib/gcc/arm-none-eabi/4.9.3/../../../../arm-none-eabi/lib/armv7-m\libm.a(lib_a-s_fpclassify.o)
                0x000027f8                __fpclassifyd
 .text.matherr  0x00002850        0x4 c:/program files (x86)/cypress/psoc creator/4.0/psoc creator/import/gnu/arm/4.9.3/bin/../lib/gcc/arm-none-eabi/4.9.3/../../../../arm-none-eabi/lib/armv7-m\libm.a(lib_a-s_matherr.o)
                0x00002850                matherr
 .text.nan      0x00002854        0xc c:/program files (x86)/cypress/psoc creator/4.0/psoc creator/import/gnu/arm/4.9.3/bin/../lib/gcc/arm-none-eabi/4.9.3/../../../../arm-none-eabi/lib/armv7-m\libm.a(lib_a-s_nan.o)
                0x00002854                nan
 .text.rint     0x00002860      0x11c c:/program files (x86)/cypress/psoc creator/4.0/psoc creator/import/gnu/arm/4.9.3/bin/../lib/gcc/arm-none-eabi/4.9.3/../../../../arm-none-eabi/lib/armv7-m\libm.a(lib_a-s_rint.o)
                0x00002860                rint
 *fill*         0x0000297c        0x4 
 .text.scalbn   0x00002980       0xf0 c:/program files (x86)/cypress/psoc creator/4.0/psoc creator/import/gnu/arm/4.9.3/bin/../lib/gcc/arm-none-eabi/4.9.3/../../../../arm-none-eabi/lib/armv7-m\libm.a(lib_a-s_scalbn.o)
                0x00002980                scalbn
 .text.copysign
                0x00002a70       0x10 c:/program files (x86)/cypress/psoc creator/4.0/psoc creator/import/gnu/arm/4.9.3/bin/../lib/gcc/arm-none-eabi/4.9.3/../../../../arm-none-eabi/lib/armv7-m\libm.a(lib_a-s_copysign.o)
                0x00002a70                copysign
 .text          0x00002a80      0x370 c:/program files (x86)/cypress/psoc creator/4.0/psoc creator/import/gnu/arm/4.9.3/bin/../lib/gcc/arm-none-eabi/4.9.3/armv7-m\libgcc.a(_arm_addsubdf3.o)
                0x00002a80                __aeabi_drsub
                0x00002a88                __aeabi_dsub
                0x00002a88                __subdf3
                0x00002a8c                __aeabi_dadd
                0x00002a8c                __adddf3
                0x00002d04                __floatunsidf
                0x00002d04                __aeabi_ui2d
                0x00002d24                __floatsidf
                0x00002d24                __aeabi_i2d
                0x00002d48                __aeabi_f2d
                0x00002d48                __extendsfdf2
                0x00002d84                __floatundidf
                0x00002d84                __aeabi_ul2d
                0x00002d94                __floatdidf
                0x00002d94                __aeabi_l2d
 .text          0x00002df0      0x424 c:/program files (x86)/cypress/psoc creator/4.0/psoc creator/import/gnu/arm/4.9.3/bin/../lib/gcc/arm-none-eabi/4.9.3/armv7-m\libgcc.a(_arm_muldivdf3.o)
                0x00002df0                __aeabi_dmul
                0x00002df0                __muldf3
                0x00003044                __divdf3
                0x00003044                __aeabi_ddiv
 .text          0x00003214      0x110 c:/program files (x86)/cypress/psoc creator/4.0/psoc creator/import/gnu/arm/4.9.3/bin/../lib/gcc/arm-none-eabi/4.9.3/armv7-m\libgcc.a(_arm_cmpdf2.o)
                0x00003214                __gtdf2
                0x00003214                __gedf2
                0x0000321c                __ltdf2
                0x0000321c                __ledf2
                0x00003224                __nedf2
                0x00003224                __eqdf2
                0x00003224                __cmpdf2
                0x000032a0                __aeabi_cdrcmple
                0x000032b0                __aeabi_cdcmpeq
                0x000032b0                __aeabi_cdcmple
                0x000032c0                __aeabi_dcmpeq
                0x000032d4                __aeabi_dcmplt
                0x000032e8                __aeabi_dcmple
                0x000032fc                __aeabi_dcmpge
                0x00003310                __aeabi_dcmpgt
 .text          0x00003324       0xa0 c:/program files (x86)/cypress/psoc creator/4.0/psoc creator/import/gnu/arm/4.9.3/bin/../lib/gcc/arm-none-eabi/4.9.3/armv7-m\libgcc.a(_arm_truncdfsf2.o)
                0x00003324                __truncdfsf2
                0x00003324                __aeabi_d2f
 .text          0x000033c4      0x21c c:/program files (x86)/cypress/psoc creator/4.0/psoc creator/import/gnu/arm/4.9.3/bin/../lib/gcc/arm-none-eabi/4.9.3/armv7-m\libgcc.a(_arm_addsubsf3.o)
                0x000033c4                __aeabi_frsub
                0x000033cc                __subsf3
                0x000033cc                __aeabi_fsub
                0x000033d0                __aeabi_fadd
                0x000033d0                __addsf3
                0x00003530                __aeabi_ui2f
                0x00003530                __floatunsisf
                0x00003538                __aeabi_i2f
                0x00003538                __floatsisf
                0x00003554                __aeabi_ul2f
                0x00003554                __floatundisf
                0x00003564                __aeabi_l2f
                0x00003564                __floatdisf
 .text          0x000035e0      0x2a0 c:/program files (x86)/cypress/psoc creator/4.0/psoc creator/import/gnu/arm/4.9.3/bin/../lib/gcc/arm-none-eabi/4.9.3/armv7-m\libgcc.a(_arm_muldivsf3.o)
                0x000035e0                __mulsf3
                0x000035e0                __aeabi_fmul
                0x00003748                __aeabi_fdiv
                0x00003748                __divsf3
 .text          0x00003880       0x4c c:/program files (x86)/cypress/psoc creator/4.0/psoc creator/import/gnu/arm/4.9.3/bin/../lib/gcc/arm-none-eabi/4.9.3/armv7-m\libgcc.a(_arm_fixsfsi.o)
                0x00003880                __aeabi_f2iz
                0x00003880                __fixsfsi
 .text.__errno  0x000038cc        0xc c:/program files (x86)/cypress/psoc creator/4.0/psoc creator/import/gnu/arm/4.9.3/bin/../lib/gcc/arm-none-eabi/4.9.3/../../../../arm-none-eabi/lib/armv7-m\libg_nano.a(lib_a-errno.o)
                0x000038cc                __errno
 .text.__libc_init_array
                0x000038d8       0x4c c:/program files (x86)/cypress/psoc creator/4.0/psoc creator/import/gnu/arm/4.9.3/bin/../lib/gcc/arm-none-eabi/4.9.3/../../../../arm-none-eabi/lib/armv7-m\libg_nano.a(lib_a-init.o)
                0x000038d8                __libc_init_array
 .text.__itoa   0x00003924       0x2e c:/program files (x86)/cypress/psoc creator/4.0/psoc creator/import/gnu/arm/4.9.3/bin/../lib/gcc/arm-none-eabi/4.9.3/../../../../arm-none-eabi/lib/armv7-m\libg_nano.a(lib_a-itoa.o)
                0x00003924                __itoa
 .text.itoa     0x00003952        0x4 c:/program files (x86)/cypress/psoc creator/4.0/psoc creator/import/gnu/arm/4.9.3/bin/../lib/gcc/arm-none-eabi/4.9.3/../../../../arm-none-eabi/lib/armv7-m\libg_nano.a(lib_a-itoa.o)
                0x00003952                itoa
 .text.memcpy   0x00003956       0x16 c:/program files (x86)/cypress/psoc creator/4.0/psoc creator/import/gnu/arm/4.9.3/bin/../lib/gcc/arm-none-eabi/4.9.3/../../../../arm-none-eabi/lib/armv7-m\libg_nano.a(lib_a-memcpy.o)
                0x00003956                memcpy
 .text.memset   0x0000396c       0x10 c:/program files (x86)/cypress/psoc creator/4.0/psoc creator/import/gnu/arm/4.9.3/bin/../lib/gcc/arm-none-eabi/4.9.3/../../../../arm-none-eabi/lib/armv7-m\libg_nano.a(lib_a-memset.o)
                0x0000396c                memset
 .text.__cvt    0x0000397c       0xbc c:/program files (x86)/cypress/psoc creator/4.0/psoc creator/import/gnu/arm/4.9.3/bin/../lib/gcc/arm-none-eabi/4.9.3/../../../../arm-none-eabi/lib/armv7-m\libg_nano.a(lib_a-nano-vfprintf_float.o)
                0x0000397c                __cvt
 .text.__exponent
                0x00003a38       0x62 c:/program files (x86)/cypress/psoc creator/4.0/psoc creator/import/gnu/arm/4.9.3/bin/../lib/gcc/arm-none-eabi/4.9.3/../../../../arm-none-eabi/lib/armv7-m\libg_nano.a(lib_a-nano-vfprintf_float.o)
                0x00003a38                __exponent
 *fill*         0x00003a9a        0x2 
 .text._printf_float
                0x00003a9c      0x48c c:/program files (x86)/cypress/psoc creator/4.0/psoc creator/import/gnu/arm/4.9.3/bin/../lib/gcc/arm-none-eabi/4.9.3/../../../../arm-none-eabi/lib/armv7-m\libg_nano.a(lib_a-nano-vfprintf_float.o)
                0x00003a9c                _printf_float
 .text._printf_common
                0x00003f28       0xea c:/program files (x86)/cypress/psoc creator/4.0/psoc creator/import/gnu/arm/4.9.3/bin/../lib/gcc/arm-none-eabi/4.9.3/../../../../arm-none-eabi/lib/armv7-m\libg_nano.a(lib_a-nano-vfprintf_i.o)
                0x00003f28                _printf_common
 *fill*         0x00004012        0x2 
 .text._printf_i
                0x00004014      0x240 c:/program files (x86)/cypress/psoc creator/4.0/psoc creator/import/gnu/arm/4.9.3/bin/../lib/gcc/arm-none-eabi/4.9.3/../../../../arm-none-eabi/lib/armv7-m\libg_nano.a(lib_a-nano-vfprintf_i.o)
                0x00004014                _printf_i
 .text.sprintf  0x00004254       0x48 c:/program files (x86)/cypress/psoc creator/4.0/psoc creator/import/gnu/arm/4.9.3/bin/../lib/gcc/arm-none-eabi/4.9.3/../../../../arm-none-eabi/lib/armv7-m\libg_nano.a(lib_a-sprintf.o)
                0x00004254                siprintf
                0x00004254                sprintf
 .text.strlen   0x0000429c       0x10 c:/program files (x86)/cypress/psoc creator/4.0/psoc creator/import/gnu/arm/4.9.3/bin/../lib/gcc/arm-none-eabi/4.9.3/../../../../arm-none-eabi/lib/armv7-m\libg_nano.a(lib_a-strlen.o)
                0x0000429c                strlen
 .text.__utoa   0x000042ac       0x78 c:/program files (x86)/cypress/psoc creator/4.0/psoc creator/import/gnu/arm/4.9.3/bin/../lib/gcc/arm-none-eabi/4.9.3/../../../../arm-none-eabi/lib/armv7-m\libg_nano.a(lib_a-utoa.o)
                0x000042ac                __utoa
 .text.quorem   0x00004324      0x114 c:/program files (x86)/cypress/psoc creator/4.0/psoc creator/import/gnu/arm/4.9.3/bin/../lib/gcc/arm-none-eabi/4.9.3/../../../../arm-none-eabi/lib/armv7-m\libg_nano.a(lib_a-dtoa.o)
 .text._dtoa_r  0x00004438      0xb78 c:/program files (x86)/cypress/psoc creator/4.0/psoc creator/import/gnu/arm/4.9.3/bin/../lib/gcc/arm-none-eabi/4.9.3/../../../../arm-none-eabi/lib/armv7-m\libg_nano.a(lib_a-dtoa.o)
                0x00004438                _dtoa_r
 .text._localeconv_r
                0x00004fb0        0x8 c:/program files (x86)/cypress/psoc creator/4.0/psoc creator/import/gnu/arm/4.9.3/bin/../lib/gcc/arm-none-eabi/4.9.3/../../../../arm-none-eabi/lib/armv7-m\libg_nano.a(lib_a-locale.o)
                0x00004fb0                _localeconv_r
 .text.malloc   0x00004fb8       0x10 c:/program files (x86)/cypress/psoc creator/4.0/psoc creator/import/gnu/arm/4.9.3/bin/../lib/gcc/arm-none-eabi/4.9.3/../../../../arm-none-eabi/lib/armv7-m\libg_nano.a(lib_a-malloc.o)
                0x00004fb8                malloc
 .text.memchr   0x00004fc8       0x1c c:/program files (x86)/cypress/psoc creator/4.0/psoc creator/import/gnu/arm/4.9.3/bin/../lib/gcc/arm-none-eabi/4.9.3/../../../../arm-none-eabi/lib/armv7-m\libg_nano.a(lib_a-memchr.o)
                0x00004fc8                memchr
 .text._Balloc  0x00004fe4       0x6a c:/program files (x86)/cypress/psoc creator/4.0/psoc creator/import/gnu/arm/4.9.3/bin/../lib/gcc/arm-none-eabi/4.9.3/../../../../arm-none-eabi/lib/armv7-m\libg_nano.a(lib_a-mprec.o)
                0x00004fe4                _Balloc
 .text._Bfree   0x0000504e       0x2e c:/program files (x86)/cypress/psoc creator/4.0/psoc creator/import/gnu/arm/4.9.3/bin/../lib/gcc/arm-none-eabi/4.9.3/../../../../arm-none-eabi/lib/armv7-m\libg_nano.a(lib_a-mprec.o)
                0x0000504e                _Bfree
 .text.__multadd
                0x0000507c       0x7c c:/program files (x86)/cypress/psoc creator/4.0/psoc creator/import/gnu/arm/4.9.3/bin/../lib/gcc/arm-none-eabi/4.9.3/../../../../arm-none-eabi/lib/armv7-m\libg_nano.a(lib_a-mprec.o)
                0x0000507c                __multadd
 .text.__hi0bits
                0x000050f8       0x40 c:/program files (x86)/cypress/psoc creator/4.0/psoc creator/import/gnu/arm/4.9.3/bin/../lib/gcc/arm-none-eabi/4.9.3/../../../../arm-none-eabi/lib/armv7-m\libg_nano.a(lib_a-mprec.o)
                0x000050f8                __hi0bits
 .text.__lo0bits
                0x00005138       0x5a c:/program files (x86)/cypress/psoc creator/4.0/psoc creator/import/gnu/arm/4.9.3/bin/../lib/gcc/arm-none-eabi/4.9.3/../../../../arm-none-eabi/lib/armv7-m\libg_nano.a(lib_a-mprec.o)
                0x00005138                __lo0bits
 .text.__i2b    0x00005192       0x12 c:/program files (x86)/cypress/psoc creator/4.0/psoc creator/import/gnu/arm/4.9.3/bin/../lib/gcc/arm-none-eabi/4.9.3/../../../../arm-none-eabi/lib/armv7-m\libg_nano.a(lib_a-mprec.o)
                0x00005192                __i2b
 .text.__multiply
                0x000051a4      0x120 c:/program files (x86)/cypress/psoc creator/4.0/psoc creator/import/gnu/arm/4.9.3/bin/../lib/gcc/arm-none-eabi/4.9.3/../../../../arm-none-eabi/lib/armv7-m\libg_nano.a(lib_a-mprec.o)
                0x000051a4                __multiply
 .text.__pow5mult
                0x000052c4       0x9c c:/program files (x86)/cypress/psoc creator/4.0/psoc creator/import/gnu/arm/4.9.3/bin/../lib/gcc/arm-none-eabi/4.9.3/../../../../arm-none-eabi/lib/armv7-m\libg_nano.a(lib_a-mprec.o)
                0x000052c4                __pow5mult
 .text.__lshift
                0x00005360       0xa6 c:/program files (x86)/cypress/psoc creator/4.0/psoc creator/import/gnu/arm/4.9.3/bin/../lib/gcc/arm-none-eabi/4.9.3/../../../../arm-none-eabi/lib/armv7-m\libg_nano.a(lib_a-mprec.o)
                0x00005360                __lshift
 .text.__mcmp   0x00005406       0x38 c:/program files (x86)/cypress/psoc creator/4.0/psoc creator/import/gnu/arm/4.9.3/bin/../lib/gcc/arm-none-eabi/4.9.3/../../../../arm-none-eabi/lib/armv7-m\libg_nano.a(lib_a-mprec.o)
                0x00005406                __mcmp
 .text.__mdiff  0x0000543e       0xbe c:/program files (x86)/cypress/psoc creator/4.0/psoc creator/import/gnu/arm/4.9.3/bin/../lib/gcc/arm-none-eabi/4.9.3/../../../../arm-none-eabi/lib/armv7-m\libg_nano.a(lib_a-mprec.o)
                0x0000543e                __mdiff
 .text.__d2b    0x000054fc       0xa4 c:/program files (x86)/cypress/psoc creator/4.0/psoc creator/import/gnu/arm/4.9.3/bin/../lib/gcc/arm-none-eabi/4.9.3/../../../../arm-none-eabi/lib/armv7-m\libg_nano.a(lib_a-mprec.o)
                0x000054fc                __d2b
 .text._calloc_r
                0x000055a0       0x1c c:/program files (x86)/cypress/psoc creator/4.0/psoc creator/import/gnu/arm/4.9.3/bin/../lib/gcc/arm-none-eabi/4.9.3/../../../../arm-none-eabi/lib/armv7-m\libg_nano.a(lib_a-nano-callocr.o)
                0x000055a0                _calloc_r
 .text._free_r  0x000055bc       0x88 c:/program files (x86)/cypress/psoc creator/4.0/psoc creator/import/gnu/arm/4.9.3/bin/../lib/gcc/arm-none-eabi/4.9.3/../../../../arm-none-eabi/lib/armv7-m\libg_nano.a(lib_a-nano-freer.o)
                0x000055bc                _free_r
 .text._malloc_r
                0x00005644       0xac c:/program files (x86)/cypress/psoc creator/4.0/psoc creator/import/gnu/arm/4.9.3/bin/../lib/gcc/arm-none-eabi/4.9.3/../../../../arm-none-eabi/lib/armv7-m\libg_nano.a(lib_a-nano-mallocr.o)
                0x00005644                _malloc_r
 .text.__ssputs_r
                0x000056f0       0xb2 c:/program files (x86)/cypress/psoc creator/4.0/psoc creator/import/gnu/arm/4.9.3/bin/../lib/gcc/arm-none-eabi/4.9.3/../../../../arm-none-eabi/lib/armv7-m\libg_nano.a(lib_a-nano-svfprintf.o)
                0x000056f0                __ssputs_r
 *fill*         0x000057a2        0x2 
 .text._svfprintf_r
                0x000057a4      0x1e4 c:/program files (x86)/cypress/psoc creator/4.0/psoc creator/import/gnu/arm/4.9.3/bin/../lib/gcc/arm-none-eabi/4.9.3/../../../../arm-none-eabi/lib/armv7-m\libg_nano.a(lib_a-nano-svfprintf.o)
                0x000057a4                _svfiprintf_r
                0x000057a4                _svfprintf_r
 .text._sbrk_r  0x00005988       0x20 c:/program files (x86)/cypress/psoc creator/4.0/psoc creator/import/gnu/arm/4.9.3/bin/../lib/gcc/arm-none-eabi/4.9.3/../../../../arm-none-eabi/lib/armv7-m\libg_nano.a(lib_a-sbrkr.o)
                0x00005988                _sbrk_r
 .text.memmove  0x000059a8       0x36 c:/program files (x86)/cypress/psoc creator/4.0/psoc creator/import/gnu/arm/4.9.3/bin/../lib/gcc/arm-none-eabi/4.9.3/../../../../arm-none-eabi/lib/armv7-m\libg_nano.a(lib_a-memmove.o)
                0x000059a8                memmove
 .text._realloc_r
                0x000059de       0x4c c:/program files (x86)/cypress/psoc creator/4.0/psoc creator/import/gnu/arm/4.9.3/bin/../lib/gcc/arm-none-eabi/4.9.3/../../../../arm-none-eabi/lib/armv7-m\libg_nano.a(lib_a-nano-reallocr.o)
                0x000059de                _realloc_r
 .text._malloc_usable_size_r
                0x00005a2a       0x14 c:/program files (x86)/cypress/psoc creator/4.0/psoc creator/import/gnu/arm/4.9.3/bin/../lib/gcc/arm-none-eabi/4.9.3/../../../../arm-none-eabi/lib/armv7-m\libg_nano.a(lib_a-nano-msizer.o)
                0x00005a2a                _malloc_usable_size_r
 *fill*         0x00005a3e        0x2 
 .text          0x00005a40       0x50 c:/program files (x86)/cypress/psoc creator/4.0/psoc creator/import/gnu/arm/4.9.3/bin/../lib/gcc/arm-none-eabi/4.9.3/armv7-m\libgcc.a(_arm_fixdfsi.o)
                0x00005a40                __aeabi_d2iz
                0x00005a40                __fixdfsi
 *(.plt)
 *(.gnu.warning)
 *(.glue_7t)
 .glue_7t       0x00000000        0x0 linker stubs
 *(.glue_7)
 .glue_7        0x00000000        0x0 linker stubs
 *(.vfp11_veneer)
 .vfp11_veneer  0x00000000        0x0 linker stubs
 *(.bootloader)
 *(.ARM.extab* .gnu.linkonce.armextab.*)
 *(.gcc_except_table)

.v4_bx          0x00005a90        0x0
 .v4_bx         0x00000000        0x0 linker stubs

.iplt           0x00005a90        0x0
 .iplt          0x00000000        0x0 c:/program files (x86)/cypress/psoc creator/4.0/psoc creator/import/gnu/arm/4.9.3/bin/../lib/gcc/arm-none-eabi/4.9.3/armv7-m/crtbegin.o

.eh_frame_hdr
 *(.eh_frame_hdr)

.eh_frame       0x00005a90        0x4
 *(.eh_frame)
 .eh_frame      0x00005a90        0x0 c:/program files (x86)/cypress/psoc creator/4.0/psoc creator/import/gnu/arm/4.9.3/bin/../lib/gcc/arm-none-eabi/4.9.3/armv7-m/crtbegin.o
 .eh_frame      0x00005a90        0x0 c:/program files (x86)/cypress/psoc creator/4.0/psoc creator/import/gnu/arm/4.9.3/bin/../lib/gcc/arm-none-eabi/4.9.3/../../../../arm-none-eabi/lib/armv7-m\libg_nano.a(lib_a-strcmp.o)
                                 0x28 (size before relaxing)
 .eh_frame      0x00005a90        0x4 c:/program files (x86)/cypress/psoc creator/4.0/psoc creator/import/gnu/arm/4.9.3/bin/../lib/gcc/arm-none-eabi/4.9.3/armv7-m/crtend.o
                0x00005a94                PROVIDE (__exidx_start, .)

.ARM.exidx
 *(.ARM.exidx* .gnu.linkonce.armexidx.*)
                0x00005a94                __exidx_end = .

.rodata         0x00005a98      0x4a8
 *(.rodata .rodata.* .gnu.linkonce.r.*)
 .rodata.str1.4
                0x00005a98       0x1f .\CortexM3\ARM_GCC_493\Debug\main.o
                                 0x20 (size before relaxing)
 *fill*         0x00005ab7        0x1 
 .rodata.str1.4
                0x00005ab8       0x80 .\CortexM3\ARM_GCC_493\Debug\accel_mag.o
 .rodata.str1.4
                0x00005b38       0x37 .\CortexM3\ARM_GCC_493\Debug\gyroscope.o
                                 0x5c (size before relaxing)
 *fill*         0x00005b6f        0x1 
 .rodata.str1.4
                0x00005b70      0x191 .\CortexM3\ARM_GCC_493\Debug\barometer.o
                                0x194 (size before relaxing)
 *fill*         0x00005d01        0x3 
 .rodata.str1.4
                0x00005d04        0x3 .\CortexM3\ARM_GCC_493\Debug\debSerial.o
                                  0x4 (size before relaxing)
 *fill*         0x00005d07        0x1 
 .rodata        0x00005d08       0x3c .\CortexM3\ARM_GCC_493\Debug\All_sensor_test.a(cyfitter_cfg.o)
 .rodata.str1.4
                0x00005d44        0x4 c:/program files (x86)/cypress/psoc creator/4.0/psoc creator/import/gnu/arm/4.9.3/bin/../lib/gcc/arm-none-eabi/4.9.3/../../../../arm-none-eabi/lib/armv7-m\libm.a(lib_a-w_pow.o)
 .rodata.dp_h   0x00005d48       0x10 c:/program files (x86)/cypress/psoc creator/4.0/psoc creator/import/gnu/arm/4.9.3/bin/../lib/gcc/arm-none-eabi/4.9.3/../../../../arm-none-eabi/lib/armv7-m\libm.a(lib_a-e_pow.o)
 .rodata.dp_l   0x00005d58       0x10 c:/program files (x86)/cypress/psoc creator/4.0/psoc creator/import/gnu/arm/4.9.3/bin/../lib/gcc/arm-none-eabi/4.9.3/../../../../arm-none-eabi/lib/armv7-m\libm.a(lib_a-e_pow.o)
 .rodata.bp     0x00005d68       0x10 c:/program files (x86)/cypress/psoc creator/4.0/psoc creator/import/gnu/arm/4.9.3/bin/../lib/gcc/arm-none-eabi/4.9.3/../../../../arm-none-eabi/lib/armv7-m\libm.a(lib_a-e_pow.o)
 .rodata.str1.4
                0x00000000        0x4 c:/program files (x86)/cypress/psoc creator/4.0/psoc creator/import/gnu/arm/4.9.3/bin/../lib/gcc/arm-none-eabi/4.9.3/../../../../arm-none-eabi/lib/armv7-m\libm.a(lib_a-e_pow.o)
 .rodata.TWO52  0x00005d78       0x10 c:/program files (x86)/cypress/psoc creator/4.0/psoc creator/import/gnu/arm/4.9.3/bin/../lib/gcc/arm-none-eabi/4.9.3/../../../../arm-none-eabi/lib/armv7-m\libm.a(lib_a-s_rint.o)
 .rodata.str1.1
                0x00005d88        0x2 c:/program files (x86)/cypress/psoc creator/4.0/psoc creator/import/gnu/arm/4.9.3/bin/../lib/gcc/arm-none-eabi/4.9.3/../../../../arm-none-eabi/lib/armv7-m\libg_nano.a(lib_a-impure.o)
 .rodata.str1.1
                0x00005d8a       0x12 c:/program files (x86)/cypress/psoc creator/4.0/psoc creator/import/gnu/arm/4.9.3/bin/../lib/gcc/arm-none-eabi/4.9.3/../../../../arm-none-eabi/lib/armv7-m\libg_nano.a(lib_a-nano-vfprintf_float.o)
 .rodata.str1.1
                0x00005d9c       0x22 c:/program files (x86)/cypress/psoc creator/4.0/psoc creator/import/gnu/arm/4.9.3/bin/../lib/gcc/arm-none-eabi/4.9.3/../../../../arm-none-eabi/lib/armv7-m\libg_nano.a(lib_a-nano-vfprintf_i.o)
 .rodata.str1.1
                0x00005dbe       0x25 c:/program files (x86)/cypress/psoc creator/4.0/psoc creator/import/gnu/arm/4.9.3/bin/../lib/gcc/arm-none-eabi/4.9.3/../../../../arm-none-eabi/lib/armv7-m\libg_nano.a(lib_a-utoa.o)
 .rodata.str1.1
                0x00005de3        0xd c:/program files (x86)/cypress/psoc creator/4.0/psoc creator/import/gnu/arm/4.9.3/bin/../lib/gcc/arm-none-eabi/4.9.3/../../../../arm-none-eabi/lib/armv7-m\libg_nano.a(lib_a-dtoa.o)
                                  0xf (size before relaxing)
 .rodata.str1.1
                0x00005df0        0x8 c:/program files (x86)/cypress/psoc creator/4.0/psoc creator/import/gnu/arm/4.9.3/bin/../lib/gcc/arm-none-eabi/4.9.3/../../../../arm-none-eabi/lib/armv7-m\libg_nano.a(lib_a-locale.o)
                                  0xb (size before relaxing)
 .rodata.__mprec_tens
                0x00005df8       0xc8 c:/program files (x86)/cypress/psoc creator/4.0/psoc creator/import/gnu/arm/4.9.3/bin/../lib/gcc/arm-none-eabi/4.9.3/../../../../arm-none-eabi/lib/armv7-m\libg_nano.a(lib_a-mprec.o)
                0x00005df8                __mprec_tens
 .rodata.__mprec_bigtens
                0x00005ec0       0x28 c:/program files (x86)/cypress/psoc creator/4.0/psoc creator/import/gnu/arm/4.9.3/bin/../lib/gcc/arm-none-eabi/4.9.3/../../../../arm-none-eabi/lib/armv7-m\libg_nano.a(lib_a-mprec.o)
                0x00005ec0                __mprec_bigtens
 .rodata.p05.5308
                0x00005ee8        0xc c:/program files (x86)/cypress/psoc creator/4.0/psoc creator/import/gnu/arm/4.9.3/bin/../lib/gcc/arm-none-eabi/4.9.3/../../../../arm-none-eabi/lib/armv7-m\libg_nano.a(lib_a-mprec.o)
 .rodata.str1.1
                0x00005ef4       0x11 c:/program files (x86)/cypress/psoc creator/4.0/psoc creator/import/gnu/arm/4.9.3/bin/../lib/gcc/arm-none-eabi/4.9.3/../../../../arm-none-eabi/lib/armv7-m\libg_nano.a(lib_a-nano-svfprintf.o)
                0x00005f08                . = ALIGN (0x4)
 *fill*         0x00005f05        0x3 
 *(.init)
 .init          0x00005f08        0x4 c:/program files (x86)/cypress/psoc creator/4.0/psoc creator/import/gnu/arm/4.9.3/bin/../lib/gcc/arm-none-eabi/4.9.3/armv7-m/crti.o
                0x00005f08                _init
 .init          0x00005f0c        0x8 c:/program files (x86)/cypress/psoc creator/4.0/psoc creator/import/gnu/arm/4.9.3/bin/../lib/gcc/arm-none-eabi/4.9.3/armv7-m/crtn.o
                0x00005f14                . = ALIGN (0x4)
                0x00005f14                __preinit_array_start = .
 *(.preinit_array)
                0x00005f14                __preinit_array_end = .
                0x00005f14                . = ALIGN (0x4)
                0x00005f14                __init_array_start = .
 *(SORT(.init_array.*))
 *(.init_array)
 .init_array    0x00005f14        0x4 c:/program files (x86)/cypress/psoc creator/4.0/psoc creator/import/gnu/arm/4.9.3/bin/../lib/gcc/arm-none-eabi/4.9.3/armv7-m/crtbegin.o
 .init_array    0x00005f18        0x4 .\CortexM3\ARM_GCC_493\Debug\Cm3Start.o
                0x00005f1c                __init_array_end = .
                0x00005f1c                . = ALIGN (0x4)
 *(.fini)
 .fini          0x00005f1c        0x4 c:/program files (x86)/cypress/psoc creator/4.0/psoc creator/import/gnu/arm/4.9.3/bin/../lib/gcc/arm-none-eabi/4.9.3/armv7-m/crti.o
                0x00005f1c                _fini
 .fini          0x00005f20        0x8 c:/program files (x86)/cypress/psoc creator/4.0/psoc creator/import/gnu/arm/4.9.3/bin/../lib/gcc/arm-none-eabi/4.9.3/armv7-m/crtn.o
                0x00005f28                . = ALIGN (0x4)
                0x00005f28                __fini_array_start = .
 *(.fini_array)
 .fini_array    0x00005f28        0x4 c:/program files (x86)/cypress/psoc creator/4.0/psoc creator/import/gnu/arm/4.9.3/bin/../lib/gcc/arm-none-eabi/4.9.3/armv7-m/crtbegin.o
 *(SORT(.fini_array.*))
                0x00005f2c                __fini_array_end = .
                0x00005f2c                . = ALIGN (0x4)
 *crtbegin.o(.ctors)
 *(EXCLUDE_FILE(*crtend.o) .ctors)
 *(SORT(.ctors.*))
 *crtend.o(.ctors)
                0x00005f2c                . = ALIGN (0x4)
 *crtbegin.o(.dtors)
 *(EXCLUDE_FILE(*crtend.o) .dtors)
 *(SORT(.dtors.*))
 *crtend.o(.dtors)
                0x00005f2c                . = ALIGN (0x4)
                0x00005f2c                __cy_regions = .
                0x00005f2c        0x4 LONG 0x5f40 __cy_region_init_ram
                0x00005f30        0x4 LONG 0x1fff8108 __cy_region_start_data
                0x00005f34        0x4 LONG 0xb8 __cy_region_init_size_ram
                0x00005f38        0x4 LONG 0x148 __cy_region_zero_size_ram
                0x00005f3c                __cy_regions_end = .
                0x00005f40                . = ALIGN (0x8)
 *fill*         0x00005f3c        0x4 
                0x00005f40                _etext = .

.cy_checksum_exclude
                0x00005f40        0x0
 *(.cy_checksum_exclude)

.ramvectors     0x1fff8000      0x100
                0x1fff8000                __cy_region_start_ram = .
 *(.ramvectors)
 .ramvectors    0x1fff8000      0x100 .\CortexM3\ARM_GCC_493\Debug\Cm3Start.o
                0x1fff8000                CyRamVectors

.noinit         0x1fff8100        0x5
 *(.noinit)
 .noinit        0x1fff8100        0x4 .\CortexM3\ARM_GCC_493\Debug\Cm3Start.o
 .noinit        0x1fff8104        0x1 .\CortexM3\ARM_GCC_493\Debug\All_sensor_test.a(CyLib.o)
                0x1fff8104                CyResetStatus

.data           0x1fff8108       0xb8 load address 0x00005f40
                0x1fff8108                __cy_region_start_data = .
 *(.jcr)
 .jcr           0x1fff8108        0x0 c:/program files (x86)/cypress/psoc creator/4.0/psoc creator/import/gnu/arm/4.9.3/bin/../lib/gcc/arm-none-eabi/4.9.3/armv7-m/crtbegin.o
 .jcr           0x1fff8108        0x4 c:/program files (x86)/cypress/psoc creator/4.0/psoc creator/import/gnu/arm/4.9.3/bin/../lib/gcc/arm-none-eabi/4.9.3/armv7-m/crtend.o
 *(.got.plt)
 *(.got)
 *(.shdata)
 *(.data .data.* .gnu.linkonce.d.*)
 .data          0x1fff810c        0x4 .\CortexM3\ARM_GCC_493\Debug\Cm3Start.o
 .data          0x1fff8110       0x10 .\CortexM3\ARM_GCC_493\Debug\All_sensor_test.a(CyLib.o)
                0x1fff8110                cydelay_32k_ms
                0x1fff8114                cydelay_freq_khz
                0x1fff8118                cydelay_freq_mhz
                0x1fff811c                cydelay_freq_hz
 .data.__fdlib_version
                0x1fff8120        0x1 c:/program files (x86)/cypress/psoc creator/4.0/psoc creator/import/gnu/arm/4.9.3/bin/../lib/gcc/arm-none-eabi/4.9.3/../../../../arm-none-eabi/lib/armv7-m\libm.a(lib_a-s_lib_ver.o)
                0x1fff8120                __fdlib_version
 *fill*         0x1fff8121        0x3 
 .data.impure_data
                0x1fff8124       0x60 c:/program files (x86)/cypress/psoc creator/4.0/psoc creator/import/gnu/arm/4.9.3/bin/../lib/gcc/arm-none-eabi/4.9.3/../../../../arm-none-eabi/lib/armv7-m\libg_nano.a(lib_a-impure.o)
 .data._impure_ptr
                0x1fff8184        0x4 c:/program files (x86)/cypress/psoc creator/4.0/psoc creator/import/gnu/arm/4.9.3/bin/../lib/gcc/arm-none-eabi/4.9.3/../../../../arm-none-eabi/lib/armv7-m\libg_nano.a(lib_a-impure.o)
                0x1fff8184                _impure_ptr
 .data.lconv    0x1fff8188       0x38 c:/program files (x86)/cypress/psoc creator/4.0/psoc creator/import/gnu/arm/4.9.3/bin/../lib/gcc/arm-none-eabi/4.9.3/../../../../arm-none-eabi/lib/armv7-m\libg_nano.a(lib_a-locale.o)
                0x1fff81c0                . = ALIGN (0x8)
 *(.ram)
                0x1fff81c0                _edata = .

.igot.plt       0x1fff81c0        0x0 load address 0x00005ff8
 .igot.plt      0x00000000        0x0 c:/program files (x86)/cypress/psoc creator/4.0/psoc creator/import/gnu/arm/4.9.3/bin/../lib/gcc/arm-none-eabi/4.9.3/armv7-m/crtbegin.o

.bss            0x1fff81c0      0x148 load address 0x00005ff8
                0x1fff81c0                PROVIDE (__bss_start__, .)
 *(.shbss)
 *(.bss .bss.* .gnu.linkonce.b.*)
 .bss           0x1fff81c0       0x1c c:/program files (x86)/cypress/psoc creator/4.0/psoc creator/import/gnu/arm/4.9.3/bin/../lib/gcc/arm-none-eabi/4.9.3/armv7-m/crtbegin.o
 .bss           0x1fff81dc        0x1 .\CortexM3\ARM_GCC_493\Debug\accel_mag.o
 *fill*         0x1fff81dd        0x1 
 .bss           0x1fff81de        0x2 .\CortexM3\ARM_GCC_493\Debug\gyroscope.o
 .bss           0x1fff81e0       0x28 .\CortexM3\ARM_GCC_493\Debug\barometer.o
 .bss           0x1fff8208        0x1 .\CortexM3\ARM_GCC_493\Debug\All_sensor_test.a(I2C.o)
                0x1fff8208                I2C_initVar
 .bss           0x1fff8209        0x2 .\CortexM3\ARM_GCC_493\Debug\All_sensor_test.a(gpsSerial.o)
                0x1fff8209                gpsSerial_initVar
 .bss           0x1fff820b        0x2 .\CortexM3\ARM_GCC_493\Debug\All_sensor_test.a(xbeeSerial.o)
                0x1fff820b                xbeeSerial_initVar
 .bss           0x1fff820d        0x2 .\CortexM3\ARM_GCC_493\Debug\All_sensor_test.a(debugSerial.o)
                0x1fff820d                debugSerial_initVar
 *fill*         0x1fff820f        0x1 
 .bss.__malloc_sbrk_start
                0x1fff8210        0x4 c:/program files (x86)/cypress/psoc creator/4.0/psoc creator/import/gnu/arm/4.9.3/bin/../lib/gcc/arm-none-eabi/4.9.3/../../../../arm-none-eabi/lib/armv7-m\libg_nano.a(lib_a-nano-mallocr.o)
                0x1fff8210                __malloc_sbrk_start
 .bss.__malloc_free_list
                0x1fff8214        0x4 c:/program files (x86)/cypress/psoc creator/4.0/psoc creator/import/gnu/arm/4.9.3/bin/../lib/gcc/arm-none-eabi/4.9.3/../../../../arm-none-eabi/lib/armv7-m\libg_nano.a(lib_a-nano-mallocr.o)
                0x1fff8214                __malloc_free_list
 *(COMMON)
 COMMON         0x1fff8218       0xd4 .\CortexM3\ARM_GCC_493\Debug\accel_mag.o
                0x1fff8218                initial_relative_altitude
                0x1fff8220                gyro_raw
                0x1fff8228                initial_absolute_altitude
                0x1fff8230                initial_real_temprature
                0x1fff8238                accel_raw
                0x1fff8240                reference_pressure
                0x1fff8244                accel
                0x1fff8250                GPS
                0x1fff8294                initial_real_pressure
                0x1fff8298                mag_raw
                0x1fff82a0                gyro
                0x1fff82b0                baro
                0x1fff82d8                initial_raw_temperature
                0x1fff82dc                initial_raw_pressure
                0x1fff82e0                mag
 COMMON         0x1fff82ec        0x1 .\CortexM3\ARM_GCC_493\Debug\All_sensor_test.a(I2C.o)
                0x1fff82ec                I2C_state
 *fill*         0x1fff82ed        0x3 
 COMMON         0x1fff82f0       0x10 .\CortexM3\ARM_GCC_493\Debug\All_sensor_test.a(I2C_MASTER.o)
                0x1fff82f0                I2C_mstrWrBufIndex
                0x1fff82f1                I2C_mstrWrBufSize
                0x1fff82f2                I2C_mstrStatus
                0x1fff82f4                I2C_mstrRdBufPtr
                0x1fff82f8                I2C_mstrControl
                0x1fff82f9                I2C_mstrRdBufSize
                0x1fff82fa                I2C_mstrRdBufIndex
                0x1fff82fc                I2C_mstrWrBufPtr
 COMMON         0x1fff8300        0x4 c:/program files (x86)/cypress/psoc creator/4.0/psoc creator/import/gnu/arm/4.9.3/bin/../lib/gcc/arm-none-eabi/4.9.3/../../../../arm-none-eabi/lib/armv7-m\libg_nano.a(lib_a-reent.o)
                0x1fff8300                errno
                0x1fff8308                . = ALIGN (0x8)
 *fill*         0x1fff8304        0x4 
 *(.ram.b)
                0x1fff8308                _end = .
                0x1fff8308                __end = .
                0x1fff8308                PROVIDE (end, .)
                0x1fff8308                PROVIDE (__bss_end__, .)
                0x00005f40                __cy_region_init_ram = LOADADDR (.data)
                0x000000b8                __cy_region_init_size_ram = (_edata - ADDR (.data))
                0x00000148                __cy_region_zero_size_ram = (_end - _edata)

.heap           0x1fff8308      0x200 load address 0x00005ff8
                0x1fff8308                . = _end
                0x1fff8508                . = (. + 0x200)
 *fill*         0x1fff8308      0x200 
                0x1fff8508                __cy_heap_limit = .

.stack          0x20007800      0x800
                0x20007800                __cy_stack_limit = .
                0x20008000                . = (. + 0x800)
 *fill*         0x20007800      0x800 
                0x00000001                ASSERT ((__cy_stack_limit >= __cy_heap_limit), region RAM overflowed with stack)
                0x00000000                cy_checksum_exclude_size = (CY_APPL_LOADABLE == 0x1)?SIZEOF (.cy_checksum_exclude):0x0
                0x00000001                ASSERT ((cy_checksum_exclude_size <= CY_CHECKSUM_EXCLUDE_SIZE), CY_BOOT: Section .cy_checksum_exclude size exceedes specified limit.)

.cyloadermeta
 *(.cyloadermeta)

.cyloadablemeta
 *(.cyloadablemeta)

.cyconfigecc    0x80000000      0xcf8
 *(.cyconfigecc)
 .cyconfigecc   0x80000000      0xcf8 .\CortexM3\ARM_GCC_493\Debug\cymetadata.o
                0x80000000                cy_meta_configecc

.cycustnvl      0x90000000        0x4
 *(.cycustnvl)
 .cycustnvl     0x90000000        0x4 .\CortexM3\ARM_GCC_493\Debug\cymetadata.o
                0x90000000                cy_meta_custnvl

.cywolatch      0x90100000        0x4
 *(.cywolatch)
 .cywolatch     0x90100000        0x4 .\CortexM3\ARM_GCC_493\Debug\cymetadata.o
                0x90100000                cy_meta_wonvl

.cyeeprom       0x90200000        0x0
 *(.cyeeprom)
                0x00000001                ASSERT ((. <= ((0x90200000 + ee_offset) + ee_size)), .cyeeprom data will not fit in EEPROM)

.cyflashprotect
                0x90400000      0x100
 *(.cyflashprotect)
 .cyflashprotect
                0x90400000      0x100 .\CortexM3\ARM_GCC_493\Debug\cymetadata.o
                0x90400000                cy_meta_flashprotect

.cymeta         0x90500000        0xc
 *(.cymeta)
 .cymeta        0x90500000        0xc .\CortexM3\ARM_GCC_493\Debug\cymetadata.o
                0x90500000                cy_metadata

.rel.dyn        0x00005ff8        0x0 load address 0x9050000c
 .rel.iplt      0x00000000        0x0 c:/program files (x86)/cypress/psoc creator/4.0/psoc creator/import/gnu/arm/4.9.3/bin/../lib/gcc/arm-none-eabi/4.9.3/armv7-m/crtbegin.o

.stab
 *(.stab)

.stabstr
 *(.stabstr)

.debug
 *(.debug)

.line
 *(.line)

.debug_srcinfo
 *(.debug_srcinfo)

.debug_sfnames
 *(.debug_sfnames)

.debug_aranges  0x00000000      0xd00
 *(.debug_aranges)
 .debug_aranges
                0x00000000       0x38 .\CortexM3\ARM_GCC_493\Debug\main.o
 .debug_aranges
                0x00000038       0x88 .\CortexM3\ARM_GCC_493\Debug\accel_mag.o
 .debug_aranges
                0x000000c0       0x60 .\CortexM3\ARM_GCC_493\Debug\gyroscope.o
 .debug_aranges
                0x00000120       0x18 .\CortexM3\ARM_GCC_493\Debug\SensorVal.o
 .debug_aranges
                0x00000138       0x48 .\CortexM3\ARM_GCC_493\Debug\twi.o
 .debug_aranges
                0x00000180       0xd8 .\CortexM3\ARM_GCC_493\Debug\barometer.o
 .debug_aranges
                0x00000258       0x70 .\CortexM3\ARM_GCC_493\Debug\debSerial.o
 .debug_aranges
                0x000002c8       0x18 .\CortexM3\ARM_GCC_493\Debug\cymetadata.o
 .debug_aranges
                0x000002e0       0x48 .\CortexM3\ARM_GCC_493\Debug\Cm3Start.o
 .debug_aranges
                0x00000328       0x58 .\CortexM3\ARM_GCC_493\Debug\All_sensor_test.a(cyfitter_cfg.o)
 .debug_aranges
                0x00000380       0x38 .\CortexM3\ARM_GCC_493\Debug\All_sensor_test.a(I2C.o)
 .debug_aranges
                0x000003b8       0x20 .\CortexM3\ARM_GCC_493\Debug\All_sensor_test.a(I2C_INT.o)
 .debug_aranges
                0x000003d8       0x38 .\CortexM3\ARM_GCC_493\Debug\All_sensor_test.a(I2C_PM.o)
 .debug_aranges
                0x00000410       0x80 .\CortexM3\ARM_GCC_493\Debug\All_sensor_test.a(I2C_MASTER.o)
 .debug_aranges
                0x00000490      0x2a0 .\CortexM3\ARM_GCC_493\Debug\All_sensor_test.a(CyLib.o)
 .debug_aranges
                0x00000730       0x98 .\CortexM3\ARM_GCC_493\Debug\All_sensor_test.a(cyPm.o)
 .debug_aranges
                0x000007c8       0xf0 .\CortexM3\ARM_GCC_493\Debug\All_sensor_test.a(gpsSerial.o)
 .debug_aranges
                0x000008b8       0x70 .\CortexM3\ARM_GCC_493\Debug\All_sensor_test.a(gpsSerial_IntClock.o)
 .debug_aranges
                0x00000928       0xf0 .\CortexM3\ARM_GCC_493\Debug\All_sensor_test.a(xbeeSerial.o)
 .debug_aranges
                0x00000a18       0xf0 .\CortexM3\ARM_GCC_493\Debug\All_sensor_test.a(debugSerial.o)
 .debug_aranges
                0x00000b08       0x70 .\CortexM3\ARM_GCC_493\Debug\All_sensor_test.a(xbeeSerial_IntClock.o)
 .debug_aranges
                0x00000b78       0x70 .\CortexM3\ARM_GCC_493\Debug\All_sensor_test.a(debugSerial_IntClock.o)
 .debug_aranges
                0x00000be8       0x20 .\CortexM3\ARM_GCC_493\Debug\All_sensor_test.a(CyBootAsmGnu.o)
 .debug_aranges
                0x00000c08       0x80 .\CortexM3\ARM_GCC_493\Debug\All_sensor_test.a(CyFlash.o)
 .debug_aranges
                0x00000c88       0x78 .\CortexM3\ARM_GCC_493\Debug\All_sensor_test.a(CySpc.o)

.debug_pubnames
 *(.debug_pubnames)

.debug_info     0x00000000     0x8750
 *(.debug_info .gnu.linkonce.wi.*)
 .debug_info    0x00000000      0x2e6 .\CortexM3\ARM_GCC_493\Debug\main.o
 .debug_info    0x000002e6      0xc0d .\CortexM3\ARM_GCC_493\Debug\accel_mag.o
 .debug_info    0x00000ef3      0x6ec .\CortexM3\ARM_GCC_493\Debug\gyroscope.o
 .debug_info    0x000015df      0x462 .\CortexM3\ARM_GCC_493\Debug\SensorVal.o
 .debug_info    0x00001a41      0x34f .\CortexM3\ARM_GCC_493\Debug\twi.o
 .debug_info    0x00001d90      0xccf .\CortexM3\ARM_GCC_493\Debug\barometer.o
 .debug_info    0x00002a5f      0x4be .\CortexM3\ARM_GCC_493\Debug\debSerial.o
 .debug_info    0x00002f1d      0x13f .\CortexM3\ARM_GCC_493\Debug\cymetadata.o
 .debug_info    0x0000305c      0x3b3 .\CortexM3\ARM_GCC_493\Debug\Cm3Start.o
 .debug_info    0x0000340f      0x5e9 .\CortexM3\ARM_GCC_493\Debug\All_sensor_test.a(cyfitter_cfg.o)
 .debug_info    0x000039f8      0x2db .\CortexM3\ARM_GCC_493\Debug\All_sensor_test.a(I2C.o)
 .debug_info    0x00003cd3      0x17f .\CortexM3\ARM_GCC_493\Debug\All_sensor_test.a(I2C_INT.o)
 .debug_info    0x00003e52      0x1fe .\CortexM3\ARM_GCC_493\Debug\All_sensor_test.a(I2C_PM.o)
 .debug_info    0x00004050      0x400 .\CortexM3\ARM_GCC_493\Debug\All_sensor_test.a(I2C_MASTER.o)
 .debug_info    0x00004450     0x1385 .\CortexM3\ARM_GCC_493\Debug\All_sensor_test.a(CyLib.o)
 .debug_info    0x000057d5      0xa57 .\CortexM3\ARM_GCC_493\Debug\All_sensor_test.a(cyPm.o)
 .debug_info    0x0000622c      0x603 .\CortexM3\ARM_GCC_493\Debug\All_sensor_test.a(gpsSerial.o)
 .debug_info    0x0000682f      0x283 .\CortexM3\ARM_GCC_493\Debug\All_sensor_test.a(gpsSerial_IntClock.o)
 .debug_info    0x00006ab2      0x603 .\CortexM3\ARM_GCC_493\Debug\All_sensor_test.a(xbeeSerial.o)
 .debug_info    0x000070b5      0x603 .\CortexM3\ARM_GCC_493\Debug\All_sensor_test.a(debugSerial.o)
 .debug_info    0x000076b8      0x283 .\CortexM3\ARM_GCC_493\Debug\All_sensor_test.a(xbeeSerial_IntClock.o)
 .debug_info    0x0000793b      0x283 .\CortexM3\ARM_GCC_493\Debug\All_sensor_test.a(debugSerial_IntClock.o)
 .debug_info    0x00007bbe       0xa0 .\CortexM3\ARM_GCC_493\Debug\All_sensor_test.a(CyBootAsmGnu.o)
 .debug_info    0x00007c5e      0x608 .\CortexM3\ARM_GCC_493\Debug\All_sensor_test.a(CyFlash.o)
 .debug_info    0x00008266      0x4ea .\CortexM3\ARM_GCC_493\Debug\All_sensor_test.a(CySpc.o)

.debug_abbrev   0x00000000     0x26d3
 *(.debug_abbrev)
 .debug_abbrev  0x00000000      0x15a .\CortexM3\ARM_GCC_493\Debug\main.o
 .debug_abbrev  0x0000015a      0x299 .\CortexM3\ARM_GCC_493\Debug\accel_mag.o
 .debug_abbrev  0x000003f3      0x209 .\CortexM3\ARM_GCC_493\Debug\gyroscope.o
 .debug_abbrev  0x000005fc       0x8f .\CortexM3\ARM_GCC_493\Debug\SensorVal.o
 .debug_abbrev  0x0000068b      0x18a .\CortexM3\ARM_GCC_493\Debug\twi.o
 .debug_abbrev  0x00000815      0x34a .\CortexM3\ARM_GCC_493\Debug\barometer.o
 .debug_abbrev  0x00000b5f      0x19e .\CortexM3\ARM_GCC_493\Debug\debSerial.o
 .debug_abbrev  0x00000cfd       0x77 .\CortexM3\ARM_GCC_493\Debug\cymetadata.o
 .debug_abbrev  0x00000d74      0x1f7 .\CortexM3\ARM_GCC_493\Debug\Cm3Start.o
 .debug_abbrev  0x00000f6b      0x212 .\CortexM3\ARM_GCC_493\Debug\All_sensor_test.a(cyfitter_cfg.o)
 .debug_abbrev  0x0000117d      0x15c .\CortexM3\ARM_GCC_493\Debug\All_sensor_test.a(I2C.o)
 .debug_abbrev  0x000012d9       0xbd .\CortexM3\ARM_GCC_493\Debug\All_sensor_test.a(I2C_INT.o)
 .debug_abbrev  0x00001396      0x12b .\CortexM3\ARM_GCC_493\Debug\All_sensor_test.a(I2C_PM.o)
 .debug_abbrev  0x000014c1      0x13c .\CortexM3\ARM_GCC_493\Debug\All_sensor_test.a(I2C_MASTER.o)
 .debug_abbrev  0x000015fd      0x296 .\CortexM3\ARM_GCC_493\Debug\All_sensor_test.a(CyLib.o)
 .debug_abbrev  0x00001893      0x1ed .\CortexM3\ARM_GCC_493\Debug\All_sensor_test.a(cyPm.o)
 .debug_abbrev  0x00001a80      0x1a2 .\CortexM3\ARM_GCC_493\Debug\All_sensor_test.a(gpsSerial.o)
 .debug_abbrev  0x00001c22      0x139 .\CortexM3\ARM_GCC_493\Debug\All_sensor_test.a(gpsSerial_IntClock.o)
 .debug_abbrev  0x00001d5b      0x1a2 .\CortexM3\ARM_GCC_493\Debug\All_sensor_test.a(xbeeSerial.o)
 .debug_abbrev  0x00001efd      0x1a2 .\CortexM3\ARM_GCC_493\Debug\All_sensor_test.a(debugSerial.o)
 .debug_abbrev  0x0000209f      0x139 .\CortexM3\ARM_GCC_493\Debug\All_sensor_test.a(xbeeSerial_IntClock.o)
 .debug_abbrev  0x000021d8      0x139 .\CortexM3\ARM_GCC_493\Debug\All_sensor_test.a(debugSerial_IntClock.o)
 .debug_abbrev  0x00002311       0x14 .\CortexM3\ARM_GCC_493\Debug\All_sensor_test.a(CyBootAsmGnu.o)
 .debug_abbrev  0x00002325      0x1ed .\CortexM3\ARM_GCC_493\Debug\All_sensor_test.a(CyFlash.o)
 .debug_abbrev  0x00002512      0x1c1 .\CortexM3\ARM_GCC_493\Debug\All_sensor_test.a(CySpc.o)

.debug_line     0x00000000     0x3772
 *(.debug_line)
 .debug_line    0x00000000      0x220 .\CortexM3\ARM_GCC_493\Debug\main.o
 .debug_line    0x00000220      0x33a .\CortexM3\ARM_GCC_493\Debug\accel_mag.o
 .debug_line    0x0000055a      0x298 .\CortexM3\ARM_GCC_493\Debug\gyroscope.o
 .debug_line    0x000007f2      0x160 .\CortexM3\ARM_GCC_493\Debug\SensorVal.o
 .debug_line    0x00000952      0x1d5 .\CortexM3\ARM_GCC_493\Debug\twi.o
 .debug_line    0x00000b27      0x3e3 .\CortexM3\ARM_GCC_493\Debug\barometer.o
 .debug_line    0x00000f0a      0x241 .\CortexM3\ARM_GCC_493\Debug\debSerial.o
 .debug_line    0x0000114b       0x51 .\CortexM3\ARM_GCC_493\Debug\cymetadata.o
 .debug_line    0x0000119c      0x24f .\CortexM3\ARM_GCC_493\Debug\Cm3Start.o
 .debug_line    0x000013eb      0x1fe .\CortexM3\ARM_GCC_493\Debug\All_sensor_test.a(cyfitter_cfg.o)
 .debug_line    0x000015e9       0xd9 .\CortexM3\ARM_GCC_493\Debug\All_sensor_test.a(I2C.o)
 .debug_line    0x000016c2      0x114 .\CortexM3\ARM_GCC_493\Debug\All_sensor_test.a(I2C_INT.o)
 .debug_line    0x000017d6       0xbb .\CortexM3\ARM_GCC_493\Debug\All_sensor_test.a(I2C_PM.o)
 .debug_line    0x00001891      0x1fd .\CortexM3\ARM_GCC_493\Debug\All_sensor_test.a(I2C_MASTER.o)
 .debug_line    0x00001a8e      0x816 .\CortexM3\ARM_GCC_493\Debug\All_sensor_test.a(CyLib.o)
 .debug_line    0x000022a4      0x364 .\CortexM3\ARM_GCC_493\Debug\All_sensor_test.a(cyPm.o)
 .debug_line    0x00002608      0x2c6 .\CortexM3\ARM_GCC_493\Debug\All_sensor_test.a(gpsSerial.o)
 .debug_line    0x000028ce      0x181 .\CortexM3\ARM_GCC_493\Debug\All_sensor_test.a(gpsSerial_IntClock.o)
 .debug_line    0x00002a4f      0x2c8 .\CortexM3\ARM_GCC_493\Debug\All_sensor_test.a(xbeeSerial.o)
 .debug_line    0x00002d17      0x2ca .\CortexM3\ARM_GCC_493\Debug\All_sensor_test.a(debugSerial.o)
 .debug_line    0x00002fe1      0x182 .\CortexM3\ARM_GCC_493\Debug\All_sensor_test.a(xbeeSerial_IntClock.o)
 .debug_line    0x00003163      0x183 .\CortexM3\ARM_GCC_493\Debug\All_sensor_test.a(debugSerial_IntClock.o)
 .debug_line    0x000032e6       0x66 .\CortexM3\ARM_GCC_493\Debug\All_sensor_test.a(CyBootAsmGnu.o)
 .debug_line    0x0000334c      0x1ea .\CortexM3\ARM_GCC_493\Debug\All_sensor_test.a(CyFlash.o)
 .debug_line    0x00003536      0x23c .\CortexM3\ARM_GCC_493\Debug\All_sensor_test.a(CySpc.o)

.debug_frame    0x00000000     0x2bbc
 *(.debug_frame)
 .debug_frame   0x00000000       0x80 .\CortexM3\ARM_GCC_493\Debug\main.o
 .debug_frame   0x00000080      0x1b8 .\CortexM3\ARM_GCC_493\Debug\accel_mag.o
 .debug_frame   0x00000238       0xfc .\CortexM3\ARM_GCC_493\Debug\gyroscope.o
 .debug_frame   0x00000334       0xb8 .\CortexM3\ARM_GCC_493\Debug\twi.o
 .debug_frame   0x000003ec      0x280 .\CortexM3\ARM_GCC_493\Debug\barometer.o
 .debug_frame   0x0000066c      0x144 .\CortexM3\ARM_GCC_493\Debug\debSerial.o
 .debug_frame   0x000007b0       0xb8 .\CortexM3\ARM_GCC_493\Debug\Cm3Start.o
 .debug_frame   0x00000868       0xe4 .\CortexM3\ARM_GCC_493\Debug\All_sensor_test.a(cyfitter_cfg.o)
 .debug_frame   0x0000094c       0x94 .\CortexM3\ARM_GCC_493\Debug\All_sensor_test.a(I2C.o)
 .debug_frame   0x000009e0       0x30 .\CortexM3\ARM_GCC_493\Debug\All_sensor_test.a(I2C_INT.o)
 .debug_frame   0x00000a10       0x74 .\CortexM3\ARM_GCC_493\Debug\All_sensor_test.a(I2C_PM.o)
 .debug_frame   0x00000a84      0x138 .\CortexM3\ARM_GCC_493\Debug\All_sensor_test.a(I2C_MASTER.o)
 .debug_frame   0x00000bbc      0x738 .\CortexM3\ARM_GCC_493\Debug\All_sensor_test.a(CyLib.o)
 .debug_frame   0x000012f4      0x1f8 .\CortexM3\ARM_GCC_493\Debug\All_sensor_test.a(cyPm.o)
 .debug_frame   0x000014ec      0x250 .\CortexM3\ARM_GCC_493\Debug\All_sensor_test.a(gpsSerial.o)
 .debug_frame   0x0000173c       0xe0 .\CortexM3\ARM_GCC_493\Debug\All_sensor_test.a(gpsSerial_IntClock.o)
 .debug_frame   0x0000181c      0x250 .\CortexM3\ARM_GCC_493\Debug\All_sensor_test.a(xbeeSerial.o)
 .debug_frame   0x00001a6c      0x250 .\CortexM3\ARM_GCC_493\Debug\All_sensor_test.a(debugSerial.o)
 .debug_frame   0x00001cbc       0xe0 .\CortexM3\ARM_GCC_493\Debug\All_sensor_test.a(xbeeSerial_IntClock.o)
 .debug_frame   0x00001d9c       0xe0 .\CortexM3\ARM_GCC_493\Debug\All_sensor_test.a(debugSerial_IntClock.o)
 .debug_frame   0x00001e7c      0x174 .\CortexM3\ARM_GCC_493\Debug\All_sensor_test.a(CyFlash.o)
 .debug_frame   0x00001ff0      0x160 .\CortexM3\ARM_GCC_493\Debug\All_sensor_test.a(CySpc.o)
 .debug_frame   0x00002150       0x44 c:/program files (x86)/cypress/psoc creator/4.0/psoc creator/import/gnu/arm/4.9.3/bin/../lib/gcc/arm-none-eabi/4.9.3/../../../../arm-none-eabi/lib/armv7-m\libm.a(lib_a-w_pow.o)
 .debug_frame   0x00002194       0x64 c:/program files (x86)/cypress/psoc creator/4.0/psoc creator/import/gnu/arm/4.9.3/bin/../lib/gcc/arm-none-eabi/4.9.3/../../../../arm-none-eabi/lib/armv7-m\libm.a(lib_a-e_pow.o)
 .debug_frame   0x000021f8       0x30 c:/program files (x86)/cypress/psoc creator/4.0/psoc creator/import/gnu/arm/4.9.3/bin/../lib/gcc/arm-none-eabi/4.9.3/../../../../arm-none-eabi/lib/armv7-m\libm.a(lib_a-e_sqrt.o)
 .debug_frame   0x00002228       0x20 c:/program files (x86)/cypress/psoc creator/4.0/psoc creator/import/gnu/arm/4.9.3/bin/../lib/gcc/arm-none-eabi/4.9.3/../../../../arm-none-eabi/lib/armv7-m\libm.a(lib_a-s_fabs.o)
 .debug_frame   0x00002248       0x20 c:/program files (x86)/cypress/psoc creator/4.0/psoc creator/import/gnu/arm/4.9.3/bin/../lib/gcc/arm-none-eabi/4.9.3/../../../../arm-none-eabi/lib/armv7-m\libm.a(lib_a-s_finite.o)
 .debug_frame   0x00002268       0x34 c:/program files (x86)/cypress/psoc creator/4.0/psoc creator/import/gnu/arm/4.9.3/bin/../lib/gcc/arm-none-eabi/4.9.3/../../../../arm-none-eabi/lib/armv7-m\libm.a(lib_a-s_fpclassify.o)
 .debug_frame   0x0000229c       0x20 c:/program files (x86)/cypress/psoc creator/4.0/psoc creator/import/gnu/arm/4.9.3/bin/../lib/gcc/arm-none-eabi/4.9.3/../../../../arm-none-eabi/lib/armv7-m\libm.a(lib_a-s_matherr.o)
 .debug_frame   0x000022bc       0x20 c:/program files (x86)/cypress/psoc creator/4.0/psoc creator/import/gnu/arm/4.9.3/bin/../lib/gcc/arm-none-eabi/4.9.3/../../../../arm-none-eabi/lib/armv7-m\libm.a(lib_a-s_nan.o)
 .debug_frame   0x000022dc       0x3c c:/program files (x86)/cypress/psoc creator/4.0/psoc creator/import/gnu/arm/4.9.3/bin/../lib/gcc/arm-none-eabi/4.9.3/../../../../arm-none-eabi/lib/armv7-m\libm.a(lib_a-s_rint.o)
 .debug_frame   0x00002318       0x30 c:/program files (x86)/cypress/psoc creator/4.0/psoc creator/import/gnu/arm/4.9.3/bin/../lib/gcc/arm-none-eabi/4.9.3/../../../../arm-none-eabi/lib/armv7-m\libm.a(lib_a-s_scalbn.o)
 .debug_frame   0x00002348       0x20 c:/program files (x86)/cypress/psoc creator/4.0/psoc creator/import/gnu/arm/4.9.3/bin/../lib/gcc/arm-none-eabi/4.9.3/../../../../arm-none-eabi/lib/armv7-m\libm.a(lib_a-s_copysign.o)
 .debug_frame   0x00002368       0x20 c:/program files (x86)/cypress/psoc creator/4.0/psoc creator/import/gnu/arm/4.9.3/bin/../lib/gcc/arm-none-eabi/4.9.3/../../../../arm-none-eabi/lib/armv7-m\libg_nano.a(lib_a-errno.o)
 .debug_frame   0x00002388       0x28 c:/program files (x86)/cypress/psoc creator/4.0/psoc creator/import/gnu/arm/4.9.3/bin/../lib/gcc/arm-none-eabi/4.9.3/../../../../arm-none-eabi/lib/armv7-m\libg_nano.a(lib_a-exit.o)
 .debug_frame   0x000023b0       0x2c c:/program files (x86)/cypress/psoc creator/4.0/psoc creator/import/gnu/arm/4.9.3/bin/../lib/gcc/arm-none-eabi/4.9.3/../../../../arm-none-eabi/lib/armv7-m\libg_nano.a(lib_a-init.o)
 .debug_frame   0x000023dc       0x38 c:/program files (x86)/cypress/psoc creator/4.0/psoc creator/import/gnu/arm/4.9.3/bin/../lib/gcc/arm-none-eabi/4.9.3/../../../../arm-none-eabi/lib/armv7-m\libg_nano.a(lib_a-itoa.o)
 .debug_frame   0x00002414       0x28 c:/program files (x86)/cypress/psoc creator/4.0/psoc creator/import/gnu/arm/4.9.3/bin/../lib/gcc/arm-none-eabi/4.9.3/../../../../arm-none-eabi/lib/armv7-m\libg_nano.a(lib_a-memcpy.o)
 .debug_frame   0x0000243c       0x20 c:/program files (x86)/cypress/psoc creator/4.0/psoc creator/import/gnu/arm/4.9.3/bin/../lib/gcc/arm-none-eabi/4.9.3/../../../../arm-none-eabi/lib/armv7-m\libg_nano.a(lib_a-memset.o)
 .debug_frame   0x0000245c       0x8c c:/program files (x86)/cypress/psoc creator/4.0/psoc creator/import/gnu/arm/4.9.3/bin/../lib/gcc/arm-none-eabi/4.9.3/../../../../arm-none-eabi/lib/armv7-m\libg_nano.a(lib_a-nano-vfprintf_float.o)
 .debug_frame   0x000024e8       0x58 c:/program files (x86)/cypress/psoc creator/4.0/psoc creator/import/gnu/arm/4.9.3/bin/../lib/gcc/arm-none-eabi/4.9.3/../../../../arm-none-eabi/lib/armv7-m\libg_nano.a(lib_a-nano-vfprintf_i.o)
 .debug_frame   0x00002540       0x70 c:/program files (x86)/cypress/psoc creator/4.0/psoc creator/import/gnu/arm/4.9.3/bin/../lib/gcc/arm-none-eabi/4.9.3/../../../../arm-none-eabi/lib/armv7-m\libg_nano.a(lib_a-sprintf.o)
 .debug_frame   0x000025b0       0x20 c:/program files (x86)/cypress/psoc creator/4.0/psoc creator/import/gnu/arm/4.9.3/bin/../lib/gcc/arm-none-eabi/4.9.3/../../../../arm-none-eabi/lib/armv7-m\libg_nano.a(lib_a-strlen.o)
 .debug_frame   0x000025d0       0x44 c:/program files (x86)/cypress/psoc creator/4.0/psoc creator/import/gnu/arm/4.9.3/bin/../lib/gcc/arm-none-eabi/4.9.3/../../../../arm-none-eabi/lib/armv7-m\libg_nano.a(lib_a-utoa.o)
 .debug_frame   0x00002614       0x6c c:/program files (x86)/cypress/psoc creator/4.0/psoc creator/import/gnu/arm/4.9.3/bin/../lib/gcc/arm-none-eabi/4.9.3/../../../../arm-none-eabi/lib/armv7-m\libg_nano.a(lib_a-dtoa.o)
 .debug_frame   0x00002680       0x98 c:/program files (x86)/cypress/psoc creator/4.0/psoc creator/import/gnu/arm/4.9.3/bin/../lib/gcc/arm-none-eabi/4.9.3/../../../../arm-none-eabi/lib/armv7-m\libg_nano.a(lib_a-locale.o)
 .debug_frame   0x00002718       0x30 c:/program files (x86)/cypress/psoc creator/4.0/psoc creator/import/gnu/arm/4.9.3/bin/../lib/gcc/arm-none-eabi/4.9.3/../../../../arm-none-eabi/lib/armv7-m\libg_nano.a(lib_a-malloc.o)
 .debug_frame   0x00002748       0x28 c:/program files (x86)/cypress/psoc creator/4.0/psoc creator/import/gnu/arm/4.9.3/bin/../lib/gcc/arm-none-eabi/4.9.3/../../../../arm-none-eabi/lib/armv7-m\libg_nano.a(lib_a-memchr.o)
 .debug_frame   0x00002770      0x230 c:/program files (x86)/cypress/psoc creator/4.0/psoc creator/import/gnu/arm/4.9.3/bin/../lib/gcc/arm-none-eabi/4.9.3/../../../../arm-none-eabi/lib/armv7-m\libg_nano.a(lib_a-mprec.o)
 .debug_frame   0x000029a0       0x2c c:/program files (x86)/cypress/psoc creator/4.0/psoc creator/import/gnu/arm/4.9.3/bin/../lib/gcc/arm-none-eabi/4.9.3/../../../../arm-none-eabi/lib/armv7-m\libg_nano.a(lib_a-nano-callocr.o)
 .debug_frame   0x000029cc       0x2c c:/program files (x86)/cypress/psoc creator/4.0/psoc creator/import/gnu/arm/4.9.3/bin/../lib/gcc/arm-none-eabi/4.9.3/../../../../arm-none-eabi/lib/armv7-m\libg_nano.a(lib_a-nano-freer.o)
 .debug_frame   0x000029f8       0x2c c:/program files (x86)/cypress/psoc creator/4.0/psoc creator/import/gnu/arm/4.9.3/bin/../lib/gcc/arm-none-eabi/4.9.3/../../../../arm-none-eabi/lib/armv7-m\libg_nano.a(lib_a-nano-mallocr.o)
 .debug_frame   0x00002a24       0x8c c:/program files (x86)/cypress/psoc creator/4.0/psoc creator/import/gnu/arm/4.9.3/bin/../lib/gcc/arm-none-eabi/4.9.3/../../../../arm-none-eabi/lib/armv7-m\libg_nano.a(lib_a-nano-svfprintf.o)
 .debug_frame   0x00002ab0       0x2c c:/program files (x86)/cypress/psoc creator/4.0/psoc creator/import/gnu/arm/4.9.3/bin/../lib/gcc/arm-none-eabi/4.9.3/../../../../arm-none-eabi/lib/armv7-m\libg_nano.a(lib_a-sbrkr.o)
 .debug_frame   0x00002adc       0x28 c:/program files (x86)/cypress/psoc creator/4.0/psoc creator/import/gnu/arm/4.9.3/bin/../lib/gcc/arm-none-eabi/4.9.3/../../../../arm-none-eabi/lib/armv7-m\libg_nano.a(lib_a-memmove.o)
 .debug_frame   0x00002b04       0x3c c:/program files (x86)/cypress/psoc creator/4.0/psoc creator/import/gnu/arm/4.9.3/bin/../lib/gcc/arm-none-eabi/4.9.3/../../../../arm-none-eabi/lib/armv7-m\libg_nano.a(lib_a-nano-reallocr.o)
 .debug_frame   0x00002b40       0x5c c:/program files (x86)/cypress/psoc creator/4.0/psoc creator/import/gnu/arm/4.9.3/bin/../lib/gcc/arm-none-eabi/4.9.3/../../../../arm-none-eabi/lib/armv7-m\libg_nano.a(lib_a-reent.o)
 .debug_frame   0x00002b9c       0x20 c:/program files (x86)/cypress/psoc creator/4.0/psoc creator/import/gnu/arm/4.9.3/bin/../lib/gcc/arm-none-eabi/4.9.3/../../../../arm-none-eabi/lib/armv7-m\libg_nano.a(lib_a-nano-msizer.o)

.debug_str      0x00000000     0x3048
 *(.debug_str)
 .debug_str     0x00000000      0x2e9 .\CortexM3\ARM_GCC_493\Debug\main.o
                                0x339 (size before relaxing)
 .debug_str     0x000002e9      0x66b .\CortexM3\ARM_GCC_493\Debug\accel_mag.o
                                0x8df (size before relaxing)
 .debug_str     0x00000954      0x1a1 .\CortexM3\ARM_GCC_493\Debug\gyroscope.o
                                0x4ae (size before relaxing)
 .debug_str     0x00000af5       0x12 .\CortexM3\ARM_GCC_493\Debug\SensorVal.o
                                0x435 (size before relaxing)
 .debug_str     0x00000b07       0xc0 .\CortexM3\ARM_GCC_493\Debug\twi.o
                                0x2ce (size before relaxing)
 .debug_str     0x00000bc7      0x28e .\CortexM3\ARM_GCC_493\Debug\barometer.o
                                0x636 (size before relaxing)
 .debug_str     0x00000e55       0xce .\CortexM3\ARM_GCC_493\Debug\debSerial.o
                                0x2f7 (size before relaxing)
 .debug_str     0x00000f23       0x75 .\CortexM3\ARM_GCC_493\Debug\cymetadata.o
                                0x1fa (size before relaxing)
 .debug_str     0x00000f98      0x15e .\CortexM3\ARM_GCC_493\Debug\Cm3Start.o
                                0x30e (size before relaxing)
 .debug_str     0x000010f6      0x183 .\CortexM3\ARM_GCC_493\Debug\All_sensor_test.a(cyfitter_cfg.o)
                                0x348 (size before relaxing)
 .debug_str     0x00001279      0x12f .\CortexM3\ARM_GCC_493\Debug\All_sensor_test.a(I2C.o)
                                0x2f2 (size before relaxing)
 .debug_str     0x000013a8       0x86 .\CortexM3\ARM_GCC_493\Debug\All_sensor_test.a(I2C_INT.o)
                                0x263 (size before relaxing)
 .debug_str     0x0000142e       0x56 .\CortexM3\ARM_GCC_493\Debug\All_sensor_test.a(I2C_PM.o)
                                0x281 (size before relaxing)
 .debug_str     0x00001484      0x106 .\CortexM3\ARM_GCC_493\Debug\All_sensor_test.a(I2C_MASTER.o)
                                0x3a8 (size before relaxing)
 .debug_str     0x0000158a      0x7d8 .\CortexM3\ARM_GCC_493\Debug\All_sensor_test.a(CyLib.o)
                                0xa4b (size before relaxing)
 .debug_str     0x00001d62      0x359 .\CortexM3\ARM_GCC_493\Debug\All_sensor_test.a(cyPm.o)
                                0x72b (size before relaxing)
 .debug_str     0x000020bb      0x325 .\CortexM3\ARM_GCC_493\Debug\All_sensor_test.a(gpsSerial.o)
                                0x514 (size before relaxing)
 .debug_str     0x000023e0      0x1b5 .\CortexM3\ARM_GCC_493\Debug\All_sensor_test.a(gpsSerial_IntClock.o)
                                0x382 (size before relaxing)
 .debug_str     0x00002595      0x2d0 .\CortexM3\ARM_GCC_493\Debug\All_sensor_test.a(xbeeSerial.o)
                                0x533 (size before relaxing)
 .debug_str     0x00002865      0x2b0 .\CortexM3\ARM_GCC_493\Debug\All_sensor_test.a(debugSerial.o)
                                0x552 (size before relaxing)
 .debug_str     0x00002b15      0x174 .\CortexM3\ARM_GCC_493\Debug\All_sensor_test.a(xbeeSerial_IntClock.o)
                                0x38e (size before relaxing)
 .debug_str     0x00002c89      0x17e .\CortexM3\ARM_GCC_493\Debug\All_sensor_test.a(debugSerial_IntClock.o)
                                0x39a (size before relaxing)
 .debug_str     0x00002e07      0x195 .\CortexM3\ARM_GCC_493\Debug\All_sensor_test.a(CyFlash.o)
                                0x3a5 (size before relaxing)
 .debug_str     0x00002f9c       0xac .\CortexM3\ARM_GCC_493\Debug\All_sensor_test.a(CySpc.o)
                                0x32e (size before relaxing)

.debug_loc      0x00000000     0x3555
 *(.debug_loc)
 .debug_loc     0x00000000      0x2f5 .\CortexM3\ARM_GCC_493\Debug\accel_mag.o
 .debug_loc     0x000002f5      0x1fc .\CortexM3\ARM_GCC_493\Debug\gyroscope.o
 .debug_loc     0x000004f1      0x2bb .\CortexM3\ARM_GCC_493\Debug\twi.o
 .debug_loc     0x000007ac      0x345 .\CortexM3\ARM_GCC_493\Debug\barometer.o
 .debug_loc     0x00000af1      0x15c .\CortexM3\ARM_GCC_493\Debug\debSerial.o
 .debug_loc     0x00000c4d      0x144 .\CortexM3\ARM_GCC_493\Debug\Cm3Start.o
 .debug_loc     0x00000d91      0x25a .\CortexM3\ARM_GCC_493\Debug\All_sensor_test.a(cyfitter_cfg.o)
 .debug_loc     0x00000feb       0x39 .\CortexM3\ARM_GCC_493\Debug\All_sensor_test.a(I2C.o)
 .debug_loc     0x00001024       0x29 .\CortexM3\ARM_GCC_493\Debug\All_sensor_test.a(I2C_INT.o)
 .debug_loc     0x0000104d       0x13 .\CortexM3\ARM_GCC_493\Debug\All_sensor_test.a(I2C_PM.o)
 .debug_loc     0x00001060      0x52f .\CortexM3\ARM_GCC_493\Debug\All_sensor_test.a(I2C_MASTER.o)
 .debug_loc     0x0000158f      0xa11 .\CortexM3\ARM_GCC_493\Debug\All_sensor_test.a(CyLib.o)
 .debug_loc     0x00001fa0      0x1e4 .\CortexM3\ARM_GCC_493\Debug\All_sensor_test.a(cyPm.o)
 .debug_loc     0x00002184      0x258 .\CortexM3\ARM_GCC_493\Debug\All_sensor_test.a(gpsSerial.o)
 .debug_loc     0x000023dc      0x128 .\CortexM3\ARM_GCC_493\Debug\All_sensor_test.a(gpsSerial_IntClock.o)
 .debug_loc     0x00002504      0x258 .\CortexM3\ARM_GCC_493\Debug\All_sensor_test.a(xbeeSerial.o)
 .debug_loc     0x0000275c      0x258 .\CortexM3\ARM_GCC_493\Debug\All_sensor_test.a(debugSerial.o)
 .debug_loc     0x000029b4      0x12c .\CortexM3\ARM_GCC_493\Debug\All_sensor_test.a(xbeeSerial_IntClock.o)
 .debug_loc     0x00002ae0      0x128 .\CortexM3\ARM_GCC_493\Debug\All_sensor_test.a(debugSerial_IntClock.o)
 .debug_loc     0x00002c08      0x300 .\CortexM3\ARM_GCC_493\Debug\All_sensor_test.a(CyFlash.o)
 .debug_loc     0x00002f08      0x64d .\CortexM3\ARM_GCC_493\Debug\All_sensor_test.a(CySpc.o)

.debug_macinfo
 *(.debug_macinfo)

.debug_ranges   0x00000000      0xb50
 *(.debug_ranges)
 .debug_ranges  0x00000000       0x28 .\CortexM3\ARM_GCC_493\Debug\main.o
 .debug_ranges  0x00000028       0x78 .\CortexM3\ARM_GCC_493\Debug\accel_mag.o
 .debug_ranges  0x000000a0       0x50 .\CortexM3\ARM_GCC_493\Debug\gyroscope.o
 .debug_ranges  0x000000f0       0x38 .\CortexM3\ARM_GCC_493\Debug\twi.o
 .debug_ranges  0x00000128       0xc8 .\CortexM3\ARM_GCC_493\Debug\barometer.o
 .debug_ranges  0x000001f0       0x60 .\CortexM3\ARM_GCC_493\Debug\debSerial.o
 .debug_ranges  0x00000250       0x38 .\CortexM3\ARM_GCC_493\Debug\Cm3Start.o
 .debug_ranges  0x00000288       0x48 .\CortexM3\ARM_GCC_493\Debug\All_sensor_test.a(cyfitter_cfg.o)
 .debug_ranges  0x000002d0       0x28 .\CortexM3\ARM_GCC_493\Debug\All_sensor_test.a(I2C.o)
 .debug_ranges  0x000002f8       0x10 .\CortexM3\ARM_GCC_493\Debug\All_sensor_test.a(I2C_INT.o)
 .debug_ranges  0x00000308       0x28 .\CortexM3\ARM_GCC_493\Debug\All_sensor_test.a(I2C_PM.o)
 .debug_ranges  0x00000330       0x70 .\CortexM3\ARM_GCC_493\Debug\All_sensor_test.a(I2C_MASTER.o)
 .debug_ranges  0x000003a0      0x290 .\CortexM3\ARM_GCC_493\Debug\All_sensor_test.a(CyLib.o)
 .debug_ranges  0x00000630       0x88 .\CortexM3\ARM_GCC_493\Debug\All_sensor_test.a(cyPm.o)
 .debug_ranges  0x000006b8       0xe0 .\CortexM3\ARM_GCC_493\Debug\All_sensor_test.a(gpsSerial.o)
 .debug_ranges  0x00000798       0x60 .\CortexM3\ARM_GCC_493\Debug\All_sensor_test.a(gpsSerial_IntClock.o)
 .debug_ranges  0x000007f8       0xe0 .\CortexM3\ARM_GCC_493\Debug\All_sensor_test.a(xbeeSerial.o)
 .debug_ranges  0x000008d8       0xe0 .\CortexM3\ARM_GCC_493\Debug\All_sensor_test.a(debugSerial.o)
 .debug_ranges  0x000009b8       0x60 .\CortexM3\ARM_GCC_493\Debug\All_sensor_test.a(xbeeSerial_IntClock.o)
 .debug_ranges  0x00000a18       0x60 .\CortexM3\ARM_GCC_493\Debug\All_sensor_test.a(debugSerial_IntClock.o)
 .debug_ranges  0x00000a78       0x70 .\CortexM3\ARM_GCC_493\Debug\All_sensor_test.a(CyFlash.o)
 .debug_ranges  0x00000ae8       0x68 .\CortexM3\ARM_GCC_493\Debug\All_sensor_test.a(CySpc.o)

.comment        0x00000000       0x70
 .comment       0x00000000       0x70 .\CortexM3\ARM_GCC_493\Debug\main.o
                                 0x71 (size before relaxing)
 .comment       0x00000000       0x71 .\CortexM3\ARM_GCC_493\Debug\accel_mag.o
 .comment       0x00000000       0x71 .\CortexM3\ARM_GCC_493\Debug\gyroscope.o
 .comment       0x00000000       0x71 .\CortexM3\ARM_GCC_493\Debug\SensorVal.o
 .comment       0x00000000       0x71 .\CortexM3\ARM_GCC_493\Debug\twi.o
 .comment       0x00000000       0x71 .\CortexM3\ARM_GCC_493\Debug\barometer.o
 .comment       0x00000000       0x71 .\CortexM3\ARM_GCC_493\Debug\debSerial.o
 .comment       0x00000000       0x71 .\CortexM3\ARM_GCC_493\Debug\cymetadata.o
 .comment       0x00000000       0x71 .\CortexM3\ARM_GCC_493\Debug\Cm3Start.o
 .comment       0x00000000       0x71 .\CortexM3\ARM_GCC_493\Debug\All_sensor_test.a(cyfitter_cfg.o)
 .comment       0x00000000       0x71 .\CortexM3\ARM_GCC_493\Debug\All_sensor_test.a(I2C.o)
 .comment       0x00000000       0x71 .\CortexM3\ARM_GCC_493\Debug\All_sensor_test.a(I2C_INT.o)
 .comment       0x00000000       0x71 .\CortexM3\ARM_GCC_493\Debug\All_sensor_test.a(I2C_PM.o)
 .comment       0x00000000       0x71 .\CortexM3\ARM_GCC_493\Debug\All_sensor_test.a(I2C_MASTER.o)
 .comment       0x00000000       0x71 .\CortexM3\ARM_GCC_493\Debug\All_sensor_test.a(CyLib.o)
 .comment       0x00000000       0x71 .\CortexM3\ARM_GCC_493\Debug\All_sensor_test.a(cyPm.o)
 .comment       0x00000000       0x71 .\CortexM3\ARM_GCC_493\Debug\All_sensor_test.a(gpsSerial.o)
 .comment       0x00000000       0x71 .\CortexM3\ARM_GCC_493\Debug\All_sensor_test.a(gpsSerial_IntClock.o)
 .comment       0x00000000       0x71 .\CortexM3\ARM_GCC_493\Debug\All_sensor_test.a(xbeeSerial.o)
 .comment       0x00000000       0x71 .\CortexM3\ARM_GCC_493\Debug\All_sensor_test.a(debugSerial.o)
 .comment       0x00000000       0x71 .\CortexM3\ARM_GCC_493\Debug\All_sensor_test.a(xbeeSerial_IntClock.o)
 .comment       0x00000000       0x71 .\CortexM3\ARM_GCC_493\Debug\All_sensor_test.a(debugSerial_IntClock.o)
 .comment       0x00000000       0x71 .\CortexM3\ARM_GCC_493\Debug\All_sensor_test.a(CyFlash.o)
 .comment       0x00000000       0x71 .\CortexM3\ARM_GCC_493\Debug\All_sensor_test.a(CySpc.o)

.debug_weaknames
 *(.debug_weaknames)

.debug_funcnames
 *(.debug_funcnames)

.debug_typenames
 *(.debug_typenames)

.debug_varnames
 *(.debug_varnames)

.note.gnu.arm.ident
 *(.note.gnu.arm.ident)

.ARM.attributes
                0x00000000       0x29
 *(.ARM.attributes)
 .ARM.attributes
                0x00000000       0x1d c:/program files (x86)/cypress/psoc creator/4.0/psoc creator/import/gnu/arm/4.9.3/bin/../lib/gcc/arm-none-eabi/4.9.3/armv7-m/crti.o
 .ARM.attributes
                0x0000001d       0x2d c:/program files (x86)/cypress/psoc creator/4.0/psoc creator/import/gnu/arm/4.9.3/bin/../lib/gcc/arm-none-eabi/4.9.3/armv7-m/crtbegin.o
 .ARM.attributes
                0x0000004a       0x1b c:/program files (x86)/cypress/psoc creator/4.0/psoc creator/import/gnu/arm/4.9.3/bin/../lib/gcc/arm-none-eabi/4.9.3/../../../../arm-none-eabi/lib/armv7-m/crt0.o
 .ARM.attributes
                0x00000065       0x33 .\CortexM3\ARM_GCC_493\Debug\main.o
 .ARM.attributes
                0x00000098       0x33 .\CortexM3\ARM_GCC_493\Debug\accel_mag.o
 .ARM.attributes
                0x000000cb       0x33 .\CortexM3\ARM_GCC_493\Debug\gyroscope.o
 .ARM.attributes
                0x000000fe       0x33 .\CortexM3\ARM_GCC_493\Debug\SensorVal.o
 .ARM.attributes
                0x00000131       0x33 .\CortexM3\ARM_GCC_493\Debug\twi.o
 .ARM.attributes
                0x00000164       0x33 .\CortexM3\ARM_GCC_493\Debug\barometer.o
 .ARM.attributes
                0x00000197       0x33 .\CortexM3\ARM_GCC_493\Debug\debSerial.o
 .ARM.attributes
                0x000001ca       0x33 .\CortexM3\ARM_GCC_493\Debug\cymetadata.o
 .ARM.attributes
                0x000001fd       0x33 .\CortexM3\ARM_GCC_493\Debug\Cm3Start.o
 .ARM.attributes
                0x00000230       0x33 .\CortexM3\ARM_GCC_493\Debug\All_sensor_test.a(cyfitter_cfg.o)
 .ARM.attributes
                0x00000263       0x33 .\CortexM3\ARM_GCC_493\Debug\All_sensor_test.a(I2C.o)
 .ARM.attributes
                0x00000296       0x33 .\CortexM3\ARM_GCC_493\Debug\All_sensor_test.a(I2C_INT.o)
 .ARM.attributes
                0x000002c9       0x33 .\CortexM3\ARM_GCC_493\Debug\All_sensor_test.a(I2C_PM.o)
 .ARM.attributes
                0x000002fc       0x33 .\CortexM3\ARM_GCC_493\Debug\All_sensor_test.a(I2C_MASTER.o)
 .ARM.attributes
                0x0000032f       0x33 .\CortexM3\ARM_GCC_493\Debug\All_sensor_test.a(CyLib.o)
 .ARM.attributes
                0x00000362       0x33 .\CortexM3\ARM_GCC_493\Debug\All_sensor_test.a(cyPm.o)
 .ARM.attributes
                0x00000395       0x33 .\CortexM3\ARM_GCC_493\Debug\All_sensor_test.a(gpsSerial.o)
 .ARM.attributes
                0x000003c8       0x33 .\CortexM3\ARM_GCC_493\Debug\All_sensor_test.a(gpsSerial_IntClock.o)
 .ARM.attributes
                0x000003fb       0x33 .\CortexM3\ARM_GCC_493\Debug\All_sensor_test.a(xbeeSerial.o)
 .ARM.attributes
                0x0000042e       0x33 .\CortexM3\ARM_GCC_493\Debug\All_sensor_test.a(debugSerial.o)
 .ARM.attributes
                0x00000461       0x33 .\CortexM3\ARM_GCC_493\Debug\All_sensor_test.a(xbeeSerial_IntClock.o)
 .ARM.attributes
                0x00000494       0x33 .\CortexM3\ARM_GCC_493\Debug\All_sensor_test.a(debugSerial_IntClock.o)
 .ARM.attributes
                0x000004c7       0x21 .\CortexM3\ARM_GCC_493\Debug\All_sensor_test.a(CyBootAsmGnu.o)
 .ARM.attributes
                0x000004e8       0x33 .\CortexM3\ARM_GCC_493\Debug\All_sensor_test.a(CyFlash.o)
 .ARM.attributes
                0x0000051b       0x33 .\CortexM3\ARM_GCC_493\Debug\All_sensor_test.a(CySpc.o)
 .ARM.attributes
                0x0000054e       0x2d c:/program files (x86)/cypress/psoc creator/4.0/psoc creator/import/gnu/arm/4.9.3/bin/../lib/gcc/arm-none-eabi/4.9.3/../../../../arm-none-eabi/lib/armv7-m\libm.a(lib_a-w_pow.o)
 .ARM.attributes
                0x0000057b       0x2d c:/program files (x86)/cypress/psoc creator/4.0/psoc creator/import/gnu/arm/4.9.3/bin/../lib/gcc/arm-none-eabi/4.9.3/../../../../arm-none-eabi/lib/armv7-m\libm.a(lib_a-e_pow.o)
 .ARM.attributes
                0x000005a8       0x2d c:/program files (x86)/cypress/psoc creator/4.0/psoc creator/import/gnu/arm/4.9.3/bin/../lib/gcc/arm-none-eabi/4.9.3/../../../../arm-none-eabi/lib/armv7-m\libm.a(lib_a-e_sqrt.o)
 .ARM.attributes
                0x000005d5       0x2d c:/program files (x86)/cypress/psoc creator/4.0/psoc creator/import/gnu/arm/4.9.3/bin/../lib/gcc/arm-none-eabi/4.9.3/../../../../arm-none-eabi/lib/armv7-m\libm.a(lib_a-s_fabs.o)
 .ARM.attributes
                0x00000602       0x2d c:/program files (x86)/cypress/psoc creator/4.0/psoc creator/import/gnu/arm/4.9.3/bin/../lib/gcc/arm-none-eabi/4.9.3/../../../../arm-none-eabi/lib/armv7-m\libm.a(lib_a-s_finite.o)
 .ARM.attributes
                0x0000062f       0x2d c:/program files (x86)/cypress/psoc creator/4.0/psoc creator/import/gnu/arm/4.9.3/bin/../lib/gcc/arm-none-eabi/4.9.3/../../../../arm-none-eabi/lib/armv7-m\libm.a(lib_a-s_fpclassify.o)
 .ARM.attributes
                0x0000065c       0x2d c:/program files (x86)/cypress/psoc creator/4.0/psoc creator/import/gnu/arm/4.9.3/bin/../lib/gcc/arm-none-eabi/4.9.3/../../../../arm-none-eabi/lib/armv7-m\libm.a(lib_a-s_lib_ver.o)
 .ARM.attributes
                0x00000689       0x2d c:/program files (x86)/cypress/psoc creator/4.0/psoc creator/import/gnu/arm/4.9.3/bin/../lib/gcc/arm-none-eabi/4.9.3/../../../../arm-none-eabi/lib/armv7-m\libm.a(lib_a-s_matherr.o)
 .ARM.attributes
                0x000006b6       0x2d c:/program files (x86)/cypress/psoc creator/4.0/psoc creator/import/gnu/arm/4.9.3/bin/../lib/gcc/arm-none-eabi/4.9.3/../../../../arm-none-eabi/lib/armv7-m\libm.a(lib_a-s_nan.o)
 .ARM.attributes
                0x000006e3       0x2d c:/program files (x86)/cypress/psoc creator/4.0/psoc creator/import/gnu/arm/4.9.3/bin/../lib/gcc/arm-none-eabi/4.9.3/../../../../arm-none-eabi/lib/armv7-m\libm.a(lib_a-s_rint.o)
 .ARM.attributes
                0x00000710       0x2d c:/program files (x86)/cypress/psoc creator/4.0/psoc creator/import/gnu/arm/4.9.3/bin/../lib/gcc/arm-none-eabi/4.9.3/../../../../arm-none-eabi/lib/armv7-m\libm.a(lib_a-s_scalbn.o)
 .ARM.attributes
                0x0000073d       0x2d c:/program files (x86)/cypress/psoc creator/4.0/psoc creator/import/gnu/arm/4.9.3/bin/../lib/gcc/arm-none-eabi/4.9.3/../../../../arm-none-eabi/lib/armv7-m\libm.a(lib_a-s_copysign.o)
 .ARM.attributes
                0x0000076a       0x1d c:/program files (x86)/cypress/psoc creator/4.0/psoc creator/import/gnu/arm/4.9.3/bin/../lib/gcc/arm-none-eabi/4.9.3/armv7-m\libgcc.a(_arm_addsubdf3.o)
 .ARM.attributes
                0x00000787       0x1d c:/program files (x86)/cypress/psoc creator/4.0/psoc creator/import/gnu/arm/4.9.3/bin/../lib/gcc/arm-none-eabi/4.9.3/armv7-m\libgcc.a(_arm_muldivdf3.o)
 .ARM.attributes
                0x000007a4       0x1d c:/program files (x86)/cypress/psoc creator/4.0/psoc creator/import/gnu/arm/4.9.3/bin/../lib/gcc/arm-none-eabi/4.9.3/armv7-m\libgcc.a(_arm_cmpdf2.o)
 .ARM.attributes