ARM GAS  C:\Users\a85495\AppData\Local\Temp\cc781dNB.s 			page 1


   1              		.cpu cortex-m0
   2              		.fpu softvfp
   3              		.eabi_attribute 20, 1
   4              		.eabi_attribute 21, 1
   5              		.eabi_attribute 23, 3
   6              		.eabi_attribute 24, 1
   7              		.eabi_attribute 25, 1
   8              		.eabi_attribute 26, 1
   9              		.eabi_attribute 30, 1
  10              		.eabi_attribute 34, 0
  11              		.eabi_attribute 18, 4
  12              		.code	16
  13              		.file	"cyfitter_cfg.c"
  14              		.text
  15              	.Ltext0:
  16              		.cfi_sections	.debug_frame
  17              		.section	.text.CYMEMZERO,"ax",%progbits
  18              		.align	2
  19              		.code	16
  20              		.thumb_func
  21              		.type	CYMEMZERO, %function
  22              	CYMEMZERO:
  23              	.LFB0:
  24              		.file 1 "Generated_Source\\PSoC4\\cyfitter_cfg.c"
   1:Generated_Source\PSoC4/cyfitter_cfg.c **** /*******************************************************************************
   2:Generated_Source\PSoC4/cyfitter_cfg.c **** * File Name: cyfitter_cfg.c
   3:Generated_Source\PSoC4/cyfitter_cfg.c **** * 
   4:Generated_Source\PSoC4/cyfitter_cfg.c **** * PSoC Creator  4.0 Update 1
   5:Generated_Source\PSoC4/cyfitter_cfg.c **** *
   6:Generated_Source\PSoC4/cyfitter_cfg.c **** * Description:
   7:Generated_Source\PSoC4/cyfitter_cfg.c **** * This file contains device initialization code.
   8:Generated_Source\PSoC4/cyfitter_cfg.c **** * Except for the user defined sections in CyClockStartupError(), this file should not be modified.
   9:Generated_Source\PSoC4/cyfitter_cfg.c **** * This file is automatically generated by PSoC Creator.
  10:Generated_Source\PSoC4/cyfitter_cfg.c **** *
  11:Generated_Source\PSoC4/cyfitter_cfg.c **** ********************************************************************************
  12:Generated_Source\PSoC4/cyfitter_cfg.c **** * Copyright (c) 2007-2016 Cypress Semiconductor.  All rights reserved.
  13:Generated_Source\PSoC4/cyfitter_cfg.c **** * You may use this file only in accordance with the license, terms, conditions, 
  14:Generated_Source\PSoC4/cyfitter_cfg.c **** * disclaimers, and limitations in the end user license agreement accompanying 
  15:Generated_Source\PSoC4/cyfitter_cfg.c **** * the software package with which this file was provided.
  16:Generated_Source\PSoC4/cyfitter_cfg.c **** ********************************************************************************/
  17:Generated_Source\PSoC4/cyfitter_cfg.c **** 
  18:Generated_Source\PSoC4/cyfitter_cfg.c **** #include <string.h>
  19:Generated_Source\PSoC4/cyfitter_cfg.c **** #include "cytypes.h"
  20:Generated_Source\PSoC4/cyfitter_cfg.c **** #include "cydevice_trm.h"
  21:Generated_Source\PSoC4/cyfitter_cfg.c **** #include "cyfitter.h"
  22:Generated_Source\PSoC4/cyfitter_cfg.c **** #include "CyLib.h"
  23:Generated_Source\PSoC4/cyfitter_cfg.c **** #include "CyLFClk.h"
  24:Generated_Source\PSoC4/cyfitter_cfg.c **** #include "cyfitter_cfg.h"
  25:Generated_Source\PSoC4/cyfitter_cfg.c **** #include "cyapicallbacks.h"
  26:Generated_Source\PSoC4/cyfitter_cfg.c **** 
  27:Generated_Source\PSoC4/cyfitter_cfg.c **** 
  28:Generated_Source\PSoC4/cyfitter_cfg.c **** #if defined(__GNUC__) || defined(__ARMCC_VERSION)
  29:Generated_Source\PSoC4/cyfitter_cfg.c ****     #define CYPACKED 
  30:Generated_Source\PSoC4/cyfitter_cfg.c ****     #define CYPACKED_ATTR __attribute__ ((packed))
  31:Generated_Source\PSoC4/cyfitter_cfg.c ****     #define CYALIGNED __attribute__ ((aligned))
  32:Generated_Source\PSoC4/cyfitter_cfg.c ****     #define CY_CFG_UNUSED __attribute__ ((unused))
  33:Generated_Source\PSoC4/cyfitter_cfg.c ****     #ifndef CY_CFG_SECTION
ARM GAS  C:\Users\a85495\AppData\Local\Temp\cc781dNB.s 			page 2


  34:Generated_Source\PSoC4/cyfitter_cfg.c ****         #define CY_CFG_SECTION __attribute__ ((section(".psocinit")))
  35:Generated_Source\PSoC4/cyfitter_cfg.c ****     #endif
  36:Generated_Source\PSoC4/cyfitter_cfg.c ****     
  37:Generated_Source\PSoC4/cyfitter_cfg.c ****     #if defined(__ARMCC_VERSION)
  38:Generated_Source\PSoC4/cyfitter_cfg.c ****         #define CY_CFG_MEMORY_BARRIER() __memory_changed()
  39:Generated_Source\PSoC4/cyfitter_cfg.c ****     #else
  40:Generated_Source\PSoC4/cyfitter_cfg.c ****         #define CY_CFG_MEMORY_BARRIER() __sync_synchronize()
  41:Generated_Source\PSoC4/cyfitter_cfg.c ****     #endif
  42:Generated_Source\PSoC4/cyfitter_cfg.c ****     
  43:Generated_Source\PSoC4/cyfitter_cfg.c **** #elif defined(__ICCARM__)
  44:Generated_Source\PSoC4/cyfitter_cfg.c ****     #include <intrinsics.h>
  45:Generated_Source\PSoC4/cyfitter_cfg.c **** 
  46:Generated_Source\PSoC4/cyfitter_cfg.c ****     #define CYPACKED __packed
  47:Generated_Source\PSoC4/cyfitter_cfg.c ****     #define CYPACKED_ATTR 
  48:Generated_Source\PSoC4/cyfitter_cfg.c ****     #define CYALIGNED _Pragma("data_alignment=4")
  49:Generated_Source\PSoC4/cyfitter_cfg.c ****     #define CY_CFG_UNUSED _Pragma("diag_suppress=Pe177")
  50:Generated_Source\PSoC4/cyfitter_cfg.c ****     #define CY_CFG_SECTION _Pragma("location=\".psocinit\"")
  51:Generated_Source\PSoC4/cyfitter_cfg.c ****     
  52:Generated_Source\PSoC4/cyfitter_cfg.c ****     #define CY_CFG_MEMORY_BARRIER() __DMB()
  53:Generated_Source\PSoC4/cyfitter_cfg.c ****     
  54:Generated_Source\PSoC4/cyfitter_cfg.c **** #else
  55:Generated_Source\PSoC4/cyfitter_cfg.c ****     #error Unsupported toolchain
  56:Generated_Source\PSoC4/cyfitter_cfg.c **** #endif
  57:Generated_Source\PSoC4/cyfitter_cfg.c **** 
  58:Generated_Source\PSoC4/cyfitter_cfg.c **** 
  59:Generated_Source\PSoC4/cyfitter_cfg.c **** CY_CFG_UNUSED
  60:Generated_Source\PSoC4/cyfitter_cfg.c **** static void CYMEMZERO(void *s, size_t n);
  61:Generated_Source\PSoC4/cyfitter_cfg.c **** CY_CFG_UNUSED
  62:Generated_Source\PSoC4/cyfitter_cfg.c **** static void CYMEMZERO(void *s, size_t n)
  63:Generated_Source\PSoC4/cyfitter_cfg.c **** {
  25              		.loc 1 63 0
  26              		.cfi_startproc
  27              	.LVL0:
  28 0000 08B5     		push	{r3, lr}
  29              		.cfi_def_cfa_offset 8
  30              		.cfi_offset 3, -8
  31              		.cfi_offset 14, -4
  32 0002 0A1C     		mov	r2, r1
  64:Generated_Source\PSoC4/cyfitter_cfg.c **** 	(void)memset(s, 0, n);
  33              		.loc 1 64 0
  34 0004 0021     		mov	r1, #0
  35              	.LVL1:
  36 0006 FFF7FEFF 		bl	memset
  37              	.LVL2:
  65:Generated_Source\PSoC4/cyfitter_cfg.c **** }
  38              		.loc 1 65 0
  39              		@ sp needed
  40 000a 08BD     		pop	{r3, pc}
  41              		.cfi_endproc
  42              	.LFE0:
  43              		.size	CYMEMZERO, .-CYMEMZERO
  44              		.section	.psocinit,"ax",%progbits
  45              		.align	2
  46              		.code	16
  47              		.thumb_func
  48              		.type	ClockSetup, %function
  49              	ClockSetup:
ARM GAS  C:\Users\a85495\AppData\Local\Temp\cc781dNB.s 			page 3


  50              	.LFB3:
  66:Generated_Source\PSoC4/cyfitter_cfg.c **** CY_CFG_UNUSED
  67:Generated_Source\PSoC4/cyfitter_cfg.c **** static void CYCONFIGCPY(void *dest, const void *src, size_t n);
  68:Generated_Source\PSoC4/cyfitter_cfg.c **** CY_CFG_UNUSED
  69:Generated_Source\PSoC4/cyfitter_cfg.c **** static void CYCONFIGCPY(void *dest, const void *src, size_t n)
  70:Generated_Source\PSoC4/cyfitter_cfg.c **** {
  71:Generated_Source\PSoC4/cyfitter_cfg.c **** 	(void)memcpy(dest, src, n);
  72:Generated_Source\PSoC4/cyfitter_cfg.c **** }
  73:Generated_Source\PSoC4/cyfitter_cfg.c **** CY_CFG_UNUSED
  74:Generated_Source\PSoC4/cyfitter_cfg.c **** static void CYCONFIGCPYCODE(void *dest, const void *src, size_t n);
  75:Generated_Source\PSoC4/cyfitter_cfg.c **** CY_CFG_UNUSED
  76:Generated_Source\PSoC4/cyfitter_cfg.c **** static void CYCONFIGCPYCODE(void *dest, const void *src, size_t n)
  77:Generated_Source\PSoC4/cyfitter_cfg.c **** {
  78:Generated_Source\PSoC4/cyfitter_cfg.c **** 	(void)memcpy(dest, src, n);
  79:Generated_Source\PSoC4/cyfitter_cfg.c **** }
  80:Generated_Source\PSoC4/cyfitter_cfg.c **** 
  81:Generated_Source\PSoC4/cyfitter_cfg.c **** 
  82:Generated_Source\PSoC4/cyfitter_cfg.c **** 
  83:Generated_Source\PSoC4/cyfitter_cfg.c **** 
  84:Generated_Source\PSoC4/cyfitter_cfg.c **** /* Clock startup error codes                                                   */
  85:Generated_Source\PSoC4/cyfitter_cfg.c **** #define CYCLOCKSTART_NO_ERROR    0u
  86:Generated_Source\PSoC4/cyfitter_cfg.c **** #define CYCLOCKSTART_XTAL_ERROR  1u
  87:Generated_Source\PSoC4/cyfitter_cfg.c **** #define CYCLOCKSTART_32KHZ_ERROR 2u
  88:Generated_Source\PSoC4/cyfitter_cfg.c **** #define CYCLOCKSTART_PLL_ERROR   3u
  89:Generated_Source\PSoC4/cyfitter_cfg.c **** 
  90:Generated_Source\PSoC4/cyfitter_cfg.c **** 
  91:Generated_Source\PSoC4/cyfitter_cfg.c **** #ifdef CY_NEED_CYCLOCKSTARTUPERROR
  92:Generated_Source\PSoC4/cyfitter_cfg.c **** /*******************************************************************************
  93:Generated_Source\PSoC4/cyfitter_cfg.c **** * Function Name: CyClockStartupError
  94:Generated_Source\PSoC4/cyfitter_cfg.c **** ********************************************************************************
  95:Generated_Source\PSoC4/cyfitter_cfg.c **** * Summary:
  96:Generated_Source\PSoC4/cyfitter_cfg.c **** *  If an error is encountered during clock configuration (crystal startup error,
  97:Generated_Source\PSoC4/cyfitter_cfg.c **** *  PLL lock error, etc.), the system will end up here.  Unless reimplemented by
  98:Generated_Source\PSoC4/cyfitter_cfg.c **** *  the customer, this function will stop in an infinite loop.
  99:Generated_Source\PSoC4/cyfitter_cfg.c **** *
 100:Generated_Source\PSoC4/cyfitter_cfg.c **** * Parameters:
 101:Generated_Source\PSoC4/cyfitter_cfg.c **** *   void
 102:Generated_Source\PSoC4/cyfitter_cfg.c **** *
 103:Generated_Source\PSoC4/cyfitter_cfg.c **** * Return:
 104:Generated_Source\PSoC4/cyfitter_cfg.c **** *   void
 105:Generated_Source\PSoC4/cyfitter_cfg.c **** *
 106:Generated_Source\PSoC4/cyfitter_cfg.c **** *******************************************************************************/
 107:Generated_Source\PSoC4/cyfitter_cfg.c **** CY_CFG_UNUSED
 108:Generated_Source\PSoC4/cyfitter_cfg.c **** static void CyClockStartupError(uint8 errorCode);
 109:Generated_Source\PSoC4/cyfitter_cfg.c **** CY_CFG_UNUSED
 110:Generated_Source\PSoC4/cyfitter_cfg.c **** static void CyClockStartupError(uint8 errorCode)
 111:Generated_Source\PSoC4/cyfitter_cfg.c **** {
 112:Generated_Source\PSoC4/cyfitter_cfg.c ****     /* To remove the compiler warning if errorCode not used.                */
 113:Generated_Source\PSoC4/cyfitter_cfg.c ****     errorCode = errorCode;
 114:Generated_Source\PSoC4/cyfitter_cfg.c **** 
 115:Generated_Source\PSoC4/cyfitter_cfg.c ****     /* If we have a clock startup error (bad MHz crystal, PLL lock, etc.),  */
 116:Generated_Source\PSoC4/cyfitter_cfg.c ****     /* we will end up here to allow the customer to implement something to  */
 117:Generated_Source\PSoC4/cyfitter_cfg.c ****     /* deal with the clock condition.                                       */
 118:Generated_Source\PSoC4/cyfitter_cfg.c **** 
 119:Generated_Source\PSoC4/cyfitter_cfg.c **** #ifdef CY_CFG_CLOCK_STARTUP_ERROR_CALLBACK
 120:Generated_Source\PSoC4/cyfitter_cfg.c **** 	CY_CFG_Clock_Startup_ErrorCallback();
 121:Generated_Source\PSoC4/cyfitter_cfg.c **** #else
ARM GAS  C:\Users\a85495\AppData\Local\Temp\cc781dNB.s 			page 4


 122:Generated_Source\PSoC4/cyfitter_cfg.c **** 	/*  If not using CY_CFG_CLOCK_STARTUP_ERROR_CALLBACK, place your clock startup code here. */
 123:Generated_Source\PSoC4/cyfitter_cfg.c ****     /* `#START CyClockStartupError` */
 124:Generated_Source\PSoC4/cyfitter_cfg.c **** 
 125:Generated_Source\PSoC4/cyfitter_cfg.c **** 
 126:Generated_Source\PSoC4/cyfitter_cfg.c **** 
 127:Generated_Source\PSoC4/cyfitter_cfg.c ****     /* `#END` */
 128:Generated_Source\PSoC4/cyfitter_cfg.c **** 
 129:Generated_Source\PSoC4/cyfitter_cfg.c ****     /* If nothing else, stop here since the clocks have not started         */
 130:Generated_Source\PSoC4/cyfitter_cfg.c ****     /* correctly.                                                           */
 131:Generated_Source\PSoC4/cyfitter_cfg.c ****     while(1) {}
 132:Generated_Source\PSoC4/cyfitter_cfg.c **** #endif /* CY_CFG_CLOCK_STARTUP_ERROR_CALLBACK */ 
 133:Generated_Source\PSoC4/cyfitter_cfg.c **** }
 134:Generated_Source\PSoC4/cyfitter_cfg.c **** #endif
 135:Generated_Source\PSoC4/cyfitter_cfg.c **** 
 136:Generated_Source\PSoC4/cyfitter_cfg.c **** 
 137:Generated_Source\PSoC4/cyfitter_cfg.c **** 
 138:Generated_Source\PSoC4/cyfitter_cfg.c **** /*******************************************************************************
 139:Generated_Source\PSoC4/cyfitter_cfg.c **** * Function Name: ClockSetup
 140:Generated_Source\PSoC4/cyfitter_cfg.c **** ********************************************************************************
 141:Generated_Source\PSoC4/cyfitter_cfg.c **** *
 142:Generated_Source\PSoC4/cyfitter_cfg.c **** * Summary:
 143:Generated_Source\PSoC4/cyfitter_cfg.c **** *   Performs the initialization of all of the clocks in the device based on the
 144:Generated_Source\PSoC4/cyfitter_cfg.c **** *   settings in the Clock tab of the DWR.  This includes enabling the requested
 145:Generated_Source\PSoC4/cyfitter_cfg.c **** *   clocks and setting the necessary dividers to produce the desired frequency. 
 146:Generated_Source\PSoC4/cyfitter_cfg.c **** *
 147:Generated_Source\PSoC4/cyfitter_cfg.c **** * Parameters:
 148:Generated_Source\PSoC4/cyfitter_cfg.c **** *   void
 149:Generated_Source\PSoC4/cyfitter_cfg.c **** *
 150:Generated_Source\PSoC4/cyfitter_cfg.c **** * Return:
 151:Generated_Source\PSoC4/cyfitter_cfg.c **** *   void
 152:Generated_Source\PSoC4/cyfitter_cfg.c **** *
 153:Generated_Source\PSoC4/cyfitter_cfg.c **** *******************************************************************************/
 154:Generated_Source\PSoC4/cyfitter_cfg.c **** static void ClockSetup(void);
 155:Generated_Source\PSoC4/cyfitter_cfg.c **** CY_CFG_SECTION
 156:Generated_Source\PSoC4/cyfitter_cfg.c **** static void ClockSetup(void)
 157:Generated_Source\PSoC4/cyfitter_cfg.c **** {
  51              		.loc 1 157 0
  52              		.cfi_startproc
  53 0000 38B5     		push	{r3, r4, r5, lr}
  54              		.cfi_def_cfa_offset 16
  55              		.cfi_offset 3, -16
  56              		.cfi_offset 4, -12
  57              		.cfi_offset 5, -8
  58              		.cfi_offset 14, -4
 158:Generated_Source\PSoC4/cyfitter_cfg.c **** 	/* Enable HALF_EN before trimming for the flash accelerator. */
 159:Generated_Source\PSoC4/cyfitter_cfg.c **** 	CY_SET_REG32((void CYXDATA *)(CYREG_CLK_SELECT), (CY_GET_REG32((void *)CYREG_CLK_SELECT) | 0x00040
  59              		.loc 1 159 0
  60 0002 134C     		ldr	r4, .L3
  61 0004 2368     		ldr	r3, [r4]
  62 0006 8022     		mov	r2, #128
  63 0008 D202     		lsl	r2, r2, #11
  64 000a 1343     		orr	r3, r2
  65 000c 2360     		str	r3, [r4]
 160:Generated_Source\PSoC4/cyfitter_cfg.c **** 
 161:Generated_Source\PSoC4/cyfitter_cfg.c **** 	/* Setup and trim IMO based on desired frequency. */
 162:Generated_Source\PSoC4/cyfitter_cfg.c **** 	CySysClkWriteImoFreq(24u);
  66              		.loc 1 162 0
ARM GAS  C:\Users\a85495\AppData\Local\Temp\cc781dNB.s 			page 5


  67 000e 1820     		mov	r0, #24
  68 0010 FFF7FEFF 		bl	CySysClkWriteImoFreq
  69              	.LVL3:
 163:Generated_Source\PSoC4/cyfitter_cfg.c **** 
 164:Generated_Source\PSoC4/cyfitter_cfg.c **** 	/* Disable HALF_EN since it is not required at this IMO frequency. */
 165:Generated_Source\PSoC4/cyfitter_cfg.c **** 	CY_SET_REG32((void CYXDATA *)(CYREG_CLK_SELECT), (CY_GET_REG32((void *)CYREG_CLK_SELECT) & 0xFFFBF
  70              		.loc 1 165 0
  71 0014 2268     		ldr	r2, [r4]
  72 0016 0F4B     		ldr	r3, .L3+4
  73 0018 1340     		and	r3, r2
  74 001a 2360     		str	r3, [r4]
 166:Generated_Source\PSoC4/cyfitter_cfg.c **** 	/* CYDEV_CLK_ILO_CONFIG Starting address: CYDEV_CLK_ILO_CONFIG */
 167:Generated_Source\PSoC4/cyfitter_cfg.c **** 	CY_SET_XTND_REG32((void CYFAR *)(CYREG_CLK_ILO_CONFIG), 0x80000006u);
  75              		.loc 1 167 0
  76 001c 0E4A     		ldr	r2, .L3+8
  77 001e 0F4B     		ldr	r3, .L3+12
  78 0020 1A60     		str	r2, [r3]
 168:Generated_Source\PSoC4/cyfitter_cfg.c **** 
 169:Generated_Source\PSoC4/cyfitter_cfg.c **** 
 170:Generated_Source\PSoC4/cyfitter_cfg.c **** 	/* CYDEV_CLK_SELECT00 Starting address: CYDEV_CLK_SELECT00 */
 171:Generated_Source\PSoC4/cyfitter_cfg.c **** 	CY_SET_XTND_REG32((void CYFAR *)(CYREG_CLK_SELECT02), 0x00000010u);
  79              		.loc 1 171 0
  80 0022 1022     		mov	r2, #16
  81 0024 0E4B     		ldr	r3, .L3+16
  82 0026 1A60     		str	r2, [r3]
 172:Generated_Source\PSoC4/cyfitter_cfg.c **** 
 173:Generated_Source\PSoC4/cyfitter_cfg.c **** 	/* CYDEV_CLK_IMO_CONFIG Starting address: CYDEV_CLK_IMO_CONFIG */
 174:Generated_Source\PSoC4/cyfitter_cfg.c **** 	CY_SET_XTND_REG32((void CYFAR *)(CYREG_CLK_IMO_CONFIG), 0x80000000u);
  83              		.loc 1 174 0
  84 0028 8022     		mov	r2, #128
  85 002a 1206     		lsl	r2, r2, #24
  86 002c 0D4B     		ldr	r3, .L3+20
  87 002e 1A60     		str	r2, [r3]
 175:Generated_Source\PSoC4/cyfitter_cfg.c **** 
 176:Generated_Source\PSoC4/cyfitter_cfg.c **** 	/* CYDEV_CLK_SELECT Starting address: CYDEV_CLK_SELECT */
 177:Generated_Source\PSoC4/cyfitter_cfg.c **** 	CY_SET_XTND_REG32((void CYFAR *)(CYREG_CLK_SELECT), 0x00000000u);
  88              		.loc 1 177 0
  89 0030 0025     		mov	r5, #0
  90 0032 2560     		str	r5, [r4]
 178:Generated_Source\PSoC4/cyfitter_cfg.c **** 
 179:Generated_Source\PSoC4/cyfitter_cfg.c **** 	/* CYDEV_CLK_DIVIDER_A00 Starting address: CYDEV_CLK_DIVIDER_A00 */
 180:Generated_Source\PSoC4/cyfitter_cfg.c **** 	CY_SET_XTND_REG32((void CYFAR *)(CYREG_CLK_DIVIDER_A00), 0x80000010u);
  91              		.loc 1 180 0
  92 0034 0C4A     		ldr	r2, .L3+24
  93 0036 0D4B     		ldr	r3, .L3+28
  94 0038 1A60     		str	r2, [r3]
 181:Generated_Source\PSoC4/cyfitter_cfg.c **** 
 182:Generated_Source\PSoC4/cyfitter_cfg.c **** 	(void)CyIntSetVector(9u, &CySysWdtIsr);
  95              		.loc 1 182 0
  96 003a 0920     		mov	r0, #9
  97 003c 0C49     		ldr	r1, .L3+32
  98 003e FFF7FEFF 		bl	CyIntSetVector
  99              	.LVL4:
 183:Generated_Source\PSoC4/cyfitter_cfg.c **** 	CyIntEnable(9u);
 100              		.loc 1 183 0
 101 0042 0920     		mov	r0, #9
 102 0044 FFF7FEFF 		bl	CyIntEnable
ARM GAS  C:\Users\a85495\AppData\Local\Temp\cc781dNB.s 			page 6


 103              	.LVL5:
 184:Generated_Source\PSoC4/cyfitter_cfg.c **** 	CY_SET_XTND_REG32((void CYFAR *)(CYREG_WDT_CONFIG), 0x00000000u);
 104              		.loc 1 184 0
 105 0048 0A4B     		ldr	r3, .L3+36
 106 004a 1D60     		str	r5, [r3]
 185:Generated_Source\PSoC4/cyfitter_cfg.c **** }
 107              		.loc 1 185 0
 108              		@ sp needed
 109 004c 38BD     		pop	{r3, r4, r5, pc}
 110              	.L4:
 111 004e C046     		.align	2
 112              	.L3:
 113 0050 00010B40 		.word	1074462976
 114 0054 FFFFFBFF 		.word	-262145
 115 0058 06000080 		.word	-2147483642
 116 005c 04010B40 		.word	1074462980
 117 0060 08020240 		.word	1073873416
 118 0064 08010B40 		.word	1074462984
 119 0068 10000080 		.word	-2147483632
 120 006c 00000240 		.word	1073872896
 121 0070 00000000 		.word	CySysWdtIsr
 122 0074 0C020B40 		.word	1074463244
 123              		.cfi_endproc
 124              	.LFE3:
 125              		.size	ClockSetup, .-ClockSetup
 126              		.align	2
 127              		.global	cyfitter_cfg
 128              		.code	16
 129              		.thumb_func
 130              		.type	cyfitter_cfg, %function
 131              	cyfitter_cfg:
 132              	.LFB5:
 186:Generated_Source\PSoC4/cyfitter_cfg.c **** 
 187:Generated_Source\PSoC4/cyfitter_cfg.c **** 
 188:Generated_Source\PSoC4/cyfitter_cfg.c **** /* Analog API Functions */
 189:Generated_Source\PSoC4/cyfitter_cfg.c **** 
 190:Generated_Source\PSoC4/cyfitter_cfg.c **** 
 191:Generated_Source\PSoC4/cyfitter_cfg.c **** /*******************************************************************************
 192:Generated_Source\PSoC4/cyfitter_cfg.c **** * Function Name: AnalogSetDefault
 193:Generated_Source\PSoC4/cyfitter_cfg.c **** ********************************************************************************
 194:Generated_Source\PSoC4/cyfitter_cfg.c **** *
 195:Generated_Source\PSoC4/cyfitter_cfg.c **** * Summary:
 196:Generated_Source\PSoC4/cyfitter_cfg.c **** *  Sets up the analog portions of the chip to default values based on chip
 197:Generated_Source\PSoC4/cyfitter_cfg.c **** *  configuration options from the project.
 198:Generated_Source\PSoC4/cyfitter_cfg.c **** *
 199:Generated_Source\PSoC4/cyfitter_cfg.c **** * Parameters:
 200:Generated_Source\PSoC4/cyfitter_cfg.c **** *  void
 201:Generated_Source\PSoC4/cyfitter_cfg.c **** *
 202:Generated_Source\PSoC4/cyfitter_cfg.c **** * Return:
 203:Generated_Source\PSoC4/cyfitter_cfg.c **** *  void
 204:Generated_Source\PSoC4/cyfitter_cfg.c **** *
 205:Generated_Source\PSoC4/cyfitter_cfg.c **** *******************************************************************************/
 206:Generated_Source\PSoC4/cyfitter_cfg.c **** static void AnalogSetDefault(void);
 207:Generated_Source\PSoC4/cyfitter_cfg.c **** static void AnalogSetDefault(void)
 208:Generated_Source\PSoC4/cyfitter_cfg.c **** {
 209:Generated_Source\PSoC4/cyfitter_cfg.c **** }
 210:Generated_Source\PSoC4/cyfitter_cfg.c **** 
ARM GAS  C:\Users\a85495\AppData\Local\Temp\cc781dNB.s 			page 7


 211:Generated_Source\PSoC4/cyfitter_cfg.c **** #define CY_AMUX_UNUSED CYREG_CM0_ROM_DWT
 212:Generated_Source\PSoC4/cyfitter_cfg.c **** 
 213:Generated_Source\PSoC4/cyfitter_cfg.c **** 
 214:Generated_Source\PSoC4/cyfitter_cfg.c **** /*******************************************************************************
 215:Generated_Source\PSoC4/cyfitter_cfg.c **** * Function Name: cyfitter_cfg
 216:Generated_Source\PSoC4/cyfitter_cfg.c **** ********************************************************************************
 217:Generated_Source\PSoC4/cyfitter_cfg.c **** * Summary:
 218:Generated_Source\PSoC4/cyfitter_cfg.c **** *  This function is called by the start-up code for the selected device. It
 219:Generated_Source\PSoC4/cyfitter_cfg.c **** *  performs all of the necessary device configuration based on the design
 220:Generated_Source\PSoC4/cyfitter_cfg.c **** *  settings.  This includes settings from the Design Wide Resources (DWR) such
 221:Generated_Source\PSoC4/cyfitter_cfg.c **** *  as Clocks and Pins as well as any component configuration that is necessary.
 222:Generated_Source\PSoC4/cyfitter_cfg.c **** *
 223:Generated_Source\PSoC4/cyfitter_cfg.c **** * Parameters:  
 224:Generated_Source\PSoC4/cyfitter_cfg.c **** *   void
 225:Generated_Source\PSoC4/cyfitter_cfg.c **** *
 226:Generated_Source\PSoC4/cyfitter_cfg.c **** * Return:
 227:Generated_Source\PSoC4/cyfitter_cfg.c **** *   void
 228:Generated_Source\PSoC4/cyfitter_cfg.c **** *
 229:Generated_Source\PSoC4/cyfitter_cfg.c **** *******************************************************************************/
 230:Generated_Source\PSoC4/cyfitter_cfg.c **** CY_CFG_SECTION
 231:Generated_Source\PSoC4/cyfitter_cfg.c **** void cyfitter_cfg(void)
 232:Generated_Source\PSoC4/cyfitter_cfg.c **** {
 133              		.loc 1 232 0
 134              		.cfi_startproc
 135 0078 10B5     		push	{r4, lr}
 136              		.cfi_def_cfa_offset 8
 137              		.cfi_offset 4, -8
 138              		.cfi_offset 14, -4
 233:Generated_Source\PSoC4/cyfitter_cfg.c **** 	/* Disable interrupts by default. Let user enable if/when they want. */
 234:Generated_Source\PSoC4/cyfitter_cfg.c **** 	CyGlobalIntDisable;
 139              		.loc 1 234 0
 140              	@ 234 "Generated_Source\PSoC4\cyfitter_cfg.c" 1
 141 007a 72B6     		CPSID   i
 142              	@ 0 "" 2
 143              	.LVL6:
 144              		.code	16
 145              	.LBB2:
 235:Generated_Source\PSoC4/cyfitter_cfg.c **** 
 236:Generated_Source\PSoC4/cyfitter_cfg.c **** 	{
 237:Generated_Source\PSoC4/cyfitter_cfg.c **** 
 238:Generated_Source\PSoC4/cyfitter_cfg.c **** 		CYPACKED typedef struct {
 239:Generated_Source\PSoC4/cyfitter_cfg.c **** 			void CYFAR *address;
 240:Generated_Source\PSoC4/cyfitter_cfg.c **** 			uint16 size;
 241:Generated_Source\PSoC4/cyfitter_cfg.c **** 		} CYPACKED_ATTR cfg_memset_t;
 242:Generated_Source\PSoC4/cyfitter_cfg.c **** 
 243:Generated_Source\PSoC4/cyfitter_cfg.c **** 		static const cfg_memset_t CYCODE cfg_memset_list [] = {
 244:Generated_Source\PSoC4/cyfitter_cfg.c **** 			/* address, size */
 245:Generated_Source\PSoC4/cyfitter_cfg.c **** 			{(void CYFAR *)(CYDEV_UDB_P0_U0_BASE), 1024u},
 246:Generated_Source\PSoC4/cyfitter_cfg.c **** 			{(void CYFAR *)(CYDEV_UDB_DSI0_BASE), 1024u},
 247:Generated_Source\PSoC4/cyfitter_cfg.c **** 		};
 248:Generated_Source\PSoC4/cyfitter_cfg.c **** 
 249:Generated_Source\PSoC4/cyfitter_cfg.c **** 		uint8 CYDATA i;
 250:Generated_Source\PSoC4/cyfitter_cfg.c **** 
 251:Generated_Source\PSoC4/cyfitter_cfg.c **** 		/* Zero out critical memory blocks before beginning configuration */
 252:Generated_Source\PSoC4/cyfitter_cfg.c **** 		for (i = 0u; i < (sizeof(cfg_memset_list)/sizeof(cfg_memset_list[0])); i++)
 146              		.loc 1 252 0
 147 007c 0024     		mov	r4, #0
ARM GAS  C:\Users\a85495\AppData\Local\Temp\cc781dNB.s 			page 8


 148 007e 10E0     		b	.L6
 149              	.LVL7:
 150              	.L7:
 151              	.LBB3:
 253:Generated_Source\PSoC4/cyfitter_cfg.c **** 		{
 254:Generated_Source\PSoC4/cyfitter_cfg.c **** 			const cfg_memset_t CYCODE * CYDATA ms = &cfg_memset_list[i];
 255:Generated_Source\PSoC4/cyfitter_cfg.c **** 			CYMEMZERO(ms->address, (size_t)(uint32)(ms->size));
 152              		.loc 1 255 0 discriminator 3
 153 0080 1E48     		ldr	r0, .L8
 154 0082 6300     		lsl	r3, r4, #1
 155 0084 1A19     		add	r2, r3, r4
 156 0086 5200     		lsl	r2, r2, #1
 157 0088 8218     		add	r2, r0, r2
 158 008a 9188     		ldrh	r1, [r2, #4]
 159 008c 1B19     		add	r3, r3, r4
 160 008e 5B00     		lsl	r3, r3, #1
 161 0090 1A5A     		ldrh	r2, [r3, r0]
 162 0092 C318     		add	r3, r0, r3
 163 0094 5888     		ldrh	r0, [r3, #2]
 164 0096 0004     		lsl	r0, r0, #16
 165 0098 1043     		orr	r0, r2
 166 009a FFF7FEFF 		bl	CYMEMZERO
 167              	.LVL8:
 168              	.LBE3:
 252:Generated_Source\PSoC4/cyfitter_cfg.c **** 		{
 169              		.loc 1 252 0 discriminator 3
 170 009e 0134     		add	r4, r4, #1
 171              	.LVL9:
 172 00a0 E4B2     		uxtb	r4, r4
 173              	.LVL10:
 174              	.L6:
 252:Generated_Source\PSoC4/cyfitter_cfg.c **** 		{
 175              		.loc 1 252 0 is_stmt 0 discriminator 1
 176 00a2 012C     		cmp	r4, #1
 177 00a4 ECD9     		bls	.L7
 256:Generated_Source\PSoC4/cyfitter_cfg.c **** 		}
 257:Generated_Source\PSoC4/cyfitter_cfg.c **** 
 258:Generated_Source\PSoC4/cyfitter_cfg.c **** 		/* HSIOM Starting address: CYDEV_HSIOM_BASE */
 259:Generated_Source\PSoC4/cyfitter_cfg.c **** 		CY_SET_XTND_REG32((void CYFAR *)(CYREG_HSIOM_PORT_SEL3), 0x0000EE00u);
 178              		.loc 1 259 0 is_stmt 1
 179 00a6 EE22     		mov	r2, #238
 180 00a8 1202     		lsl	r2, r2, #8
 181 00aa 154B     		ldr	r3, .L8+4
 182 00ac 1A60     		str	r2, [r3]
 260:Generated_Source\PSoC4/cyfitter_cfg.c **** 		CY_SET_XTND_REG32((void CYFAR *)(CYREG_HSIOM_PORT_SEL4), 0x00000099u);
 183              		.loc 1 260 0
 184 00ae 9922     		mov	r2, #153
 185 00b0 144B     		ldr	r3, .L8+8
 186 00b2 1A60     		str	r2, [r3]
 261:Generated_Source\PSoC4/cyfitter_cfg.c **** 
 262:Generated_Source\PSoC4/cyfitter_cfg.c **** 		/* UDB_PA_3 Starting address: CYDEV_UDB_PA3_BASE */
 263:Generated_Source\PSoC4/cyfitter_cfg.c **** 		CY_SET_XTND_REG32((void CYFAR *)(CYDEV_UDB_PA3_BASE), 0x00990000u);
 187              		.loc 1 263 0
 188 00b4 9922     		mov	r2, #153
 189 00b6 1204     		lsl	r2, r2, #16
 190 00b8 134B     		ldr	r3, .L8+12
 191 00ba 1A60     		str	r2, [r3]
ARM GAS  C:\Users\a85495\AppData\Local\Temp\cc781dNB.s 			page 9


 264:Generated_Source\PSoC4/cyfitter_cfg.c **** 
 265:Generated_Source\PSoC4/cyfitter_cfg.c **** 		/* Enable digital routing */
 266:Generated_Source\PSoC4/cyfitter_cfg.c **** 		CY_SET_XTND_REG8((void *)CYREG_UDB_UDBIF_BANK_CTL, CY_GET_XTND_REG8((void *)CYREG_UDB_UDBIF_BANK_
 192              		.loc 1 266 0
 193 00bc 134B     		ldr	r3, .L8+16
 194 00be 1978     		ldrb	r1, [r3]
 195 00c0 0220     		mov	r0, #2
 196 00c2 0222     		mov	r2, #2
 197 00c4 0A43     		orr	r2, r1
 198 00c6 1A70     		strb	r2, [r3]
 267:Generated_Source\PSoC4/cyfitter_cfg.c **** 
 268:Generated_Source\PSoC4/cyfitter_cfg.c **** 		/* Enable UDB array */
 269:Generated_Source\PSoC4/cyfitter_cfg.c **** 		CY_SET_XTND_REG8((void *)CYREG_UDB_UDBIF_WAIT_CFG, (uint8)((CY_GET_XTND_REG8((void *)CYREG_UDB_UD
 199              		.loc 1 269 0
 200 00c8 114C     		ldr	r4, .L8+20
 201              	.LVL11:
 202 00ca 2278     		ldrb	r2, [r4]
 203 00cc 3C21     		mov	r1, #60
 204 00ce 8A43     		bic	r2, r1
 205 00d0 2839     		sub	r1, r1, #40
 206 00d2 0A43     		orr	r2, r1
 207 00d4 2270     		strb	r2, [r4]
 270:Generated_Source\PSoC4/cyfitter_cfg.c **** 		CY_SET_XTND_REG8((void *)CYREG_UDB_UDBIF_BANK_CTL, (uint8)(CY_GET_XTND_REG8((void *)CYREG_UDB_UDB
 208              		.loc 1 270 0
 209 00d6 1978     		ldrb	r1, [r3]
 210 00d8 1622     		mov	r2, #22
 211 00da 0A43     		orr	r2, r1
 212 00dc 1A70     		strb	r2, [r3]
 213              	.LBE2:
 271:Generated_Source\PSoC4/cyfitter_cfg.c **** 	}
 272:Generated_Source\PSoC4/cyfitter_cfg.c **** 
 273:Generated_Source\PSoC4/cyfitter_cfg.c **** 	/* Perform second pass device configuration. These items must be configured in specific order afte
 274:Generated_Source\PSoC4/cyfitter_cfg.c **** 	/* IOPINS0_3 Starting address: CYDEV_PRT3_BASE */
 275:Generated_Source\PSoC4/cyfitter_cfg.c **** 	CY_SET_XTND_REG32((void CYFAR *)(CYREG_PRT3_PC), 0x00000D80u);
 214              		.loc 1 275 0
 215 00de D822     		mov	r2, #216
 216 00e0 1201     		lsl	r2, r2, #4
 217 00e2 0C4B     		ldr	r3, .L8+24
 218 00e4 1A60     		str	r2, [r3]
 276:Generated_Source\PSoC4/cyfitter_cfg.c **** 
 277:Generated_Source\PSoC4/cyfitter_cfg.c **** 	/* IOPINS0_4 Starting address: CYDEV_PRT4_BASE */
 278:Generated_Source\PSoC4/cyfitter_cfg.c **** 	CY_SET_XTND_REG32((void CYFAR *)(CYDEV_PRT4_BASE), 0x00000002u);
 219              		.loc 1 278 0
 220 00e6 0C4B     		ldr	r3, .L8+28
 221 00e8 1860     		str	r0, [r3]
 279:Generated_Source\PSoC4/cyfitter_cfg.c **** 	CY_SET_XTND_REG32((void CYFAR *)(CYREG_PRT4_PC), 0x00000031u);
 222              		.loc 1 279 0
 223 00ea 3122     		mov	r2, #49
 224 00ec 0B4B     		ldr	r3, .L8+32
 225 00ee 1A60     		str	r2, [r3]
 280:Generated_Source\PSoC4/cyfitter_cfg.c **** 	CY_SET_XTND_REG32((void CYFAR *)(CYREG_PRT4_PC2), 0x00000002u);
 226              		.loc 1 280 0
 227 00f0 0B4B     		ldr	r3, .L8+36
 228 00f2 1860     		str	r0, [r3]
 281:Generated_Source\PSoC4/cyfitter_cfg.c **** 
 282:Generated_Source\PSoC4/cyfitter_cfg.c **** 
 283:Generated_Source\PSoC4/cyfitter_cfg.c **** 	/* Setup clocks based on selections from Clock DWR */
ARM GAS  C:\Users\a85495\AppData\Local\Temp\cc781dNB.s 			page 10


 284:Generated_Source\PSoC4/cyfitter_cfg.c **** 	ClockSetup();
 229              		.loc 1 284 0
 230 00f4 FFF784FF 		bl	ClockSetup
 231              	.LVL12:
 285:Generated_Source\PSoC4/cyfitter_cfg.c **** 
 286:Generated_Source\PSoC4/cyfitter_cfg.c **** 	/* Perform basic analog initialization to defaults */
 287:Generated_Source\PSoC4/cyfitter_cfg.c **** 	AnalogSetDefault();
 288:Generated_Source\PSoC4/cyfitter_cfg.c **** 
 289:Generated_Source\PSoC4/cyfitter_cfg.c **** }
 232              		.loc 1 289 0
 233              		@ sp needed
 234 00f8 10BD     		pop	{r4, pc}
 235              	.L9:
 236 00fa C046     		.align	2
 237              	.L8:
 238 00fc 00000000 		.word	.LANCHOR0
 239 0100 0C000140 		.word	1073807372
 240 0104 10000140 		.word	1073807376
 241 0108 30500F40 		.word	1074745392
 242 010c 00700F40 		.word	1074753536
 243 0110 01700F40 		.word	1074753537
 244 0114 08030440 		.word	1074004744
 245 0118 00040440 		.word	1074004992
 246 011c 08040440 		.word	1074005000
 247 0120 18040440 		.word	1074005016
 248              		.cfi_endproc
 249              	.LFE5:
 250              		.size	cyfitter_cfg, .-cyfitter_cfg
 251              		.section	.rodata
 252              		.align	2
 253              		.set	.LANCHOR0,. + 0
 254              		.type	cfg_memset_list.4725, %object
 255              		.size	cfg_memset_list.4725, 12
 256              	cfg_memset_list.4725:
 257 0000 00300F40 		.word	1074737152
 258 0004 0004     		.short	1024
 259 0006 00400F40 		.4byte	1074741248
 260 000a 0004     		.short	1024
 261              		.text
 262              	.Letext0:
 263              		.file 2 "c:\\program files (x86)\\cypress\\psoc creator\\4.0\\psoc creator\\import\\gnu\\arm\\4.9.
 264              		.file 3 "Generated_Source\\PSoC4\\cytypes.h"
 265              		.file 4 "Generated_Source\\PSoC4\\CyLib.h"
 266              		.section	.debug_info,"",%progbits
 267              	.Ldebug_info0:
 268 0000 8F020000 		.4byte	0x28f
 269 0004 0400     		.2byte	0x4
 270 0006 00000000 		.4byte	.Ldebug_abbrev0
 271 000a 04       		.byte	0x4
 272 000b 01       		.uleb128 0x1
 273 000c 6C010000 		.4byte	.LASF28
 274 0010 01       		.byte	0x1
 275 0011 2E020000 		.4byte	.LASF29
 276 0015 EB000000 		.4byte	.LASF30
 277 0019 00000000 		.4byte	.Ldebug_ranges0+0
 278 001d 00000000 		.4byte	0
 279 0021 00000000 		.4byte	.Ldebug_line0
ARM GAS  C:\Users\a85495\AppData\Local\Temp\cc781dNB.s 			page 11


 280 0025 02       		.uleb128 0x2
 281 0026 04       		.byte	0x4
 282 0027 05       		.byte	0x5
 283 0028 696E7400 		.ascii	"int\000"
 284 002c 03       		.uleb128 0x3
 285 002d 06000000 		.4byte	.LASF11
 286 0031 02       		.byte	0x2
 287 0032 D4       		.byte	0xd4
 288 0033 37000000 		.4byte	0x37
 289 0037 04       		.uleb128 0x4
 290 0038 04       		.byte	0x4
 291 0039 07       		.byte	0x7
 292 003a B2000000 		.4byte	.LASF0
 293 003e 04       		.uleb128 0x4
 294 003f 01       		.byte	0x1
 295 0040 06       		.byte	0x6
 296 0041 22020000 		.4byte	.LASF1
 297 0045 04       		.uleb128 0x4
 298 0046 01       		.byte	0x1
 299 0047 08       		.byte	0x8
 300 0048 7C000000 		.4byte	.LASF2
 301 004c 04       		.uleb128 0x4
 302 004d 02       		.byte	0x2
 303 004e 05       		.byte	0x5
 304 004f FA010000 		.4byte	.LASF3
 305 0053 04       		.uleb128 0x4
 306 0054 02       		.byte	0x2
 307 0055 07       		.byte	0x7
 308 0056 37000000 		.4byte	.LASF4
 309 005a 04       		.uleb128 0x4
 310 005b 04       		.byte	0x4
 311 005c 05       		.byte	0x5
 312 005d 19020000 		.4byte	.LASF5
 313 0061 04       		.uleb128 0x4
 314 0062 04       		.byte	0x4
 315 0063 07       		.byte	0x7
 316 0064 5A000000 		.4byte	.LASF6
 317 0068 04       		.uleb128 0x4
 318 0069 08       		.byte	0x8
 319 006a 05       		.byte	0x5
 320 006b 59010000 		.4byte	.LASF7
 321 006f 04       		.uleb128 0x4
 322 0070 08       		.byte	0x8
 323 0071 07       		.byte	0x7
 324 0072 D4000000 		.4byte	.LASF8
 325 0076 04       		.uleb128 0x4
 326 0077 04       		.byte	0x4
 327 0078 07       		.byte	0x7
 328 0079 50010000 		.4byte	.LASF9
 329 007d 05       		.uleb128 0x5
 330 007e 04       		.byte	0x4
 331 007f 06       		.uleb128 0x6
 332 0080 04       		.byte	0x4
 333 0081 85000000 		.4byte	0x85
 334 0085 07       		.uleb128 0x7
 335 0086 04       		.uleb128 0x4
 336 0087 01       		.byte	0x1
ARM GAS  C:\Users\a85495\AppData\Local\Temp\cc781dNB.s 			page 12


 337 0088 08       		.byte	0x8
 338 0089 67010000 		.4byte	.LASF10
 339 008d 08       		.uleb128 0x8
 340 008e 6C000000 		.4byte	.LASF12
 341 0092 03       		.byte	0x3
 342 0093 B901     		.2byte	0x1b9
 343 0095 45000000 		.4byte	0x45
 344 0099 08       		.uleb128 0x8
 345 009a A4000000 		.4byte	.LASF13
 346 009e 03       		.byte	0x3
 347 009f BA01     		.2byte	0x1ba
 348 00a1 53000000 		.4byte	0x53
 349 00a5 08       		.uleb128 0x8
 350 00a6 AB000000 		.4byte	.LASF14
 351 00aa 03       		.byte	0x3
 352 00ab BB01     		.2byte	0x1bb
 353 00ad 61000000 		.4byte	0x61
 354 00b1 04       		.uleb128 0x4
 355 00b2 04       		.byte	0x4
 356 00b3 04       		.byte	0x4
 357 00b4 4A000000 		.4byte	.LASF15
 358 00b8 04       		.uleb128 0x4
 359 00b9 08       		.byte	0x8
 360 00ba 04       		.byte	0x4
 361 00bb 91000000 		.4byte	.LASF16
 362 00bf 08       		.uleb128 0x8
 363 00c0 55000000 		.4byte	.LASF17
 364 00c4 03       		.byte	0x3
 365 00c5 6302     		.2byte	0x263
 366 00c7 CB000000 		.4byte	0xcb
 367 00cb 09       		.uleb128 0x9
 368 00cc 8D000000 		.4byte	0x8d
 369 00d0 08       		.uleb128 0x8
 370 00d1 00000000 		.4byte	.LASF18
 371 00d5 03       		.byte	0x3
 372 00d6 6502     		.2byte	0x265
 373 00d8 DC000000 		.4byte	0xdc
 374 00dc 09       		.uleb128 0x9
 375 00dd A5000000 		.4byte	0xa5
 376 00e1 08       		.uleb128 0x8
 377 00e2 36010000 		.4byte	.LASF19
 378 00e6 03       		.byte	0x3
 379 00e7 7502     		.2byte	0x275
 380 00e9 7F000000 		.4byte	0x7f
 381 00ed 0A       		.uleb128 0xa
 382 00ee 72000000 		.4byte	.LASF20
 383 00f2 01       		.byte	0x1
 384 00f3 3E       		.byte	0x3e
 385 00f4 00000000 		.4byte	.LFB0
 386 00f8 0C000000 		.4byte	.LFE0-.LFB0
 387 00fc 01       		.uleb128 0x1
 388 00fd 9C       		.byte	0x9c
 389 00fe 3A010000 		.4byte	0x13a
 390 0102 0B       		.uleb128 0xb
 391 0103 7300     		.ascii	"s\000"
 392 0105 01       		.byte	0x1
 393 0106 3E       		.byte	0x3e
ARM GAS  C:\Users\a85495\AppData\Local\Temp\cc781dNB.s 			page 13


 394 0107 7D000000 		.4byte	0x7d
 395 010b 00000000 		.4byte	.LLST0
 396 010f 0B       		.uleb128 0xb
 397 0110 6E00     		.ascii	"n\000"
 398 0112 01       		.byte	0x1
 399 0113 3E       		.byte	0x3e
 400 0114 2C000000 		.4byte	0x2c
 401 0118 21000000 		.4byte	.LLST1
 402 011c 0C       		.uleb128 0xc
 403 011d 0A000000 		.4byte	.LVL2
 404 0121 3D020000 		.4byte	0x23d
 405 0125 0D       		.uleb128 0xd
 406 0126 01       		.uleb128 0x1
 407 0127 52       		.byte	0x52
 408 0128 03       		.uleb128 0x3
 409 0129 F3       		.byte	0xf3
 410 012a 01       		.uleb128 0x1
 411 012b 51       		.byte	0x51
 412 012c 0D       		.uleb128 0xd
 413 012d 01       		.uleb128 0x1
 414 012e 51       		.byte	0x51
 415 012f 01       		.uleb128 0x1
 416 0130 30       		.byte	0x30
 417 0131 0D       		.uleb128 0xd
 418 0132 01       		.uleb128 0x1
 419 0133 50       		.byte	0x50
 420 0134 03       		.uleb128 0x3
 421 0135 F3       		.byte	0xf3
 422 0136 01       		.uleb128 0x1
 423 0137 50       		.byte	0x50
 424 0138 00       		.byte	0
 425 0139 00       		.byte	0
 426 013a 0A       		.uleb128 0xa
 427 013b 2C000000 		.4byte	.LASF21
 428 013f 01       		.byte	0x1
 429 0140 9C       		.byte	0x9c
 430 0141 00000000 		.4byte	.LFB3
 431 0145 78000000 		.4byte	.LFE3-.LFB3
 432 0149 01       		.uleb128 0x1
 433 014a 9C       		.byte	0x9c
 434 014b 85010000 		.4byte	0x185
 435 014f 0E       		.uleb128 0xe
 436 0150 14000000 		.4byte	.LVL3
 437 0154 5A020000 		.4byte	0x25a
 438 0158 62010000 		.4byte	0x162
 439 015c 0D       		.uleb128 0xd
 440 015d 01       		.uleb128 0x1
 441 015e 50       		.byte	0x50
 442 015f 01       		.uleb128 0x1
 443 0160 48       		.byte	0x48
 444 0161 00       		.byte	0
 445 0162 0E       		.uleb128 0xe
 446 0163 42000000 		.4byte	.LVL4
 447 0167 6B020000 		.4byte	0x26b
 448 016b 75010000 		.4byte	0x175
 449 016f 0D       		.uleb128 0xd
 450 0170 01       		.uleb128 0x1
ARM GAS  C:\Users\a85495\AppData\Local\Temp\cc781dNB.s 			page 14


 451 0171 50       		.byte	0x50
 452 0172 01       		.uleb128 0x1
 453 0173 39       		.byte	0x39
 454 0174 00       		.byte	0
 455 0175 0C       		.uleb128 0xc
 456 0176 48000000 		.4byte	.LVL5
 457 017a 85020000 		.4byte	0x285
 458 017e 0D       		.uleb128 0xd
 459 017f 01       		.uleb128 0x1
 460 0180 50       		.byte	0x50
 461 0181 01       		.uleb128 0x1
 462 0182 39       		.byte	0x39
 463 0183 00       		.byte	0
 464 0184 00       		.byte	0
 465 0185 0F       		.uleb128 0xf
 466 0186 BF000000 		.4byte	.LASF31
 467 018a 01       		.byte	0x1
 468 018b E7       		.byte	0xe7
 469 018c 78000000 		.4byte	.LFB5
 470 0190 AC000000 		.4byte	.LFE5-.LFB5
 471 0194 01       		.uleb128 0x1
 472 0195 9C       		.byte	0x9c
 473 0196 3D020000 		.4byte	0x23d
 474 019a 10       		.uleb128 0x10
 475 019b 7C000000 		.4byte	.LBB2
 476 019f 62000000 		.4byte	.LBE2-.LBB2
 477 01a3 33020000 		.4byte	0x233
 478 01a7 11       		.uleb128 0x11
 479 01a8 06       		.byte	0x6
 480 01a9 01       		.byte	0x1
 481 01aa EE       		.byte	0xee
 482 01ab C8010000 		.4byte	0x1c8
 483 01af 12       		.uleb128 0x12
 484 01b0 CC000000 		.4byte	.LASF22
 485 01b4 01       		.byte	0x1
 486 01b5 EF       		.byte	0xef
 487 01b6 7D000000 		.4byte	0x7d
 488 01ba 00       		.byte	0
 489 01bb 12       		.uleb128 0x12
 490 01bc 50000000 		.4byte	.LASF23
 491 01c0 01       		.byte	0x1
 492 01c1 F0       		.byte	0xf0
 493 01c2 99000000 		.4byte	0x99
 494 01c6 04       		.byte	0x4
 495 01c7 00       		.byte	0
 496 01c8 03       		.uleb128 0x3
 497 01c9 43010000 		.4byte	.LASF24
 498 01cd 01       		.byte	0x1
 499 01ce F1       		.byte	0xf1
 500 01cf A7010000 		.4byte	0x1a7
 501 01d3 13       		.uleb128 0x13
 502 01d4 C8010000 		.4byte	0x1c8
 503 01d8 E3010000 		.4byte	0x1e3
 504 01dc 14       		.uleb128 0x14
 505 01dd 76000000 		.4byte	0x76
 506 01e1 01       		.byte	0x1
 507 01e2 00       		.byte	0
ARM GAS  C:\Users\a85495\AppData\Local\Temp\cc781dNB.s 			page 15


 508 01e3 15       		.uleb128 0x15
 509 01e4 1C000000 		.4byte	.LASF25
 510 01e8 01       		.byte	0x1
 511 01e9 F3       		.byte	0xf3
 512 01ea F4010000 		.4byte	0x1f4
 513 01ee 05       		.uleb128 0x5
 514 01ef 03       		.byte	0x3
 515 01f0 00000000 		.4byte	cfg_memset_list.4725
 516 01f4 16       		.uleb128 0x16
 517 01f5 D3010000 		.4byte	0x1d3
 518 01f9 17       		.uleb128 0x17
 519 01fa 6900     		.ascii	"i\000"
 520 01fc 01       		.byte	0x1
 521 01fd F9       		.byte	0xf9
 522 01fe 8D000000 		.4byte	0x8d
 523 0202 4D000000 		.4byte	.LLST2
 524 0206 18       		.uleb128 0x18
 525 0207 80000000 		.4byte	.LBB3
 526 020b 1E000000 		.4byte	.LBE3-.LBB3
 527 020f 17       		.uleb128 0x17
 528 0210 6D7300   		.ascii	"ms\000"
 529 0213 01       		.byte	0x1
 530 0214 FE       		.byte	0xfe
 531 0215 1D020000 		.4byte	0x21d
 532 0219 77000000 		.4byte	.LLST3
 533 021d 06       		.uleb128 0x6
 534 021e 04       		.byte	0x4
 535 021f 23020000 		.4byte	0x223
 536 0223 16       		.uleb128 0x16
 537 0224 C8010000 		.4byte	0x1c8
 538 0228 19       		.uleb128 0x19
 539 0229 9E000000 		.4byte	.LVL8
 540 022d ED000000 		.4byte	0xed
 541 0231 00       		.byte	0
 542 0232 00       		.byte	0
 543 0233 19       		.uleb128 0x19
 544 0234 F8000000 		.4byte	.LVL12
 545 0238 3A010000 		.4byte	0x13a
 546 023c 00       		.byte	0
 547 023d 1A       		.uleb128 0x1a
 548 023e 8A000000 		.4byte	.LASF26
 549 0242 7D000000 		.4byte	0x7d
 550 0246 5A020000 		.4byte	0x25a
 551 024a 1B       		.uleb128 0x1b
 552 024b 7D000000 		.4byte	0x7d
 553 024f 1B       		.uleb128 0x1b
 554 0250 25000000 		.4byte	0x25
 555 0254 1B       		.uleb128 0x1b
 556 0255 76000000 		.4byte	0x76
 557 0259 00       		.byte	0
 558 025a 1C       		.uleb128 0x1c
 559 025b 04020000 		.4byte	.LASF27
 560 025f 04       		.byte	0x4
 561 0260 6C       		.byte	0x6c
 562 0261 6B020000 		.4byte	0x26b
 563 0265 1B       		.uleb128 0x1b
 564 0266 A5000000 		.4byte	0xa5
ARM GAS  C:\Users\a85495\AppData\Local\Temp\cc781dNB.s 			page 16


 565 026a 00       		.byte	0
 566 026b 1D       		.uleb128 0x1d
 567 026c 0D000000 		.4byte	.LASF32
 568 0270 04       		.byte	0x4
 569 0271 BD       		.byte	0xbd
 570 0272 E1000000 		.4byte	0xe1
 571 0276 85020000 		.4byte	0x285
 572 027a 1B       		.uleb128 0x1b
 573 027b 8D000000 		.4byte	0x8d
 574 027f 1B       		.uleb128 0x1b
 575 0280 E1000000 		.4byte	0xe1
 576 0284 00       		.byte	0
 577 0285 1E       		.uleb128 0x1e
 578 0286 98000000 		.4byte	.LASF33
 579 028a 04       		.byte	0x4
 580 028b C3       		.byte	0xc3
 581 028c 1B       		.uleb128 0x1b
 582 028d 8D000000 		.4byte	0x8d
 583 0291 00       		.byte	0
 584 0292 00       		.byte	0
 585              		.section	.debug_abbrev,"",%progbits
 586              	.Ldebug_abbrev0:
 587 0000 01       		.uleb128 0x1
 588 0001 11       		.uleb128 0x11
 589 0002 01       		.byte	0x1
 590 0003 25       		.uleb128 0x25
 591 0004 0E       		.uleb128 0xe
 592 0005 13       		.uleb128 0x13
 593 0006 0B       		.uleb128 0xb
 594 0007 03       		.uleb128 0x3
 595 0008 0E       		.uleb128 0xe
 596 0009 1B       		.uleb128 0x1b
 597 000a 0E       		.uleb128 0xe
 598 000b 55       		.uleb128 0x55
 599 000c 17       		.uleb128 0x17
 600 000d 11       		.uleb128 0x11
 601 000e 01       		.uleb128 0x1
 602 000f 10       		.uleb128 0x10
 603 0010 17       		.uleb128 0x17
 604 0011 00       		.byte	0
 605 0012 00       		.byte	0
 606 0013 02       		.uleb128 0x2
 607 0014 24       		.uleb128 0x24
 608 0015 00       		.byte	0
 609 0016 0B       		.uleb128 0xb
 610 0017 0B       		.uleb128 0xb
 611 0018 3E       		.uleb128 0x3e
 612 0019 0B       		.uleb128 0xb
 613 001a 03       		.uleb128 0x3
 614 001b 08       		.uleb128 0x8
 615 001c 00       		.byte	0
 616 001d 00       		.byte	0
 617 001e 03       		.uleb128 0x3
 618 001f 16       		.uleb128 0x16
 619 0020 00       		.byte	0
 620 0021 03       		.uleb128 0x3
 621 0022 0E       		.uleb128 0xe
ARM GAS  C:\Users\a85495\AppData\Local\Temp\cc781dNB.s 			page 17


 622 0023 3A       		.uleb128 0x3a
 623 0024 0B       		.uleb128 0xb
 624 0025 3B       		.uleb128 0x3b
 625 0026 0B       		.uleb128 0xb
 626 0027 49       		.uleb128 0x49
 627 0028 13       		.uleb128 0x13
 628 0029 00       		.byte	0
 629 002a 00       		.byte	0
 630 002b 04       		.uleb128 0x4
 631 002c 24       		.uleb128 0x24
 632 002d 00       		.byte	0
 633 002e 0B       		.uleb128 0xb
 634 002f 0B       		.uleb128 0xb
 635 0030 3E       		.uleb128 0x3e
 636 0031 0B       		.uleb128 0xb
 637 0032 03       		.uleb128 0x3
 638 0033 0E       		.uleb128 0xe
 639 0034 00       		.byte	0
 640 0035 00       		.byte	0
 641 0036 05       		.uleb128 0x5
 642 0037 0F       		.uleb128 0xf
 643 0038 00       		.byte	0
 644 0039 0B       		.uleb128 0xb
 645 003a 0B       		.uleb128 0xb
 646 003b 00       		.byte	0
 647 003c 00       		.byte	0
 648 003d 06       		.uleb128 0x6
 649 003e 0F       		.uleb128 0xf
 650 003f 00       		.byte	0
 651 0040 0B       		.uleb128 0xb
 652 0041 0B       		.uleb128 0xb
 653 0042 49       		.uleb128 0x49
 654 0043 13       		.uleb128 0x13
 655 0044 00       		.byte	0
 656 0045 00       		.byte	0
 657 0046 07       		.uleb128 0x7
 658 0047 15       		.uleb128 0x15
 659 0048 00       		.byte	0
 660 0049 27       		.uleb128 0x27
 661 004a 19       		.uleb128 0x19
 662 004b 00       		.byte	0
 663 004c 00       		.byte	0
 664 004d 08       		.uleb128 0x8
 665 004e 16       		.uleb128 0x16
 666 004f 00       		.byte	0
 667 0050 03       		.uleb128 0x3
 668 0051 0E       		.uleb128 0xe
 669 0052 3A       		.uleb128 0x3a
 670 0053 0B       		.uleb128 0xb
 671 0054 3B       		.uleb128 0x3b
 672 0055 05       		.uleb128 0x5
 673 0056 49       		.uleb128 0x49
 674 0057 13       		.uleb128 0x13
 675 0058 00       		.byte	0
 676 0059 00       		.byte	0
 677 005a 09       		.uleb128 0x9
 678 005b 35       		.uleb128 0x35
ARM GAS  C:\Users\a85495\AppData\Local\Temp\cc781dNB.s 			page 18


 679 005c 00       		.byte	0
 680 005d 49       		.uleb128 0x49
 681 005e 13       		.uleb128 0x13
 682 005f 00       		.byte	0
 683 0060 00       		.byte	0
 684 0061 0A       		.uleb128 0xa
 685 0062 2E       		.uleb128 0x2e
 686 0063 01       		.byte	0x1
 687 0064 03       		.uleb128 0x3
 688 0065 0E       		.uleb128 0xe
 689 0066 3A       		.uleb128 0x3a
 690 0067 0B       		.uleb128 0xb
 691 0068 3B       		.uleb128 0x3b
 692 0069 0B       		.uleb128 0xb
 693 006a 27       		.uleb128 0x27
 694 006b 19       		.uleb128 0x19
 695 006c 11       		.uleb128 0x11
 696 006d 01       		.uleb128 0x1
 697 006e 12       		.uleb128 0x12
 698 006f 06       		.uleb128 0x6
 699 0070 40       		.uleb128 0x40
 700 0071 18       		.uleb128 0x18
 701 0072 9742     		.uleb128 0x2117
 702 0074 19       		.uleb128 0x19
 703 0075 01       		.uleb128 0x1
 704 0076 13       		.uleb128 0x13
 705 0077 00       		.byte	0
 706 0078 00       		.byte	0
 707 0079 0B       		.uleb128 0xb
 708 007a 05       		.uleb128 0x5
 709 007b 00       		.byte	0
 710 007c 03       		.uleb128 0x3
 711 007d 08       		.uleb128 0x8
 712 007e 3A       		.uleb128 0x3a
 713 007f 0B       		.uleb128 0xb
 714 0080 3B       		.uleb128 0x3b
 715 0081 0B       		.uleb128 0xb
 716 0082 49       		.uleb128 0x49
 717 0083 13       		.uleb128 0x13
 718 0084 02       		.uleb128 0x2
 719 0085 17       		.uleb128 0x17
 720 0086 00       		.byte	0
 721 0087 00       		.byte	0
 722 0088 0C       		.uleb128 0xc
 723 0089 898201   		.uleb128 0x4109
 724 008c 01       		.byte	0x1
 725 008d 11       		.uleb128 0x11
 726 008e 01       		.uleb128 0x1
 727 008f 31       		.uleb128 0x31
 728 0090 13       		.uleb128 0x13
 729 0091 00       		.byte	0
 730 0092 00       		.byte	0
 731 0093 0D       		.uleb128 0xd
 732 0094 8A8201   		.uleb128 0x410a
 733 0097 00       		.byte	0
 734 0098 02       		.uleb128 0x2
 735 0099 18       		.uleb128 0x18
ARM GAS  C:\Users\a85495\AppData\Local\Temp\cc781dNB.s 			page 19


 736 009a 9142     		.uleb128 0x2111
 737 009c 18       		.uleb128 0x18
 738 009d 00       		.byte	0
 739 009e 00       		.byte	0
 740 009f 0E       		.uleb128 0xe
 741 00a0 898201   		.uleb128 0x4109
 742 00a3 01       		.byte	0x1
 743 00a4 11       		.uleb128 0x11
 744 00a5 01       		.uleb128 0x1
 745 00a6 31       		.uleb128 0x31
 746 00a7 13       		.uleb128 0x13
 747 00a8 01       		.uleb128 0x1
 748 00a9 13       		.uleb128 0x13
 749 00aa 00       		.byte	0
 750 00ab 00       		.byte	0
 751 00ac 0F       		.uleb128 0xf
 752 00ad 2E       		.uleb128 0x2e
 753 00ae 01       		.byte	0x1
 754 00af 3F       		.uleb128 0x3f
 755 00b0 19       		.uleb128 0x19
 756 00b1 03       		.uleb128 0x3
 757 00b2 0E       		.uleb128 0xe
 758 00b3 3A       		.uleb128 0x3a
 759 00b4 0B       		.uleb128 0xb
 760 00b5 3B       		.uleb128 0x3b
 761 00b6 0B       		.uleb128 0xb
 762 00b7 27       		.uleb128 0x27
 763 00b8 19       		.uleb128 0x19
 764 00b9 11       		.uleb128 0x11
 765 00ba 01       		.uleb128 0x1
 766 00bb 12       		.uleb128 0x12
 767 00bc 06       		.uleb128 0x6
 768 00bd 40       		.uleb128 0x40
 769 00be 18       		.uleb128 0x18
 770 00bf 9742     		.uleb128 0x2117
 771 00c1 19       		.uleb128 0x19
 772 00c2 01       		.uleb128 0x1
 773 00c3 13       		.uleb128 0x13
 774 00c4 00       		.byte	0
 775 00c5 00       		.byte	0
 776 00c6 10       		.uleb128 0x10
 777 00c7 0B       		.uleb128 0xb
 778 00c8 01       		.byte	0x1
 779 00c9 11       		.uleb128 0x11
 780 00ca 01       		.uleb128 0x1
 781 00cb 12       		.uleb128 0x12
 782 00cc 06       		.uleb128 0x6
 783 00cd 01       		.uleb128 0x1
 784 00ce 13       		.uleb128 0x13
 785 00cf 00       		.byte	0
 786 00d0 00       		.byte	0
 787 00d1 11       		.uleb128 0x11
 788 00d2 13       		.uleb128 0x13
 789 00d3 01       		.byte	0x1
 790 00d4 0B       		.uleb128 0xb
 791 00d5 0B       		.uleb128 0xb
 792 00d6 3A       		.uleb128 0x3a
ARM GAS  C:\Users\a85495\AppData\Local\Temp\cc781dNB.s 			page 20


 793 00d7 0B       		.uleb128 0xb
 794 00d8 3B       		.uleb128 0x3b
 795 00d9 0B       		.uleb128 0xb
 796 00da 01       		.uleb128 0x1
 797 00db 13       		.uleb128 0x13
 798 00dc 00       		.byte	0
 799 00dd 00       		.byte	0
 800 00de 12       		.uleb128 0x12
 801 00df 0D       		.uleb128 0xd
 802 00e0 00       		.byte	0
 803 00e1 03       		.uleb128 0x3
 804 00e2 0E       		.uleb128 0xe
 805 00e3 3A       		.uleb128 0x3a
 806 00e4 0B       		.uleb128 0xb
 807 00e5 3B       		.uleb128 0x3b
 808 00e6 0B       		.uleb128 0xb
 809 00e7 49       		.uleb128 0x49
 810 00e8 13       		.uleb128 0x13
 811 00e9 38       		.uleb128 0x38
 812 00ea 0B       		.uleb128 0xb
 813 00eb 00       		.byte	0
 814 00ec 00       		.byte	0
 815 00ed 13       		.uleb128 0x13
 816 00ee 01       		.uleb128 0x1
 817 00ef 01       		.byte	0x1
 818 00f0 49       		.uleb128 0x49
 819 00f1 13       		.uleb128 0x13
 820 00f2 01       		.uleb128 0x1
 821 00f3 13       		.uleb128 0x13
 822 00f4 00       		.byte	0
 823 00f5 00       		.byte	0
 824 00f6 14       		.uleb128 0x14
 825 00f7 21       		.uleb128 0x21
 826 00f8 00       		.byte	0
 827 00f9 49       		.uleb128 0x49
 828 00fa 13       		.uleb128 0x13
 829 00fb 2F       		.uleb128 0x2f
 830 00fc 0B       		.uleb128 0xb
 831 00fd 00       		.byte	0
 832 00fe 00       		.byte	0
 833 00ff 15       		.uleb128 0x15
 834 0100 34       		.uleb128 0x34
 835 0101 00       		.byte	0
 836 0102 03       		.uleb128 0x3
 837 0103 0E       		.uleb128 0xe
 838 0104 3A       		.uleb128 0x3a
 839 0105 0B       		.uleb128 0xb
 840 0106 3B       		.uleb128 0x3b
 841 0107 0B       		.uleb128 0xb
 842 0108 49       		.uleb128 0x49
 843 0109 13       		.uleb128 0x13
 844 010a 02       		.uleb128 0x2
 845 010b 18       		.uleb128 0x18
 846 010c 00       		.byte	0
 847 010d 00       		.byte	0
 848 010e 16       		.uleb128 0x16
 849 010f 26       		.uleb128 0x26
ARM GAS  C:\Users\a85495\AppData\Local\Temp\cc781dNB.s 			page 21


 850 0110 00       		.byte	0
 851 0111 49       		.uleb128 0x49
 852 0112 13       		.uleb128 0x13
 853 0113 00       		.byte	0
 854 0114 00       		.byte	0
 855 0115 17       		.uleb128 0x17
 856 0116 34       		.uleb128 0x34
 857 0117 00       		.byte	0
 858 0118 03       		.uleb128 0x3
 859 0119 08       		.uleb128 0x8
 860 011a 3A       		.uleb128 0x3a
 861 011b 0B       		.uleb128 0xb
 862 011c 3B       		.uleb128 0x3b
 863 011d 0B       		.uleb128 0xb
 864 011e 49       		.uleb128 0x49
 865 011f 13       		.uleb128 0x13
 866 0120 02       		.uleb128 0x2
 867 0121 17       		.uleb128 0x17
 868 0122 00       		.byte	0
 869 0123 00       		.byte	0
 870 0124 18       		.uleb128 0x18
 871 0125 0B       		.uleb128 0xb
 872 0126 01       		.byte	0x1
 873 0127 11       		.uleb128 0x11
 874 0128 01       		.uleb128 0x1
 875 0129 12       		.uleb128 0x12
 876 012a 06       		.uleb128 0x6
 877 012b 00       		.byte	0
 878 012c 00       		.byte	0
 879 012d 19       		.uleb128 0x19
 880 012e 898201   		.uleb128 0x4109
 881 0131 00       		.byte	0
 882 0132 11       		.uleb128 0x11
 883 0133 01       		.uleb128 0x1
 884 0134 31       		.uleb128 0x31
 885 0135 13       		.uleb128 0x13
 886 0136 00       		.byte	0
 887 0137 00       		.byte	0
 888 0138 1A       		.uleb128 0x1a
 889 0139 2E       		.uleb128 0x2e
 890 013a 01       		.byte	0x1
 891 013b 3F       		.uleb128 0x3f
 892 013c 19       		.uleb128 0x19
 893 013d 03       		.uleb128 0x3
 894 013e 0E       		.uleb128 0xe
 895 013f 27       		.uleb128 0x27
 896 0140 19       		.uleb128 0x19
 897 0141 49       		.uleb128 0x49
 898 0142 13       		.uleb128 0x13
 899 0143 34       		.uleb128 0x34
 900 0144 19       		.uleb128 0x19
 901 0145 3C       		.uleb128 0x3c
 902 0146 19       		.uleb128 0x19
 903 0147 01       		.uleb128 0x1
 904 0148 13       		.uleb128 0x13
 905 0149 00       		.byte	0
 906 014a 00       		.byte	0
ARM GAS  C:\Users\a85495\AppData\Local\Temp\cc781dNB.s 			page 22


 907 014b 1B       		.uleb128 0x1b
 908 014c 05       		.uleb128 0x5
 909 014d 00       		.byte	0
 910 014e 49       		.uleb128 0x49
 911 014f 13       		.uleb128 0x13
 912 0150 00       		.byte	0
 913 0151 00       		.byte	0
 914 0152 1C       		.uleb128 0x1c
 915 0153 2E       		.uleb128 0x2e
 916 0154 01       		.byte	0x1
 917 0155 3F       		.uleb128 0x3f
 918 0156 19       		.uleb128 0x19
 919 0157 03       		.uleb128 0x3
 920 0158 0E       		.uleb128 0xe
 921 0159 3A       		.uleb128 0x3a
 922 015a 0B       		.uleb128 0xb
 923 015b 3B       		.uleb128 0x3b
 924 015c 0B       		.uleb128 0xb
 925 015d 27       		.uleb128 0x27
 926 015e 19       		.uleb128 0x19
 927 015f 3C       		.uleb128 0x3c
 928 0160 19       		.uleb128 0x19
 929 0161 01       		.uleb128 0x1
 930 0162 13       		.uleb128 0x13
 931 0163 00       		.byte	0
 932 0164 00       		.byte	0
 933 0165 1D       		.uleb128 0x1d
 934 0166 2E       		.uleb128 0x2e
 935 0167 01       		.byte	0x1
 936 0168 3F       		.uleb128 0x3f
 937 0169 19       		.uleb128 0x19
 938 016a 03       		.uleb128 0x3
 939 016b 0E       		.uleb128 0xe
 940 016c 3A       		.uleb128 0x3a
 941 016d 0B       		.uleb128 0xb
 942 016e 3B       		.uleb128 0x3b
 943 016f 0B       		.uleb128 0xb
 944 0170 27       		.uleb128 0x27
 945 0171 19       		.uleb128 0x19
 946 0172 49       		.uleb128 0x49
 947 0173 13       		.uleb128 0x13
 948 0174 3C       		.uleb128 0x3c
 949 0175 19       		.uleb128 0x19
 950 0176 01       		.uleb128 0x1
 951 0177 13       		.uleb128 0x13
 952 0178 00       		.byte	0
 953 0179 00       		.byte	0
 954 017a 1E       		.uleb128 0x1e
 955 017b 2E       		.uleb128 0x2e
 956 017c 01       		.byte	0x1
 957 017d 3F       		.uleb128 0x3f
 958 017e 19       		.uleb128 0x19
 959 017f 03       		.uleb128 0x3
 960 0180 0E       		.uleb128 0xe
 961 0181 3A       		.uleb128 0x3a
 962 0182 0B       		.uleb128 0xb
 963 0183 3B       		.uleb128 0x3b
ARM GAS  C:\Users\a85495\AppData\Local\Temp\cc781dNB.s 			page 23


 964 0184 0B       		.uleb128 0xb
 965 0185 27       		.uleb128 0x27
 966 0186 19       		.uleb128 0x19
 967 0187 3C       		.uleb128 0x3c
 968 0188 19       		.uleb128 0x19
 969 0189 00       		.byte	0
 970 018a 00       		.byte	0
 971 018b 00       		.byte	0
 972              		.section	.debug_loc,"",%progbits
 973              	.Ldebug_loc0:
 974              	.LLST0:
 975 0000 00000000 		.4byte	.LVL0
 976 0004 09000000 		.4byte	.LVL2-1
 977 0008 0100     		.2byte	0x1
 978 000a 50       		.byte	0x50
 979 000b 09000000 		.4byte	.LVL2-1
 980 000f 0C000000 		.4byte	.LFE0
 981 0013 0400     		.2byte	0x4
 982 0015 F3       		.byte	0xf3
 983 0016 01       		.uleb128 0x1
 984 0017 50       		.byte	0x50
 985 0018 9F       		.byte	0x9f
 986 0019 00000000 		.4byte	0
 987 001d 00000000 		.4byte	0
 988              	.LLST1:
 989 0021 00000000 		.4byte	.LVL0
 990 0025 06000000 		.4byte	.LVL1
 991 0029 0100     		.2byte	0x1
 992 002b 51       		.byte	0x51
 993 002c 06000000 		.4byte	.LVL1
 994 0030 09000000 		.4byte	.LVL2-1
 995 0034 0100     		.2byte	0x1
 996 0036 52       		.byte	0x52
 997 0037 09000000 		.4byte	.LVL2-1
 998 003b 0C000000 		.4byte	.LFE0
 999 003f 0400     		.2byte	0x4
 1000 0041 F3       		.byte	0xf3
 1001 0042 01       		.uleb128 0x1
 1002 0043 51       		.byte	0x51
 1003 0044 9F       		.byte	0x9f
 1004 0045 00000000 		.4byte	0
 1005 0049 00000000 		.4byte	0
 1006              	.LLST2:
 1007 004d 7C000000 		.4byte	.LVL6
 1008 0051 80000000 		.4byte	.LVL7
 1009 0055 0200     		.2byte	0x2
 1010 0057 30       		.byte	0x30
 1011 0058 9F       		.byte	0x9f
 1012 0059 80000000 		.4byte	.LVL7
 1013 005d A0000000 		.4byte	.LVL9
 1014 0061 0100     		.2byte	0x1
 1015 0063 54       		.byte	0x54
 1016 0064 A2000000 		.4byte	.LVL10
 1017 0068 CA000000 		.4byte	.LVL11
 1018 006c 0100     		.2byte	0x1
 1019 006e 54       		.byte	0x54
 1020 006f 00000000 		.4byte	0
ARM GAS  C:\Users\a85495\AppData\Local\Temp\cc781dNB.s 			page 24


 1021 0073 00000000 		.4byte	0
 1022              	.LLST3:
 1023 0077 80000000 		.4byte	.LVL7
 1024 007b A0000000 		.4byte	.LVL9
 1025 007f 0B00     		.2byte	0xb
 1026 0081 74       		.byte	0x74
 1027 0082 00       		.sleb128 0
 1028 0083 36       		.byte	0x36
 1029 0084 1E       		.byte	0x1e
 1030 0085 03       		.byte	0x3
 1031 0086 00000000 		.4byte	cfg_memset_list.4725
 1032 008a 22       		.byte	0x22
 1033 008b 9F       		.byte	0x9f
 1034 008c A0000000 		.4byte	.LVL9
 1035 0090 A2000000 		.4byte	.LVL10
 1036 0094 0B00     		.2byte	0xb
 1037 0096 74       		.byte	0x74
 1038 0097 7F       		.sleb128 -1
 1039 0098 36       		.byte	0x36
 1040 0099 1E       		.byte	0x1e
 1041 009a 03       		.byte	0x3
 1042 009b 00000000 		.4byte	cfg_memset_list.4725
 1043 009f 22       		.byte	0x22
 1044 00a0 9F       		.byte	0x9f
 1045 00a1 00000000 		.4byte	0
 1046 00a5 00000000 		.4byte	0
 1047              		.section	.debug_aranges,"",%progbits
 1048 0000 2C000000 		.4byte	0x2c
 1049 0004 0200     		.2byte	0x2
 1050 0006 00000000 		.4byte	.Ldebug_info0
 1051 000a 04       		.byte	0x4
 1052 000b 00       		.byte	0
 1053 000c 0000     		.2byte	0
 1054 000e 0000     		.2byte	0
 1055 0010 00000000 		.4byte	.LFB0
 1056 0014 0C000000 		.4byte	.LFE0-.LFB0
 1057 0018 00000000 		.4byte	.LFB3
 1058 001c 78000000 		.4byte	.LFE3-.LFB3
 1059 0020 78000000 		.4byte	.LFB5
 1060 0024 AC000000 		.4byte	.LFE5-.LFB5
 1061 0028 00000000 		.4byte	0
 1062 002c 00000000 		.4byte	0
 1063              		.section	.debug_ranges,"",%progbits
 1064              	.Ldebug_ranges0:
 1065 0000 00000000 		.4byte	.LFB0
 1066 0004 0C000000 		.4byte	.LFE0
 1067 0008 00000000 		.4byte	.LFB3
 1068 000c 78000000 		.4byte	.LFE3
 1069 0010 78000000 		.4byte	.LFB5
 1070 0014 24010000 		.4byte	.LFE5
 1071 0018 00000000 		.4byte	0
 1072 001c 00000000 		.4byte	0
 1073              		.section	.debug_line,"",%progbits
 1074              	.Ldebug_line0:
 1075 0000 2E010000 		.section	.debug_str,"MS",%progbits,1
 1075      0200D600 
 1075      00000201 
ARM GAS  C:\Users\a85495\AppData\Local\Temp\cc781dNB.s 			page 25


 1075      FB0E0D00 
 1075      01010101 
 1076              	.LASF18:
 1077 0000 72656733 		.ascii	"reg32\000"
 1077      3200
 1078              	.LASF11:
 1079 0006 73697A65 		.ascii	"size_t\000"
 1079      5F7400
 1080              	.LASF32:
 1081 000d 4379496E 		.ascii	"CyIntSetVector\000"
 1081      74536574 
 1081      56656374 
 1081      6F7200
 1082              	.LASF25:
 1083 001c 6366675F 		.ascii	"cfg_memset_list\000"
 1083      6D656D73 
 1083      65745F6C 
 1083      69737400 
 1084              	.LASF21:
 1085 002c 436C6F63 		.ascii	"ClockSetup\000"
 1085      6B536574 
 1085      757000
 1086              	.LASF4:
 1087 0037 73686F72 		.ascii	"short unsigned int\000"
 1087      7420756E 
 1087      7369676E 
 1087      65642069 
 1087      6E7400
 1088              	.LASF15:
 1089 004a 666C6F61 		.ascii	"float\000"
 1089      7400
 1090              	.LASF23:
 1091 0050 73697A65 		.ascii	"size\000"
 1091      00
 1092              	.LASF17:
 1093 0055 72656738 		.ascii	"reg8\000"
 1093      00
 1094              	.LASF6:
 1095 005a 6C6F6E67 		.ascii	"long unsigned int\000"
 1095      20756E73 
 1095      69676E65 
 1095      6420696E 
 1095      7400
 1096              	.LASF12:
 1097 006c 75696E74 		.ascii	"uint8\000"
 1097      3800
 1098              	.LASF20:
 1099 0072 43594D45 		.ascii	"CYMEMZERO\000"
 1099      4D5A4552 
 1099      4F00
 1100              	.LASF2:
 1101 007c 756E7369 		.ascii	"unsigned char\000"
 1101      676E6564 
 1101      20636861 
 1101      7200
 1102              	.LASF26:
 1103 008a 6D656D73 		.ascii	"memset\000"
ARM GAS  C:\Users\a85495\AppData\Local\Temp\cc781dNB.s 			page 26


 1103      657400
 1104              	.LASF16:
 1105 0091 646F7562 		.ascii	"double\000"
 1105      6C6500
 1106              	.LASF33:
 1107 0098 4379496E 		.ascii	"CyIntEnable\000"
 1107      74456E61 
 1107      626C6500 
 1108              	.LASF13:
 1109 00a4 75696E74 		.ascii	"uint16\000"
 1109      313600
 1110              	.LASF14:
 1111 00ab 75696E74 		.ascii	"uint32\000"
 1111      333200
 1112              	.LASF0:
 1113 00b2 756E7369 		.ascii	"unsigned int\000"
 1113      676E6564 
 1113      20696E74 
 1113      00
 1114              	.LASF31:
 1115 00bf 63796669 		.ascii	"cyfitter_cfg\000"
 1115      74746572 
 1115      5F636667 
 1115      00
 1116              	.LASF22:
 1117 00cc 61646472 		.ascii	"address\000"
 1117      65737300 
 1118              	.LASF8:
 1119 00d4 6C6F6E67 		.ascii	"long long unsigned int\000"
 1119      206C6F6E 
 1119      6720756E 
 1119      7369676E 
 1119      65642069 
 1120              	.LASF30:
 1121 00eb 433A5C55 		.ascii	"C:\\Users\\a85495\\Desktop\\PSoC-Quadcopter\\Sensor"
 1121      73657273 
 1121      5C613835 
 1121      3439355C 
 1121      4465736B 
 1122 0119 735C5365 		.ascii	"s\\Sensor Test\\Design01.cydsn\000"
 1122      6E736F72 
 1122      20546573 
 1122      745C4465 
 1122      7369676E 
 1123              	.LASF19:
 1124 0136 63796973 		.ascii	"cyisraddress\000"
 1124      72616464 
 1124      72657373 
 1124      00
 1125              	.LASF24:
 1126 0143 6366675F 		.ascii	"cfg_memset_t\000"
 1126      6D656D73 
 1126      65745F74 
 1126      00
 1127              	.LASF9:
 1128 0150 73697A65 		.ascii	"sizetype\000"
 1128      74797065 
ARM GAS  C:\Users\a85495\AppData\Local\Temp\cc781dNB.s 			page 27


 1128      00
 1129              	.LASF7:
 1130 0159 6C6F6E67 		.ascii	"long long int\000"
 1130      206C6F6E 
 1130      6720696E 
 1130      7400
 1131              	.LASF10:
 1132 0167 63686172 		.ascii	"char\000"
 1132      00
 1133              	.LASF28:
 1134 016c 474E5520 		.ascii	"GNU C 4.9.3 20150303 (release) [ARM/embedded-4_9-br"
 1134      4320342E 
 1134      392E3320 
 1134      32303135 
 1134      30333033 
 1135 019f 616E6368 		.ascii	"anch revision 221220] -mcpu=cortex-m0 -mthumb -g -O"
 1135      20726576 
 1135      6973696F 
 1135      6E203232 
 1135      31323230 
 1136 01d2 67202D66 		.ascii	"g -ffunction-sections -ffat-lto-objects\000"
 1136      66756E63 
 1136      74696F6E 
 1136      2D736563 
 1136      74696F6E 
 1137              	.LASF3:
 1138 01fa 73686F72 		.ascii	"short int\000"
 1138      7420696E 
 1138      7400
 1139              	.LASF27:
 1140 0204 43795379 		.ascii	"CySysClkWriteImoFreq\000"
 1140      73436C6B 
 1140      57726974 
 1140      65496D6F 
 1140      46726571 
 1141              	.LASF5:
 1142 0219 6C6F6E67 		.ascii	"long int\000"
 1142      20696E74 
 1142      00
 1143              	.LASF1:
 1144 0222 7369676E 		.ascii	"signed char\000"
 1144      65642063 
 1144      68617200 
 1145              	.LASF29:
 1146 022e 47656E65 		.ascii	"Generated_Source\\PSoC4\\cyfitter_cfg.c\000"
 1146      72617465 
 1146      645F536F 
 1146      75726365 
 1146      5C50536F 
 1147              		.ident	"GCC: (GNU Tools for ARM Embedded Processors) 4.9.3 20150303 (release) [ARM/embedded-4_9-br
