Archive member included because of file (symbol)

.\CortexM0\ARM_GCC_493\Debug\LED STRIP TEST.a(cyfitter_cfg.o)
                              .\CortexM0\ARM_GCC_493\Debug\Cm0Start.o (cyfitter_cfg)
.\CortexM0\ARM_GCC_493\Debug\LED STRIP TEST.a(CyLib.o)
                              .\CortexM0\ARM_GCC_493\Debug\LED STRIP TEST.a(cyfitter_cfg.o) (CyIntEnable)
.\CortexM0\ARM_GCC_493\Debug\LED STRIP TEST.a(CyLFClk.o)
                              .\CortexM0\ARM_GCC_493\Debug\LED STRIP TEST.a(cyfitter_cfg.o) (CySysWdtIsr)
.\CortexM0\ARM_GCC_493\Debug\LED STRIP TEST.a(StripLights.o)
                              .\CortexM0\ARM_GCC_493\Debug\main.o (StripLights_WriteColor)
.\CortexM0\ARM_GCC_493\Debug\LED STRIP TEST.a(StripLights_fonts.o)
                              .\CortexM0\ARM_GCC_493\Debug\LED STRIP TEST.a(StripLights.o) (StripLights_SetFont)
.\CortexM0\ARM_GCC_493\Debug\LED STRIP TEST.a(LED.o)
                              .\CortexM0\ARM_GCC_493\Debug\main.o (LED_Write)
.\CortexM0\ARM_GCC_493\Debug\LED STRIP TEST.a(CyBootAsmGnu.o)
                              .\CortexM0\ARM_GCC_493\Debug\LED STRIP TEST.a(CyLib.o) (CyDelayCycles)
c:/program files (x86)/cypress/psoc creator/4.0/psoc creator/import/gnu/arm/4.9.3/bin/../lib/gcc/arm-none-eabi/4.9.3/armv6-m\libgcc.a(_udivsi3.o)
                              .\CortexM0\ARM_GCC_493\Debug\LED STRIP TEST.a(CyLib.o) (__aeabi_uidiv)
c:/program files (x86)/cypress/psoc creator/4.0/psoc creator/import/gnu/arm/4.9.3/bin/../lib/gcc/arm-none-eabi/4.9.3/armv6-m\libgcc.a(_dvmd_tls.o)
                              c:/program files (x86)/cypress/psoc creator/4.0/psoc creator/import/gnu/arm/4.9.3/bin/../lib/gcc/arm-none-eabi/4.9.3/armv6-m\libgcc.a(_udivsi3.o) (__aeabi_idiv0)
c:/program files (x86)/cypress/psoc creator/4.0/psoc creator/import/gnu/arm/4.9.3/bin/../lib/gcc/arm-none-eabi/4.9.3/../../../../arm-none-eabi/lib/armv6-m\libg_nano.a(lib_a-errno.o)
                              .\CortexM0\ARM_GCC_493\Debug\Cm0Start.o (__errno)
c:/program files (x86)/cypress/psoc creator/4.0/psoc creator/import/gnu/arm/4.9.3/bin/../lib/gcc/arm-none-eabi/4.9.3/../../../../arm-none-eabi/lib/armv6-m\libg_nano.a(lib_a-exit.o)
                              c:/program files (x86)/cypress/psoc creator/4.0/psoc creator/import/gnu/arm/4.9.3/bin/../lib/gcc/arm-none-eabi/4.9.3/../../../../arm-none-eabi/lib/armv6-m/crt0.o (exit)
c:/program files (x86)/cypress/psoc creator/4.0/psoc creator/import/gnu/arm/4.9.3/bin/../lib/gcc/arm-none-eabi/4.9.3/../../../../arm-none-eabi/lib/armv6-m\libg_nano.a(lib_a-impure.o)
                              c:/program files (x86)/cypress/psoc creator/4.0/psoc creator/import/gnu/arm/4.9.3/bin/../lib/gcc/arm-none-eabi/4.9.3/../../../../arm-none-eabi/lib/armv6-m\libg_nano.a(lib_a-exit.o) (_global_impure_ptr)
c:/program files (x86)/cypress/psoc creator/4.0/psoc creator/import/gnu/arm/4.9.3/bin/../lib/gcc/arm-none-eabi/4.9.3/../../../../arm-none-eabi/lib/armv6-m\libg_nano.a(lib_a-init.o)
                              c:/program files (x86)/cypress/psoc creator/4.0/psoc creator/import/gnu/arm/4.9.3/bin/../lib/gcc/arm-none-eabi/4.9.3/../../../../arm-none-eabi/lib/armv6-m/crt0.o (__libc_init_array)
c:/program files (x86)/cypress/psoc creator/4.0/psoc creator/import/gnu/arm/4.9.3/bin/../lib/gcc/arm-none-eabi/4.9.3/../../../../arm-none-eabi/lib/armv6-m\libg_nano.a(lib_a-memset.o)
                              c:/program files (x86)/cypress/psoc creator/4.0/psoc creator/import/gnu/arm/4.9.3/bin/../lib/gcc/arm-none-eabi/4.9.3/../../../../arm-none-eabi/lib/armv6-m/crt0.o (memset)

Allocating common symbols
Common symbol       size              file

StripLights_ledArray
                    0xc               .\CortexM0\ARM_GCC_493\Debug\LED STRIP TEST.a(StripLights.o)
StripLights_fontX   0x4               .\CortexM0\ARM_GCC_493\Debug\LED STRIP TEST.a(StripLights_fonts.o)
StripLights_DimMask
                    0x4               .\CortexM0\ARM_GCC_493\Debug\LED STRIP TEST.a(StripLights.o)
StripLights_DimShift
                    0x4               .\CortexM0\ARM_GCC_493\Debug\LED STRIP TEST.a(StripLights.o)
StripLights_refreshComplete
                    0x4               .\CortexM0\ARM_GCC_493\Debug\LED STRIP TEST.a(StripLights.o)
StripLights_fontOffset
                    0x4               .\CortexM0\ARM_GCC_493\Debug\LED STRIP TEST.a(StripLights_fonts.o)
StripLights_fontPtr
                    0x4               .\CortexM0\ARM_GCC_493\Debug\LED STRIP TEST.a(StripLights_fonts.o)
StripLights_fontY   0x4               .\CortexM0\ARM_GCC_493\Debug\LED STRIP TEST.a(StripLights_fonts.o)

Discarded input sections

 .text          0x00000000        0x0 c:/program files (x86)/cypress/psoc creator/4.0/psoc creator/import/gnu/arm/4.9.3/bin/../lib/gcc/arm-none-eabi/4.9.3/armv6-m/crti.o
 .data          0x00000000        0x0 c:/program files (x86)/cypress/psoc creator/4.0/psoc creator/import/gnu/arm/4.9.3/bin/../lib/gcc/arm-none-eabi/4.9.3/armv6-m/crti.o
 .bss           0x00000000        0x0 c:/program files (x86)/cypress/psoc creator/4.0/psoc creator/import/gnu/arm/4.9.3/bin/../lib/gcc/arm-none-eabi/4.9.3/armv6-m/crti.o
 .data          0x00000000        0x4 c:/program files (x86)/cypress/psoc creator/4.0/psoc creator/import/gnu/arm/4.9.3/bin/../lib/gcc/arm-none-eabi/4.9.3/armv6-m/crtbegin.o
 .text          0x00000000       0x78 c:/program files (x86)/cypress/psoc creator/4.0/psoc creator/import/gnu/arm/4.9.3/bin/../lib/gcc/arm-none-eabi/4.9.3/../../../../arm-none-eabi/lib/armv6-m/crt0.o
 .data          0x00000000        0x0 c:/program files (x86)/cypress/psoc creator/4.0/psoc creator/import/gnu/arm/4.9.3/bin/../lib/gcc/arm-none-eabi/4.9.3/../../../../arm-none-eabi/lib/armv6-m/crt0.o
 .bss           0x00000000        0x0 c:/program files (x86)/cypress/psoc creator/4.0/psoc creator/import/gnu/arm/4.9.3/bin/../lib/gcc/arm-none-eabi/4.9.3/../../../../arm-none-eabi/lib/armv6-m/crt0.o
 .ARM.extab     0x00000000        0x0 c:/program files (x86)/cypress/psoc creator/4.0/psoc creator/import/gnu/arm/4.9.3/bin/../lib/gcc/arm-none-eabi/4.9.3/../../../../arm-none-eabi/lib/armv6-m/crt0.o
 .ARM.exidx     0x00000000        0x8 c:/program files (x86)/cypress/psoc creator/4.0/psoc creator/import/gnu/arm/4.9.3/bin/../lib/gcc/arm-none-eabi/4.9.3/../../../../arm-none-eabi/lib/armv6-m/crt0.o
 .text          0x00000000        0x0 .\CortexM0\ARM_GCC_493\Debug\main.o
 .data          0x00000000        0x0 .\CortexM0\ARM_GCC_493\Debug\main.o
 .bss           0x00000000        0x0 .\CortexM0\ARM_GCC_493\Debug\main.o
 .text          0x00000000        0x0 .\CortexM0\ARM_GCC_493\Debug\cymetadata.o
 .data          0x00000000        0x0 .\CortexM0\ARM_GCC_493\Debug\cymetadata.o
 .bss           0x00000000        0x0 .\CortexM0\ARM_GCC_493\Debug\cymetadata.o
 .text          0x00000000        0x0 .\CortexM0\ARM_GCC_493\Debug\Cm0Start.o
 .data          0x00000000        0x4 .\CortexM0\ARM_GCC_493\Debug\Cm0Start.o
 .bss           0x00000000        0x0 .\CortexM0\ARM_GCC_493\Debug\Cm0Start.o
 .text._exit    0x00000000        0xc .\CortexM0\ARM_GCC_493\Debug\Cm0Start.o
 .text._sbrk    0x00000000       0x30 .\CortexM0\ARM_GCC_493\Debug\Cm0Start.o
 .text          0x00000000        0x0 .\CortexM0\ARM_GCC_493\Debug\cybootloader.o
 .data          0x00000000        0x0 .\CortexM0\ARM_GCC_493\Debug\cybootloader.o
 .bss           0x00000000        0x0 .\CortexM0\ARM_GCC_493\Debug\cybootloader.o
 .text          0x00000000        0x0 .\CortexM0\ARM_GCC_493\Debug\LED STRIP TEST.a(cyfitter_cfg.o)
 .data          0x00000000        0x0 .\CortexM0\ARM_GCC_493\Debug\LED STRIP TEST.a(cyfitter_cfg.o)
 .bss           0x00000000        0x0 .\CortexM0\ARM_GCC_493\Debug\LED STRIP TEST.a(cyfitter_cfg.o)
 .text          0x00000000        0x0 .\CortexM0\ARM_GCC_493\Debug\LED STRIP TEST.a(CyLib.o)
 .bss           0x00000000       0x18 .\CortexM0\ARM_GCC_493\Debug\LED STRIP TEST.a(CyLib.o)
 .text.CySysClkImoStart
                0x00000000       0x14 .\CortexM0\ARM_GCC_493\Debug\LED STRIP TEST.a(CyLib.o)
 .text.CySysClkImoStop
                0x00000000       0x10 .\CortexM0\ARM_GCC_493\Debug\LED STRIP TEST.a(CyLib.o)
 .text.CySysClkWriteHfclkDirect
                0x00000000       0x20 .\CortexM0\ARM_GCC_493\Debug\LED STRIP TEST.a(CyLib.o)
 .text.CySysEnablePumpClock
                0x00000000       0x38 .\CortexM0\ARM_GCC_493\Debug\LED STRIP TEST.a(CyLib.o)
 .text.CySysClkGetSysclkSource
                0x00000000       0x1c .\CortexM0\ARM_GCC_493\Debug\LED STRIP TEST.a(CyLib.o)
 .text.CySysClkWriteSysclkDiv
                0x00000000       0x28 .\CortexM0\ARM_GCC_493\Debug\LED STRIP TEST.a(CyLib.o)
 .text.CySysLvdDisable
                0x00000000       0x20 .\CortexM0\ARM_GCC_493\Debug\LED STRIP TEST.a(CyLib.o)
 .text.CySysLvdGetInterruptSource
                0x00000000       0x10 .\CortexM0\ARM_GCC_493\Debug\LED STRIP TEST.a(CyLib.o)
 .text.CySysLvdClearInterrupt
                0x00000000        0xc .\CortexM0\ARM_GCC_493\Debug\LED STRIP TEST.a(CyLib.o)
 .text.CySysGetResetReason
                0x00000000       0x14 .\CortexM0\ARM_GCC_493\Debug\LED STRIP TEST.a(CyLib.o)
 .text.CyDisableInts
                0x00000000       0x10 .\CortexM0\ARM_GCC_493\Debug\LED STRIP TEST.a(CyLib.o)
 .text.CyEnableInts
                0x00000000        0xc .\CortexM0\ARM_GCC_493\Debug\LED STRIP TEST.a(CyLib.o)
 .text.CyIntGetState
                0x00000000       0x18 .\CortexM0\ARM_GCC_493\Debug\LED STRIP TEST.a(CyLib.o)
 .text.CyIntDisable
                0x00000000       0x14 .\CortexM0\ARM_GCC_493\Debug\LED STRIP TEST.a(CyLib.o)
 .text.CyIntSetPending
                0x00000000       0x14 .\CortexM0\ARM_GCC_493\Debug\LED STRIP TEST.a(CyLib.o)
 .text.CyIntClearPending
                0x00000000       0x14 .\CortexM0\ARM_GCC_493\Debug\LED STRIP TEST.a(CyLib.o)
 .text.CyIntSetSysVector
                0x00000000       0x20 .\CortexM0\ARM_GCC_493\Debug\LED STRIP TEST.a(CyLib.o)
 .text.CyIntGetSysVector
                0x00000000       0x1c .\CortexM0\ARM_GCC_493\Debug\LED STRIP TEST.a(CyLib.o)
 .text.CyIntGetVector
                0x00000000       0x20 .\CortexM0\ARM_GCC_493\Debug\LED STRIP TEST.a(CyLib.o)
 .text.CyIntSetPriority
                0x00000000       0x4c .\CortexM0\ARM_GCC_493\Debug\LED STRIP TEST.a(CyLib.o)
 .text.CyIntGetPriority
                0x00000000       0x2c .\CortexM0\ARM_GCC_493\Debug\LED STRIP TEST.a(CyLib.o)
 .text.CySoftwareReset
                0x00000000       0x18 .\CortexM0\ARM_GCC_493\Debug\LED STRIP TEST.a(CyLib.o)
 .text.CySysLvdEnable
                0x00000000       0x44 .\CortexM0\ARM_GCC_493\Debug\LED STRIP TEST.a(CyLib.o)
 .text.CyDelayFreq
                0x00000000       0x4c .\CortexM0\ARM_GCC_493\Debug\LED STRIP TEST.a(CyLib.o)
 .text.CySysTickStop
                0x00000000       0x10 .\CortexM0\ARM_GCC_493\Debug\LED STRIP TEST.a(CyLib.o)
 .text.CySysTickEnableInterrupt
                0x00000000       0x10 .\CortexM0\ARM_GCC_493\Debug\LED STRIP TEST.a(CyLib.o)
 .text.CySysTickEnable
                0x00000000       0x18 .\CortexM0\ARM_GCC_493\Debug\LED STRIP TEST.a(CyLib.o)
 .text.CySysTickDisableInterrupt
                0x00000000       0x10 .\CortexM0\ARM_GCC_493\Debug\LED STRIP TEST.a(CyLib.o)
 .text.CySysTickSetReload
                0x00000000       0x10 .\CortexM0\ARM_GCC_493\Debug\LED STRIP TEST.a(CyLib.o)
 .text.CySysTickGetReload
                0x00000000       0x10 .\CortexM0\ARM_GCC_493\Debug\LED STRIP TEST.a(CyLib.o)
 .text.CySysTickGetValue
                0x00000000       0x10 .\CortexM0\ARM_GCC_493\Debug\LED STRIP TEST.a(CyLib.o)
 .text.CySysTickGetCountFlag
                0x00000000       0x10 .\CortexM0\ARM_GCC_493\Debug\LED STRIP TEST.a(CyLib.o)
 .text.CySysTickServiceCallbacks
                0x00000000       0x28 .\CortexM0\ARM_GCC_493\Debug\LED STRIP TEST.a(CyLib.o)
 .text.CySysTickClear
                0x00000000        0xc .\CortexM0\ARM_GCC_493\Debug\LED STRIP TEST.a(CyLib.o)
 .text.CySysTickInit
                0x00000000       0x44 .\CortexM0\ARM_GCC_493\Debug\LED STRIP TEST.a(CyLib.o)
 .text.CySysTickStart
                0x00000000       0x20 .\CortexM0\ARM_GCC_493\Debug\LED STRIP TEST.a(CyLib.o)
 .text.CySysTickSetCallback
                0x00000000       0x10 .\CortexM0\ARM_GCC_493\Debug\LED STRIP TEST.a(CyLib.o)
 .text.CySysTickGetCallback
                0x00000000        0xc .\CortexM0\ARM_GCC_493\Debug\LED STRIP TEST.a(CyLib.o)
 .text.CyGetUniqueId
                0x00000000       0x70 .\CortexM0\ARM_GCC_493\Debug\LED STRIP TEST.a(CyLib.o)
 .text          0x00000000        0x0 .\CortexM0\ARM_GCC_493\Debug\LED STRIP TEST.a(CyLFClk.o)
 .text.CySysClkIloEnabled
                0x00000000       0x14 .\CortexM0\ARM_GCC_493\Debug\LED STRIP TEST.a(CyLFClk.o)
 .text.CySysClkIloStart
                0x00000000       0x14 .\CortexM0\ARM_GCC_493\Debug\LED STRIP TEST.a(CyLFClk.o)
 .text.CySysClkIloStartMeasurement
                0x00000000       0x34 .\CortexM0\ARM_GCC_493\Debug\LED STRIP TEST.a(CyLFClk.o)
 .text.CySysClkIloStopMeasurement
                0x00000000       0x14 .\CortexM0\ARM_GCC_493\Debug\LED STRIP TEST.a(CyLFClk.o)
 .text.CySysClkIloCompensate
                0x00000000      0x108 .\CortexM0\ARM_GCC_493\Debug\LED STRIP TEST.a(CyLFClk.o)
 .text.CySysWdtGetEnabledStatus
                0x00000000       0x24 .\CortexM0\ARM_GCC_493\Debug\LED STRIP TEST.a(CyLFClk.o)
 .text.CySysWdtSetMode
                0x00000000       0x38 .\CortexM0\ARM_GCC_493\Debug\LED STRIP TEST.a(CyLFClk.o)
 .text.CySysClkLfclkPosedgeRestore
                0x00000000       0x2c .\CortexM0\ARM_GCC_493\Debug\LED STRIP TEST.a(CyLFClk.o)
 .text.CySysWdtGetMode
                0x00000000       0x14 .\CortexM0\ARM_GCC_493\Debug\LED STRIP TEST.a(CyLFClk.o)
 .text.CySysWdtSetClearOnMatch
                0x00000000       0x38 .\CortexM0\ARM_GCC_493\Debug\LED STRIP TEST.a(CyLFClk.o)
 .text.CySysWdtGetClearOnMatch
                0x00000000       0x24 .\CortexM0\ARM_GCC_493\Debug\LED STRIP TEST.a(CyLFClk.o)
 .text.CySysWdtEnable
                0x00000000       0x40 .\CortexM0\ARM_GCC_493\Debug\LED STRIP TEST.a(CyLFClk.o)
 .text.CySysWdtDisable
                0x00000000       0x44 .\CortexM0\ARM_GCC_493\Debug\LED STRIP TEST.a(CyLFClk.o)
 .text.CySysWdtSetCascade
                0x00000000       0x34 .\CortexM0\ARM_GCC_493\Debug\LED STRIP TEST.a(CyLFClk.o)
 .text.CySysWdtGetCascade
                0x00000000       0x14 .\CortexM0\ARM_GCC_493\Debug\LED STRIP TEST.a(CyLFClk.o)
 .text.CySysWdtSetMatch
                0x00000000       0x3c .\CortexM0\ARM_GCC_493\Debug\LED STRIP TEST.a(CyLFClk.o)
 .text.CySysWdtSetToggleBit
                0x00000000       0x2c .\CortexM0\ARM_GCC_493\Debug\LED STRIP TEST.a(CyLFClk.o)
 .text.CySysWdtGetToggleBit
                0x00000000       0x10 .\CortexM0\ARM_GCC_493\Debug\LED STRIP TEST.a(CyLFClk.o)
 .text.CySysWdtGetMatch
                0x00000000       0x20 .\CortexM0\ARM_GCC_493\Debug\LED STRIP TEST.a(CyLFClk.o)
 .text.CySysWdtGetCount
                0x00000000       0x3c .\CortexM0\ARM_GCC_493\Debug\LED STRIP TEST.a(CyLFClk.o)
 .text.CySysClkLfclkPosedgeCatch
                0x00000000       0x74 .\CortexM0\ARM_GCC_493\Debug\LED STRIP TEST.a(CyLFClk.o)
 .text.CySysClkIloStop
                0x00000000       0x38 .\CortexM0\ARM_GCC_493\Debug\LED STRIP TEST.a(CyLFClk.o)
 .text.CySysWdtGetInterruptSource
                0x00000000       0x14 .\CortexM0\ARM_GCC_493\Debug\LED STRIP TEST.a(CyLFClk.o)
 .text.CySysWdtResetCounters
                0x00000000       0x20 .\CortexM0\ARM_GCC_493\Debug\LED STRIP TEST.a(CyLFClk.o)
 .text.CySysWdtSetInterruptCallback
                0x00000000       0x20 .\CortexM0\ARM_GCC_493\Debug\LED STRIP TEST.a(CyLFClk.o)
 .text.CySysWdtGetInterruptCallback
                0x00000000       0x20 .\CortexM0\ARM_GCC_493\Debug\LED STRIP TEST.a(CyLFClk.o)
 .text.CySysWdtEnableCounterIsr
                0x00000000       0x34 .\CortexM0\ARM_GCC_493\Debug\LED STRIP TEST.a(CyLFClk.o)
 .text.CySysWdtDisableCounterIsr
                0x00000000       0x28 .\CortexM0\ARM_GCC_493\Debug\LED STRIP TEST.a(CyLFClk.o)
 .text.CySysWatchdogFeed
                0x00000000       0x60 .\CortexM0\ARM_GCC_493\Debug\LED STRIP TEST.a(CyLFClk.o)
 .text.CySysTimerDelayUntilMatch
                0x00000000       0x6c .\CortexM0\ARM_GCC_493\Debug\LED STRIP TEST.a(CyLFClk.o)
 .text.CySysTimerDelay
                0x00000000       0x3c .\CortexM0\ARM_GCC_493\Debug\LED STRIP TEST.a(CyLFClk.o)
 .rodata        0x00000000        0xc .\CortexM0\ARM_GCC_493\Debug\LED STRIP TEST.a(CyLFClk.o)
 .text          0x00000000        0x0 .\CortexM0\ARM_GCC_493\Debug\LED STRIP TEST.a(StripLights.o)
 .data          0x00000000        0x0 .\CortexM0\ARM_GCC_493\Debug\LED STRIP TEST.a(StripLights.o)
 .text.StripLights_Trigger
                0x00000000       0x70 .\CortexM0\ARM_GCC_493\Debug\LED STRIP TEST.a(StripLights.o)
 .text.StripLights_Ready
                0x00000000       0x1c .\CortexM0\ARM_GCC_493\Debug\LED STRIP TEST.a(StripLights.o)
 .text.StripLights_Stop
                0x00000000        0xc .\CortexM0\ARM_GCC_493\Debug\LED STRIP TEST.a(StripLights.o)
 .text.StripLights_ColorInc
                0x00000000       0x24 .\CortexM0\ARM_GCC_493\Debug\LED STRIP TEST.a(StripLights.o)
 .text.StripLights_FISR
                0x00000000       0x64 .\CortexM0\ARM_GCC_493\Debug\LED STRIP TEST.a(StripLights.o)
 .text.StripLights_CISR
                0x00000000       0x80 .\CortexM0\ARM_GCC_493\Debug\LED STRIP TEST.a(StripLights.o)
 .text.StripLights_DisplayClear
                0x00000000       0x10 .\CortexM0\ARM_GCC_493\Debug\LED STRIP TEST.a(StripLights.o)
 .text.StripLights_Pixel
                0x00000000       0x24 .\CortexM0\ARM_GCC_493\Debug\LED STRIP TEST.a(StripLights.o)
 .text.StripLights_GetPixel
                0x00000000       0x24 .\CortexM0\ARM_GCC_493\Debug\LED STRIP TEST.a(StripLights.o)
 .text.StripLights_DrawCircle
                0x00000000       0xfc .\CortexM0\ARM_GCC_493\Debug\LED STRIP TEST.a(StripLights.o)
 .text.StripLights_DrawLine
                0x00000000       0xac .\CortexM0\ARM_GCC_493\Debug\LED STRIP TEST.a(StripLights.o)
 .text.StripLights_DrawRect
                0x00000000       0x7c .\CortexM0\ARM_GCC_493\Debug\LED STRIP TEST.a(StripLights.o)
 .text.StripLights_bplot
                0x00000000       0x5c .\CortexM0\ARM_GCC_493\Debug\LED STRIP TEST.a(StripLights.o)
 .text          0x00000000        0x0 .\CortexM0\ARM_GCC_493\Debug\LED STRIP TEST.a(StripLights_fonts.o)
 .data          0x00000000        0x0 .\CortexM0\ARM_GCC_493\Debug\LED STRIP TEST.a(StripLights_fonts.o)
 .bss           0x00000000        0x0 .\CortexM0\ARM_GCC_493\Debug\LED STRIP TEST.a(StripLights_fonts.o)
 .text.StripLights_PutChar
                0x00000000       0xac .\CortexM0\ARM_GCC_493\Debug\LED STRIP TEST.a(StripLights_fonts.o)
 .text.StripLights_PrintString
                0x00000000       0xa8 .\CortexM0\ARM_GCC_493\Debug\LED STRIP TEST.a(StripLights_fonts.o)
 .text          0x00000000        0x0 .\CortexM0\ARM_GCC_493\Debug\LED STRIP TEST.a(LED.o)
 .data          0x00000000        0x0 .\CortexM0\ARM_GCC_493\Debug\LED STRIP TEST.a(LED.o)
 .bss           0x00000000        0x0 .\CortexM0\ARM_GCC_493\Debug\LED STRIP TEST.a(LED.o)
 .text.LED_SetDriveMode
                0x00000000       0x14 .\CortexM0\ARM_GCC_493\Debug\LED STRIP TEST.a(LED.o)
 .text.LED_ReadDataReg
                0x00000000       0x10 .\CortexM0\ARM_GCC_493\Debug\LED STRIP TEST.a(LED.o)
 .text.LED_SetInterruptMode
                0x00000000       0x14 .\CortexM0\ARM_GCC_493\Debug\LED STRIP TEST.a(LED.o)
 .text.LED_ClearInterrupt
                0x00000000       0x10 .\CortexM0\ARM_GCC_493\Debug\LED STRIP TEST.a(LED.o)
 .data          0x00000000        0x0 .\CortexM0\ARM_GCC_493\Debug\LED STRIP TEST.a(CyBootAsmGnu.o)
 .bss           0x00000000        0x0 .\CortexM0\ARM_GCC_493\Debug\LED STRIP TEST.a(CyBootAsmGnu.o)
 .text          0x00000000      0x120 c:/program files (x86)/cypress/psoc creator/4.0/psoc creator/import/gnu/arm/4.9.3/bin/../lib/gcc/arm-none-eabi/4.9.3/armv6-m\libgcc.a(_udivsi3.o)
 .data          0x00000000        0x0 c:/program files (x86)/cypress/psoc creator/4.0/psoc creator/import/gnu/arm/4.9.3/bin/../lib/gcc/arm-none-eabi/4.9.3/armv6-m\libgcc.a(_udivsi3.o)
 .bss           0x00000000        0x0 c:/program files (x86)/cypress/psoc creator/4.0/psoc creator/import/gnu/arm/4.9.3/bin/../lib/gcc/arm-none-eabi/4.9.3/armv6-m\libgcc.a(_udivsi3.o)
 .text          0x00000000        0x4 c:/program files (x86)/cypress/psoc creator/4.0/psoc creator/import/gnu/arm/4.9.3/bin/../lib/gcc/arm-none-eabi/4.9.3/armv6-m\libgcc.a(_dvmd_tls.o)
 .data          0x00000000        0x0 c:/program files (x86)/cypress/psoc creator/4.0/psoc creator/import/gnu/arm/4.9.3/bin/../lib/gcc/arm-none-eabi/4.9.3/armv6-m\libgcc.a(_dvmd_tls.o)
 .bss           0x00000000        0x0 c:/program files (x86)/cypress/psoc creator/4.0/psoc creator/import/gnu/arm/4.9.3/bin/../lib/gcc/arm-none-eabi/4.9.3/armv6-m\libgcc.a(_dvmd_tls.o)
 .text          0x00000000        0x0 c:/program files (x86)/cypress/psoc creator/4.0/psoc creator/import/gnu/arm/4.9.3/bin/../lib/gcc/arm-none-eabi/4.9.3/../../../../arm-none-eabi/lib/armv6-m\libg_nano.a(lib_a-errno.o)
 .data          0x00000000        0x0 c:/program files (x86)/cypress/psoc creator/4.0/psoc creator/import/gnu/arm/4.9.3/bin/../lib/gcc/arm-none-eabi/4.9.3/../../../../arm-none-eabi/lib/armv6-m\libg_nano.a(lib_a-errno.o)
 .bss           0x00000000        0x0 c:/program files (x86)/cypress/psoc creator/4.0/psoc creator/import/gnu/arm/4.9.3/bin/../lib/gcc/arm-none-eabi/4.9.3/../../../../arm-none-eabi/lib/armv6-m\libg_nano.a(lib_a-errno.o)
 .text          0x00000000        0x0 c:/program files (x86)/cypress/psoc creator/4.0/psoc creator/import/gnu/arm/4.9.3/bin/../lib/gcc/arm-none-eabi/4.9.3/../../../../arm-none-eabi/lib/armv6-m\libg_nano.a(lib_a-exit.o)
 .data          0x00000000        0x0 c:/program files (x86)/cypress/psoc creator/4.0/psoc creator/import/gnu/arm/4.9.3/bin/../lib/gcc/arm-none-eabi/4.9.3/../../../../arm-none-eabi/lib/armv6-m\libg_nano.a(lib_a-exit.o)
 .bss           0x00000000        0x0 c:/program files (x86)/cypress/psoc creator/4.0/psoc creator/import/gnu/arm/4.9.3/bin/../lib/gcc/arm-none-eabi/4.9.3/../../../../arm-none-eabi/lib/armv6-m\libg_nano.a(lib_a-exit.o)
 .text.exit     0x00000000       0x2c c:/program files (x86)/cypress/psoc creator/4.0/psoc creator/import/gnu/arm/4.9.3/bin/../lib/gcc/arm-none-eabi/4.9.3/../../../../arm-none-eabi/lib/armv6-m\libg_nano.a(lib_a-exit.o)
 .text          0x00000000        0x0 c:/program files (x86)/cypress/psoc creator/4.0/psoc creator/import/gnu/arm/4.9.3/bin/../lib/gcc/arm-none-eabi/4.9.3/../../../../arm-none-eabi/lib/armv6-m\libg_nano.a(lib_a-impure.o)
 .data          0x00000000        0x0 c:/program files (x86)/cypress/psoc creator/4.0/psoc creator/import/gnu/arm/4.9.3/bin/../lib/gcc/arm-none-eabi/4.9.3/../../../../arm-none-eabi/lib/armv6-m\libg_nano.a(lib_a-impure.o)
 .bss           0x00000000        0x0 c:/program files (x86)/cypress/psoc creator/4.0/psoc creator/import/gnu/arm/4.9.3/bin/../lib/gcc/arm-none-eabi/4.9.3/../../../../arm-none-eabi/lib/armv6-m\libg_nano.a(lib_a-impure.o)
 .rodata._global_impure_ptr
                0x00000000        0x4 c:/program files (x86)/cypress/psoc creator/4.0/psoc creator/import/gnu/arm/4.9.3/bin/../lib/gcc/arm-none-eabi/4.9.3/../../../../arm-none-eabi/lib/armv6-m\libg_nano.a(lib_a-impure.o)
 .text          0x00000000        0x0 c:/program files (x86)/cypress/psoc creator/4.0/psoc creator/import/gnu/arm/4.9.3/bin/../lib/gcc/arm-none-eabi/4.9.3/../../../../arm-none-eabi/lib/armv6-m\libg_nano.a(lib_a-init.o)
 .data          0x00000000        0x0 c:/program files (x86)/cypress/psoc creator/4.0/psoc creator/import/gnu/arm/4.9.3/bin/../lib/gcc/arm-none-eabi/4.9.3/../../../../arm-none-eabi/lib/armv6-m\libg_nano.a(lib_a-init.o)
 .bss           0x00000000        0x0 c:/program files (x86)/cypress/psoc creator/4.0/psoc creator/import/gnu/arm/4.9.3/bin/../lib/gcc/arm-none-eabi/4.9.3/../../../../arm-none-eabi/lib/armv6-m\libg_nano.a(lib_a-init.o)
 .text          0x00000000        0x0 c:/program files (x86)/cypress/psoc creator/4.0/psoc creator/import/gnu/arm/4.9.3/bin/../lib/gcc/arm-none-eabi/4.9.3/../../../../arm-none-eabi/lib/armv6-m\libg_nano.a(lib_a-memset.o)
 .data          0x00000000        0x0 c:/program files (x86)/cypress/psoc creator/4.0/psoc creator/import/gnu/arm/4.9.3/bin/../lib/gcc/arm-none-eabi/4.9.3/../../../../arm-none-eabi/lib/armv6-m\libg_nano.a(lib_a-memset.o)
 .bss           0x00000000        0x0 c:/program files (x86)/cypress/psoc creator/4.0/psoc creator/import/gnu/arm/4.9.3/bin/../lib/gcc/arm-none-eabi/4.9.3/../../../../arm-none-eabi/lib/armv6-m\libg_nano.a(lib_a-memset.o)
 .text          0x00000000        0x0 c:/program files (x86)/cypress/psoc creator/4.0/psoc creator/import/gnu/arm/4.9.3/bin/../lib/gcc/arm-none-eabi/4.9.3/armv6-m/crtend.o
 .data          0x00000000        0x0 c:/program files (x86)/cypress/psoc creator/4.0/psoc creator/import/gnu/arm/4.9.3/bin/../lib/gcc/arm-none-eabi/4.9.3/armv6-m/crtend.o
 .bss           0x00000000        0x0 c:/program files (x86)/cypress/psoc creator/4.0/psoc creator/import/gnu/arm/4.9.3/bin/../lib/gcc/arm-none-eabi/4.9.3/armv6-m/crtend.o
 .text          0x00000000        0x0 c:/program files (x86)/cypress/psoc creator/4.0/psoc creator/import/gnu/arm/4.9.3/bin/../lib/gcc/arm-none-eabi/4.9.3/armv6-m/crtn.o
 .data          0x00000000        0x0 c:/program files (x86)/cypress/psoc creator/4.0/psoc creator/import/gnu/arm/4.9.3/bin/../lib/gcc/arm-none-eabi/4.9.3/armv6-m/crtn.o
 .bss           0x00000000        0x0 c:/program files (x86)/cypress/psoc creator/4.0/psoc creator/import/gnu/arm/4.9.3/bin/../lib/gcc/arm-none-eabi/4.9.3/armv6-m/crtn.o

Memory Configuration

Name             Origin             Length             Attributes
rom              0x00000000         0x00008000         xr
ram              0x20000000         0x00001000         xrw
*default*        0x00000000         0xffffffff

Linker script and memory map

LOAD c:/program files (x86)/cypress/psoc creator/4.0/psoc creator/import/gnu/arm/4.9.3/bin/../lib/gcc/arm-none-eabi/4.9.3/armv6-m/crti.o
LOAD c:/program files (x86)/cypress/psoc creator/4.0/psoc creator/import/gnu/arm/4.9.3/bin/../lib/gcc/arm-none-eabi/4.9.3/armv6-m/crtbegin.o
LOAD c:/program files (x86)/cypress/psoc creator/4.0/psoc creator/import/gnu/arm/4.9.3/bin/../lib/gcc/arm-none-eabi/4.9.3/../../../../arm-none-eabi/lib/armv6-m/crt0.o
START GROUP
LOAD .\CortexM0\ARM_GCC_493\Debug\main.o
LOAD .\CortexM0\ARM_GCC_493\Debug\cymetadata.o
LOAD .\CortexM0\ARM_GCC_493\Debug\Cm0Start.o
LOAD .\CortexM0\ARM_GCC_493\Debug\cybootloader.o
LOAD .\CortexM0\ARM_GCC_493\Debug\LED STRIP TEST.a
LOAD C:\Program Files (x86)\Cypress\PSoC Creator\4.0\PSoC Creator\psoc\content\cycomponentlibrary\CyComponentLibrary.cylib\CortexM0\ARM_GCC_493\Debug\CyComponentLibrary.a
END GROUP
START GROUP
LOAD c:/program files (x86)/cypress/psoc creator/4.0/psoc creator/import/gnu/arm/4.9.3/bin/../lib/gcc/arm-none-eabi/4.9.3/armv6-m\libgcc.a
LOAD c:/program files (x86)/cypress/psoc creator/4.0/psoc creator/import/gnu/arm/4.9.3/bin/../lib/gcc/arm-none-eabi/4.9.3/../../../../arm-none-eabi/lib/armv6-m\libg_nano.a
LOAD c:/program files (x86)/cypress/psoc creator/4.0/psoc creator/import/gnu/arm/4.9.3/bin/../lib/gcc/arm-none-eabi/4.9.3/../../../../arm-none-eabi/lib/armv6-m\libc_nano.a
END GROUP
START GROUP
LOAD c:/program files (x86)/cypress/psoc creator/4.0/psoc creator/import/gnu/arm/4.9.3/bin/../lib/gcc/arm-none-eabi/4.9.3/armv6-m\libgcc.a
LOAD c:/program files (x86)/cypress/psoc creator/4.0/psoc creator/import/gnu/arm/4.9.3/bin/../lib/gcc/arm-none-eabi/4.9.3/../../../../arm-none-eabi/lib/armv6-m\libc_nano.a
END GROUP
LOAD c:/program files (x86)/cypress/psoc creator/4.0/psoc creator/import/gnu/arm/4.9.3/bin/../lib/gcc/arm-none-eabi/4.9.3/armv6-m/crtend.o
LOAD c:/program files (x86)/cypress/psoc creator/4.0/psoc creator/import/gnu/arm/4.9.3/bin/../lib/gcc/arm-none-eabi/4.9.3/armv6-m/crtn.o
START GROUP
LOAD c:/program files (x86)/cypress/psoc creator/4.0/psoc creator/import/gnu/arm/4.9.3/bin/../lib/gcc/arm-none-eabi/4.9.3/armv6-m\libgcc.a
LOAD c:/program files (x86)/cypress/psoc creator/4.0/psoc creator/import/gnu/arm/4.9.3/bin/../lib/gcc/arm-none-eabi/4.9.3/../../../../arm-none-eabi/lib/armv6-m\libc.a
LOAD c:/program files (x86)/cypress/psoc creator/4.0/psoc creator/import/gnu/arm/4.9.3/bin/../lib/gcc/arm-none-eabi/4.9.3/../../../../arm-none-eabi/lib/armv6-m\libnosys.a
END GROUP
                0x00000000                CY_APPL_ORIGIN = 0x0
                0x00000080                CY_FLASH_ROW_SIZE = 0x80
                0x00000001                CY_APPL_NUM = 0x1
                0x00000001                CY_APPL_MAX = 0x1
                0x00000040                CY_METADATA_SIZE = 0x40
                0x00000001                CY_APPL_LOADABLE = 0x1
                0x00000000                CY_CHECKSUM_EXCLUDE_SIZE = ALIGN (0x0, CY_FLASH_ROW_SIZE)
                0x00000000                CY_APP_FOR_STACK_AND_COPIER = 0x0
                0x200001d0                PROVIDE (__cy_heap_start, _end)
                0x00000001                PROVIDE (__cy_region_num, ((__cy_regions_end - __cy_regions) / 0x10))
                0x20001000                PROVIDE (__cy_stack, (ORIGIN (ram) + 0x1000))
                0x20000c00                PROVIDE (__cy_heap_end, (__cy_stack - 0x400))

.cybootloader   0x00000000     0x2c00
 *(.cybootloader)
 .cybootloader  0x00000000     0x2c00 .\CortexM0\ARM_GCC_493\Debug\cybootloader.o
                0x00000000                cy_bootloader
                0x00002c00                appl1_start = CY_APPL_ORIGIN?CY_APPL_ORIGIN:ALIGN (CY_FLASH_ROW_SIZE)
                0x00005580                appl2_start = (appl1_start + ALIGN ((((0x8000 - appl1_start) - (0x2 * CY_FLASH_ROW_SIZE)) / 0x2), CY_FLASH_ROW_SIZE))
                0x00002c00                appl_start = (CY_APPL_NUM == 0x1)?appl1_start:appl2_start
                0x00000000                cy_project_type_bootloader = (appl_start == 0x0)?0x1:0x0
                0x00000000                cy_project_type_app_for_stack_and_copier = (CY_APP_FOR_STACK_AND_COPIER == 0x1)?0x1:0x0

.text           0x00002c00      0x868
 CREATE_OBJECT_SYMBOLS
                0x00002c00                PROVIDE (__cy_interrupt_vector, RomVectors)
 *(.romvectors)
 .romvectors    0x00002c00       0x10 .\CortexM0\ARM_GCC_493\Debug\Cm0Start.o
                0x00002c00                RomVectors
                0x00000001                ASSERT ((. != __cy_interrupt_vector), No interrupt vector)
                0x00000001                ASSERT (CY_APPL_ORIGIN?(SIZEOF (.cybootloader) <= CY_APPL_ORIGIN):0x1, Wrong image location)
                0x00002c10                PROVIDE (__cy_reset, Reset)
 *(.text.Reset)
 .text.Reset    0x00002c10       0x10 .\CortexM0\ARM_GCC_493\Debug\Cm0Start.o
                0x00002c10                Reset
                0x00000001                ASSERT ((. != __cy_reset), No reset code)
 *(.psocinit)
 .psocinit      0x00002c20      0x134 .\CortexM0\ARM_GCC_493\Debug\LED STRIP TEST.a(cyfitter_cfg.o)
                0x00002c7c                cyfitter_cfg
                0x00002d54                . = MAX (., 0x100)
 *(.text .text.* .gnu.linkonce.t.*)
 .text          0x00002d54       0x60 c:/program files (x86)/cypress/psoc creator/4.0/psoc creator/import/gnu/arm/4.9.3/bin/../lib/gcc/arm-none-eabi/4.9.3/armv6-m/crtbegin.o
 .text.main     0x00002db4       0x28 .\CortexM0\ARM_GCC_493\Debug\main.o
                0x00002db4                main
 .text.IntDefaultHandler
                0x00002ddc       0x10 .\CortexM0\ARM_GCC_493\Debug\Cm0Start.o
                0x00002ddc                IntDefaultHandler
 .text.Start_c  0x00002dec       0x48 .\CortexM0\ARM_GCC_493\Debug\Cm0Start.o
                0x00002dec                Start_c
 .text.initialize_psoc
                0x00002e34       0x58 .\CortexM0\ARM_GCC_493\Debug\Cm0Start.o
                0x00002e34                initialize_psoc
 .text.cfg_write_bytes32
                0x00002e8c       0x34 .\CortexM0\ARM_GCC_493\Debug\LED STRIP TEST.a(cyfitter_cfg.o)
 .text.CYMEMZERO
                0x00002ec0        0xc .\CortexM0\ARM_GCC_493\Debug\LED STRIP TEST.a(cyfitter_cfg.o)
 .text.CyIntEnable
                0x00002ecc       0x14 .\CortexM0\ARM_GCC_493\Debug\LED STRIP TEST.a(CyLib.o)
                0x00002ecc                CyIntEnable
 .text.CyHalt   0x00002ee0        0x4 .\CortexM0\ARM_GCC_493\Debug\LED STRIP TEST.a(CyLib.o)
                0x00002ee0                CyHalt
 .text.CyIntSetVector
                0x00002ee4       0x24 .\CortexM0\ARM_GCC_493\Debug\LED STRIP TEST.a(CyLib.o)
                0x00002ee4                CyIntSetVector
 .text.CyDelay  0x00002f08       0x30 .\CortexM0\ARM_GCC_493\Debug\LED STRIP TEST.a(CyLib.o)
                0x00002f08                CyDelay
 .text.CyDelayUs
                0x00002f38       0x14 .\CortexM0\ARM_GCC_493\Debug\LED STRIP TEST.a(CyLib.o)
                0x00002f38                CyDelayUs
 .text.CySysClkWriteImoFreq
                0x00002f4c      0x164 .\CortexM0\ARM_GCC_493\Debug\LED STRIP TEST.a(CyLib.o)
                0x00002f4c                CySysClkWriteImoFreq
 .text.CySysWdtLocked
                0x000030b0       0x14 .\CortexM0\ARM_GCC_493\Debug\LED STRIP TEST.a(CyLFClk.o)
 .text.CySysWdtLock
                0x000030c4       0x1c .\CortexM0\ARM_GCC_493\Debug\LED STRIP TEST.a(CyLFClk.o)
                0x000030c4                CySysWdtLock
 .text.CySysWdtUnlock
                0x000030e0       0x30 .\CortexM0\ARM_GCC_493\Debug\LED STRIP TEST.a(CyLFClk.o)
                0x000030e0                CySysWdtUnlock
 .text.CySysWdtClearInterrupt
                0x00003110       0x4c .\CortexM0\ARM_GCC_493\Debug\LED STRIP TEST.a(CyLFClk.o)
                0x00003110                CySysWdtClearInterrupt
 .text.CySysWdtIsr
                0x0000315c       0xa4 .\CortexM0\ARM_GCC_493\Debug\LED STRIP TEST.a(CyLFClk.o)
                0x0000315c                CySysWdtIsr
 .text.StripLights_MemClear
                0x00003200       0x28 .\CortexM0\ARM_GCC_493\Debug\LED STRIP TEST.a(StripLights.o)
                0x00003200                StripLights_MemClear
 .text.StripLights_WriteColor
                0x00003228       0x28 .\CortexM0\ARM_GCC_493\Debug\LED STRIP TEST.a(StripLights.o)
                0x00003228                StripLights_WriteColor
 .text.StripLights_Dim
                0x00003250       0xa8 .\CortexM0\ARM_GCC_493\Debug\LED STRIP TEST.a(StripLights.o)
                0x00003250                StripLights_Dim
 .text.StripLights_Start
                0x000032f8       0x6c .\CortexM0\ARM_GCC_493\Debug\LED STRIP TEST.a(StripLights.o)
                0x000032f8                StripLights_Start
 .text.StripLights_SetFont
                0x00003364       0x4c .\CortexM0\ARM_GCC_493\Debug\LED STRIP TEST.a(StripLights_fonts.o)
                0x00003364                StripLights_SetFont
 .text.LED_Write
                0x000033b0       0x18 .\CortexM0\ARM_GCC_493\Debug\LED STRIP TEST.a(LED.o)
                0x000033b0                LED_Write
 .text.LED_Read
                0x000033c8       0x10 .\CortexM0\ARM_GCC_493\Debug\LED STRIP TEST.a(LED.o)
                0x000033c8                LED_Read
 .text          0x000033d8       0x28 .\CortexM0\ARM_GCC_493\Debug\LED STRIP TEST.a(CyBootAsmGnu.o)
                0x000033d8                CyDelayCycles
                0x000033ec                CyEnterCriticalSection
                0x000033f4                CyExitCriticalSection
 .text.__errno  0x00003400        0xc c:/program files (x86)/cypress/psoc creator/4.0/psoc creator/import/gnu/arm/4.9.3/bin/../lib/gcc/arm-none-eabi/4.9.3/../../../../arm-none-eabi/lib/armv6-m\libg_nano.a(lib_a-errno.o)
                0x00003400                __errno
 .text.__libc_init_array
                0x0000340c       0x4c c:/program files (x86)/cypress/psoc creator/4.0/psoc creator/import/gnu/arm/4.9.3/bin/../lib/gcc/arm-none-eabi/4.9.3/../../../../arm-none-eabi/lib/armv6-m\libg_nano.a(lib_a-init.o)
                0x0000340c                __libc_init_array
 .text.memset   0x00003458       0x10 c:/program files (x86)/cypress/psoc creator/4.0/psoc creator/import/gnu/arm/4.9.3/bin/../lib/gcc/arm-none-eabi/4.9.3/../../../../arm-none-eabi/lib/armv6-m\libg_nano.a(lib_a-memset.o)
                0x00003458                memset
 *(.plt)
 *(.gnu.warning)
 *(.glue_7t)
 .glue_7t       0x00000000        0x0 linker stubs
 *(.glue_7)
 .glue_7        0x00000000        0x0 linker stubs
 *(.vfp11_veneer)
 .vfp11_veneer  0x00000000        0x0 linker stubs
 *(.bootloader)
 *(.ARM.extab* .gnu.linkonce.armextab.*)
 *(.gcc_except_table)

.v4_bx          0x00003468        0x0
 .v4_bx         0x00000000        0x0 linker stubs

.iplt           0x00003468        0x0
 .iplt          0x00000000        0x0 c:/program files (x86)/cypress/psoc creator/4.0/psoc creator/import/gnu/arm/4.9.3/bin/../lib/gcc/arm-none-eabi/4.9.3/armv6-m/crtbegin.o

.eh_frame_hdr
 *(.eh_frame_hdr)

.eh_frame       0x00003468        0x4
 *(.eh_frame)
 .eh_frame      0x00003468        0x0 c:/program files (x86)/cypress/psoc creator/4.0/psoc creator/import/gnu/arm/4.9.3/bin/../lib/gcc/arm-none-eabi/4.9.3/armv6-m/crtbegin.o
 .eh_frame      0x00003468        0x4 c:/program files (x86)/cypress/psoc creator/4.0/psoc creator/import/gnu/arm/4.9.3/bin/../lib/gcc/arm-none-eabi/4.9.3/armv6-m/crtend.o
                0x0000346c                PROVIDE (__exidx_start, .)

.ARM.exidx
 *(.ARM.exidx* .gnu.linkonce.armexidx.*)
                0x0000346c                __exidx_end = .

.rodata         0x0000346c      0x604
 *(.rodata .rodata.* .gnu.linkonce.r.*)
 .rodata        0x0000346c      0x1b8 .\CortexM0\ARM_GCC_493\Debug\LED STRIP TEST.a(cyfitter_cfg.o)
 .rodata        0x00003624       0x30 .\CortexM0\ARM_GCC_493\Debug\LED STRIP TEST.a(CyLib.o)
                0x00003624                cyImoFreqMhz2Reg
 .rodata        0x00003654      0x200 .\CortexM0\ARM_GCC_493\Debug\LED STRIP TEST.a(StripLights.o)
                0x00003674                StripLights_CLUT
 .rodata        0x00003854      0x1e0 .\CortexM0\ARM_GCC_493\Debug\LED STRIP TEST.a(StripLights_fonts.o)
                0x00003854                StripLights_Font5x7
 .rodata.str1.1
                0x00003a34        0x2 c:/program files (x86)/cypress/psoc creator/4.0/psoc creator/import/gnu/arm/4.9.3/bin/../lib/gcc/arm-none-eabi/4.9.3/../../../../arm-none-eabi/lib/armv6-m\libg_nano.a(lib_a-impure.o)
                0x00003a38                . = ALIGN (0x4)
 *fill*         0x00003a36        0x2 
 *(.init)
 .init          0x00003a38        0x4 c:/program files (x86)/cypress/psoc creator/4.0/psoc creator/import/gnu/arm/4.9.3/bin/../lib/gcc/arm-none-eabi/4.9.3/armv6-m/crti.o
                0x00003a38                _init
 .init          0x00003a3c        0x8 c:/program files (x86)/cypress/psoc creator/4.0/psoc creator/import/gnu/arm/4.9.3/bin/../lib/gcc/arm-none-eabi/4.9.3/armv6-m/crtn.o
                0x00003a44                . = ALIGN (0x4)
                0x00003a44                __preinit_array_start = .
 *(.preinit_array)
                0x00003a44                __preinit_array_end = .
                0x00003a44                . = ALIGN (0x4)
                0x00003a44                __init_array_start = .
 *(SORT(.init_array.*))
 *(.init_array)
 .init_array    0x00003a44        0x4 c:/program files (x86)/cypress/psoc creator/4.0/psoc creator/import/gnu/arm/4.9.3/bin/../lib/gcc/arm-none-eabi/4.9.3/armv6-m/crtbegin.o
 .init_array    0x00003a48        0x4 .\CortexM0\ARM_GCC_493\Debug\Cm0Start.o
                0x00003a4c                __init_array_end = .
                0x00003a4c                . = ALIGN (0x4)
 *(.fini)
 .fini          0x00003a4c        0x4 c:/program files (x86)/cypress/psoc creator/4.0/psoc creator/import/gnu/arm/4.9.3/bin/../lib/gcc/arm-none-eabi/4.9.3/armv6-m/crti.o
                0x00003a4c                _fini
 .fini          0x00003a50        0x8 c:/program files (x86)/cypress/psoc creator/4.0/psoc creator/import/gnu/arm/4.9.3/bin/../lib/gcc/arm-none-eabi/4.9.3/armv6-m/crtn.o
                0x00003a58                . = ALIGN (0x4)
                0x00003a58                __fini_array_start = .
 *(.fini_array)
 .fini_array    0x00003a58        0x4 c:/program files (x86)/cypress/psoc creator/4.0/psoc creator/import/gnu/arm/4.9.3/bin/../lib/gcc/arm-none-eabi/4.9.3/armv6-m/crtbegin.o
 *(SORT(.fini_array.*))
                0x00003a5c                __fini_array_end = .
                0x00003a5c                . = ALIGN (0x4)
 *crtbegin.o(.ctors)
 *(EXCLUDE_FILE(*crtend.o) .ctors)
 *(SORT(.ctors.*))
 *crtend.o(.ctors)
                0x00003a5c                . = ALIGN (0x4)
 *crtbegin.o(.dtors)
 *(EXCLUDE_FILE(*crtend.o) .dtors)
 *(SORT(.dtors.*))
 *crtend.o(.dtors)
                0x00003a5c                . = ALIGN (0x4)
                0x00003a5c                __cy_regions = .
                0x00003a5c        0x4 LONG 0x3a70 __cy_region_init_ram
                0x00003a60        0x4 LONG 0x200000d0 __cy_region_start_data
                0x00003a64        0x4 LONG 0x80 __cy_region_init_size_ram
                0x00003a68        0x4 LONG 0x80 __cy_region_zero_size_ram
                0x00003a6c                __cy_regions_end = .
                0x00003a70                . = ALIGN (0x8)
 *fill*         0x00003a6c        0x4 
                0x00003a70                _etext = .

.ramvectors     0x20000000       0xc0
                0x20000000                __cy_region_start_ram = .
 *(.ramvectors)
 .ramvectors    0x20000000       0xc0 .\CortexM0\ARM_GCC_493\Debug\Cm0Start.o
                0x20000000                CyRamVectors

.btldr_run      0x200000c0        0x4
 *(.bootloaderruntype)
 .bootloaderruntype
                0x200000c0        0x4 .\CortexM0\ARM_GCC_493\Debug\Cm0Start.o
                0x200000c0                cyBtldrRunType

.noinit         0x200000c8        0x4
 *(.noinit)
 .noinit        0x200000c8        0x4 .\CortexM0\ARM_GCC_493\Debug\Cm0Start.o

.data           0x200000d0       0x80 load address 0x00003a70
                0x200000d0                __cy_region_start_data = .
 *(.jcr)
 .jcr           0x200000d0        0x0 c:/program files (x86)/cypress/psoc creator/4.0/psoc creator/import/gnu/arm/4.9.3/bin/../lib/gcc/arm-none-eabi/4.9.3/armv6-m/crtbegin.o
 .jcr           0x200000d0        0x4 c:/program files (x86)/cypress/psoc creator/4.0/psoc creator/import/gnu/arm/4.9.3/bin/../lib/gcc/arm-none-eabi/4.9.3/armv6-m/crtend.o
 *(.got.plt)
 *(.got)
 *(.shdata)
 *(.data .data.* .gnu.linkonce.d.*)
 .data          0x200000d4       0x14 .\CortexM0\ARM_GCC_493\Debug\LED STRIP TEST.a(CyLib.o)
                0x200000d4                CySysClkPumpConfig
                0x200000d8                cydelay32kMs
                0x200000dc                cydelayFreqKhz
                0x200000e0                cydelayFreqMhz
                0x200000e4                cydelayFreqHz
 .data          0x200000e8        0x4 .\CortexM0\ARM_GCC_493\Debug\LED STRIP TEST.a(CyLFClk.o)
 .data.impure_data
                0x200000ec       0x60 c:/program files (x86)/cypress/psoc creator/4.0/psoc creator/import/gnu/arm/4.9.3/bin/../lib/gcc/arm-none-eabi/4.9.3/../../../../arm-none-eabi/lib/armv6-m\libg_nano.a(lib_a-impure.o)
 .data._impure_ptr
                0x2000014c        0x4 c:/program files (x86)/cypress/psoc creator/4.0/psoc creator/import/gnu/arm/4.9.3/bin/../lib/gcc/arm-none-eabi/4.9.3/../../../../arm-none-eabi/lib/armv6-m\libg_nano.a(lib_a-impure.o)
                0x2000014c                _impure_ptr
                0x20000150                . = ALIGN (0x8)
 *(.ram)
                0x20000150                _edata = .

.igot.plt       0x20000150        0x0 load address 0x00003af0
 .igot.plt      0x00000000        0x0 c:/program files (x86)/cypress/psoc creator/4.0/psoc creator/import/gnu/arm/4.9.3/bin/../lib/gcc/arm-none-eabi/4.9.3/armv6-m/crtbegin.o

.bss            0x20000150       0x80 load address 0x00003af0
                0x20000150                PROVIDE (__bss_start__, .)
 *(.shbss)
 *(.bss .bss.* .gnu.linkonce.b.*)
 .bss           0x20000150       0x1c c:/program files (x86)/cypress/psoc creator/4.0/psoc creator/import/gnu/arm/4.9.3/bin/../lib/gcc/arm-none-eabi/4.9.3/armv6-m/crtbegin.o
 .bss           0x2000016c       0x20 .\CortexM0\ARM_GCC_493\Debug\LED STRIP TEST.a(CyLFClk.o)
 .bss           0x2000018c       0x18 .\CortexM0\ARM_GCC_493\Debug\LED STRIP TEST.a(StripLights.o)
                0x2000018c                StripLights_row
                0x20000190                StripLights_ledIndex
                0x200001a0                StripLights_initvar
 *(COMMON)
 COMMON         0x200001a4       0x18 .\CortexM0\ARM_GCC_493\Debug\LED STRIP TEST.a(StripLights.o)
                0x200001a4                StripLights_ledArray
                0x200001b0                StripLights_DimMask
                0x200001b4                StripLights_DimShift
                0x200001b8                StripLights_refreshComplete
 COMMON         0x200001bc       0x10 .\CortexM0\ARM_GCC_493\Debug\LED STRIP TEST.a(StripLights_fonts.o)
                0x200001bc                StripLights_fontX
                0x200001c0                StripLights_fontOffset
                0x200001c4                StripLights_fontPtr
                0x200001c8                StripLights_fontY
                0x200001d0                . = ALIGN (0x8)
 *fill*         0x200001cc        0x4 
 *(.ram.b)
                0x200001d0                _end = .
                0x200001d0                __end = .
                0x200001d0                PROVIDE (end, .)
                0x200001d0                PROVIDE (__bss_end__, .)
                0x00003a70                __cy_region_init_ram = LOADADDR (.data)
                0x00000080                __cy_region_init_size_ram = (_edata - ADDR (.data))
                0x00000080                __cy_region_zero_size_ram = (_end - _edata)

.heap           0x200001d0       0x80 load address 0x00003af0
                0x200001d0                . = _end
                0x20000250                . = (. + 0x80)
 *fill*         0x200001d0       0x80 
                0x20000250                __cy_heap_limit = .

.stack          0x20000c00      0x400
                0x20000c00                __cy_stack_limit = .
                0x20001000                . = (. + 0x400)
 *fill*         0x20000c00      0x400 
                0x00000001                ASSERT ((__cy_stack_limit >= __cy_heap_limit), region RAM overflowed with stack)

.cy_checksum_exclude
                0x00007f80        0x0
 *(.cy_checksum_exclude)
                0x00000000                cy_checksum_exclude_size = (CY_APPL_LOADABLE == 0x1)?SIZEOF (.cy_checksum_exclude):0x0
                0x00000001                ASSERT ((cy_checksum_exclude_size <= CY_CHECKSUM_EXCLUDE_SIZE), CY_BOOT: Section .cy_checksum_exclude size exceedes specified limit.)
                0xf0000000                cyloadermeta_start = (cy_project_type_bootloader || cy_project_type_app_for_stack_and_copier)?(0x8000 - CY_METADATA_SIZE):0xf0000000

.cyloadermeta   0xf0000000       0x40
 *(.cyloadermeta)
 .cyloadermeta  0xf0000000       0x40 .\CortexM0\ARM_GCC_493\Debug\cybootloader.o
                0xf0000000                cy_meta_loader
                0x00007fc0                cyloadablemeta_start = cy_project_type_app_for_stack_and_copier?((0x8000 - CY_FLASH_ROW_SIZE) - CY_METADATA_SIZE):((0x8000 - (CY_FLASH_ROW_SIZE * (CY_APPL_NUM - 0x1))) - CY_METADATA_SIZE)

.cyloadablemeta
                0x00007fc0       0x40
 *(.cyloadablemeta)
 .cyloadablemeta
                0x00007fc0       0x40 .\CortexM0\ARM_GCC_493\Debug\cymetadata.o
                0x00007fc0                cy_meta_loadable

.cyflashprotect
                0x90400000       0x20
 *(.cyflashprotect)
 .cyflashprotect
                0x90400000       0x20 .\CortexM0\ARM_GCC_493\Debug\cybootloader.o
                0x90400000                cy_meta_flashprotect

.cymeta         0x90500000        0xc
 *(.cymeta)
 .cymeta        0x90500000        0xc .\CortexM0\ARM_GCC_493\Debug\cybootloader.o
                0x90500000                cy_metadata

.cychipprotect  0x90600000        0x4
 *(.cychipprotect)
 .cychipprotect
                0x90600000        0x4 .\CortexM0\ARM_GCC_493\Debug\cybootloader.o
                0x90600000                cy_meta_chipprotect

.rel.dyn        0x00008000        0x0 load address 0x90600004
 .rel.iplt      0x00000000        0x0 c:/program files (x86)/cypress/psoc creator/4.0/psoc creator/import/gnu/arm/4.9.3/bin/../lib/gcc/arm-none-eabi/4.9.3/armv6-m/crtbegin.o

.stab
 *(.stab)

.stabstr
 *(.stabstr)

.debug
 *(.debug)

.line
 *(.line)

.debug_srcinfo
 *(.debug_srcinfo)

.debug_sfnames
 *(.debug_sfnames)

.debug_aranges  0x00000000      0x4c0
 *(.debug_aranges)
 .debug_aranges
                0x00000000       0x20 .\CortexM0\ARM_GCC_493\Debug\main.o
 .debug_aranges
                0x00000020       0x18 .\CortexM0\ARM_GCC_493\Debug\cymetadata.o
 .debug_aranges
                0x00000038       0x48 .\CortexM0\ARM_GCC_493\Debug\Cm0Start.o
 .debug_aranges
                0x00000080       0x18 .\CortexM0\ARM_GCC_493\Debug\cybootloader.o
 .debug_aranges
                0x00000098       0x38 .\CortexM0\ARM_GCC_493\Debug\LED STRIP TEST.a(cyfitter_cfg.o)
 .debug_aranges
                0x000000d0      0x180 .\CortexM0\ARM_GCC_493\Debug\LED STRIP TEST.a(CyLib.o)
 .debug_aranges
                0x00000250      0x138 .\CortexM0\ARM_GCC_493\Debug\LED STRIP TEST.a(CyLFClk.o)
 .debug_aranges
                0x00000388       0xa0 .\CortexM0\ARM_GCC_493\Debug\LED STRIP TEST.a(StripLights.o)
 .debug_aranges
                0x00000428       0x30 .\CortexM0\ARM_GCC_493\Debug\LED STRIP TEST.a(StripLights_fonts.o)
 .debug_aranges
                0x00000458       0x48 .\CortexM0\ARM_GCC_493\Debug\LED STRIP TEST.a(LED.o)
 .debug_aranges
                0x000004a0       0x20 .\CortexM0\ARM_GCC_493\Debug\LED STRIP TEST.a(CyBootAsmGnu.o)

.debug_pubnames
 *(.debug_pubnames)

.debug_info     0x00000000     0x32fd
 *(.debug_info .gnu.linkonce.wi.*)
 .debug_info    0x00000000      0x15f .\CortexM0\ARM_GCC_493\Debug\main.o
 .debug_info    0x0000015f       0xb2 .\CortexM0\ARM_GCC_493\Debug\cymetadata.o
 .debug_info    0x00000211      0x3ab .\CortexM0\ARM_GCC_493\Debug\Cm0Start.o
 .debug_info    0x000005bc      0x14e .\CortexM0\ARM_GCC_493\Debug\cybootloader.o
 .debug_info    0x0000070a      0x3bd .\CortexM0\ARM_GCC_493\Debug\LED STRIP TEST.a(cyfitter_cfg.o)
 .debug_info    0x00000ac7      0xb07 .\CortexM0\ARM_GCC_493\Debug\LED STRIP TEST.a(CyLib.o)
 .debug_info    0x000015ce      0xcfc .\CortexM0\ARM_GCC_493\Debug\LED STRIP TEST.a(CyLFClk.o)
 .debug_info    0x000022ca      0xa3c .\CortexM0\ARM_GCC_493\Debug\LED STRIP TEST.a(StripLights.o)
 .debug_info    0x00002d06      0x3bd .\CortexM0\ARM_GCC_493\Debug\LED STRIP TEST.a(StripLights_fonts.o)
 .debug_info    0x000030c3      0x19b .\CortexM0\ARM_GCC_493\Debug\LED STRIP TEST.a(LED.o)
 .debug_info    0x0000325e       0x9f .\CortexM0\ARM_GCC_493\Debug\LED STRIP TEST.a(CyBootAsmGnu.o)

.debug_abbrev   0x00000000      0xdd6
 *(.debug_abbrev)
 .debug_abbrev  0x00000000       0xed .\CortexM0\ARM_GCC_493\Debug\main.o
 .debug_abbrev  0x000000ed       0x5d .\CortexM0\ARM_GCC_493\Debug\cymetadata.o
 .debug_abbrev  0x0000014a      0x1f7 .\CortexM0\ARM_GCC_493\Debug\Cm0Start.o
 .debug_abbrev  0x00000341       0x77 .\CortexM0\ARM_GCC_493\Debug\cybootloader.o
 .debug_abbrev  0x000003b8      0x1d5 .\CortexM0\ARM_GCC_493\Debug\LED STRIP TEST.a(cyfitter_cfg.o)
 .debug_abbrev  0x0000058d      0x20d .\CortexM0\ARM_GCC_493\Debug\LED STRIP TEST.a(CyLib.o)
 .debug_abbrev  0x0000079a      0x23b .\CortexM0\ARM_GCC_493\Debug\LED STRIP TEST.a(CyLFClk.o)
 .debug_abbrev  0x000009d5      0x1e3 .\CortexM0\ARM_GCC_493\Debug\LED STRIP TEST.a(StripLights.o)
 .debug_abbrev  0x00000bb8      0x142 .\CortexM0\ARM_GCC_493\Debug\LED STRIP TEST.a(StripLights_fonts.o)
 .debug_abbrev  0x00000cfa       0xc8 .\CortexM0\ARM_GCC_493\Debug\LED STRIP TEST.a(LED.o)
 .debug_abbrev  0x00000dc2       0x14 .\CortexM0\ARM_GCC_493\Debug\LED STRIP TEST.a(CyBootAsmGnu.o)

.debug_line     0x00000000     0x137d
 *(.debug_line)
 .debug_line    0x00000000      0x193 .\CortexM0\ARM_GCC_493\Debug\main.o
 .debug_line    0x00000193       0x51 .\CortexM0\ARM_GCC_493\Debug\cymetadata.o
 .debug_line    0x000001e4      0x24f .\CortexM0\ARM_GCC_493\Debug\Cm0Start.o
 .debug_line    0x00000433       0x53 .\CortexM0\ARM_GCC_493\Debug\cybootloader.o
 .debug_line    0x00000486      0x15d .\CortexM0\ARM_GCC_493\Debug\LED STRIP TEST.a(cyfitter_cfg.o)
 .debug_line    0x000005e3      0x460 .\CortexM0\ARM_GCC_493\Debug\LED STRIP TEST.a(CyLib.o)
 .debug_line    0x00000a43      0x467 .\CortexM0\ARM_GCC_493\Debug\LED STRIP TEST.a(CyLFClk.o)
 .debug_line    0x00000eaa      0x2bb .\CortexM0\ARM_GCC_493\Debug\LED STRIP TEST.a(StripLights.o)
 .debug_line    0x00001165       0xf5 .\CortexM0\ARM_GCC_493\Debug\LED STRIP TEST.a(StripLights_fonts.o)
 .debug_line    0x0000125a       0xba .\CortexM0\ARM_GCC_493\Debug\LED STRIP TEST.a(LED.o)
 .debug_line    0x00001314       0x69 .\CortexM0\ARM_GCC_493\Debug\LED STRIP TEST.a(CyBootAsmGnu.o)

.debug_frame    0x00000000      0xc74
 *(.debug_frame)
 .debug_frame   0x00000000       0x2c .\CortexM0\ARM_GCC_493\Debug\main.o
 .debug_frame   0x0000002c       0xbc .\CortexM0\ARM_GCC_493\Debug\Cm0Start.o
 .debug_frame   0x000000e8       0x8c .\CortexM0\ARM_GCC_493\Debug\LED STRIP TEST.a(cyfitter_cfg.o)
 .debug_frame   0x00000174      0x3e0 .\CortexM0\ARM_GCC_493\Debug\LED STRIP TEST.a(CyLib.o)
 .debug_frame   0x00000554      0x3a8 .\CortexM0\ARM_GCC_493\Debug\LED STRIP TEST.a(CyLFClk.o)
 .debug_frame   0x000008fc      0x1d0 .\CortexM0\ARM_GCC_493\Debug\LED STRIP TEST.a(StripLights.o)
 .debug_frame   0x00000acc       0x84 .\CortexM0\ARM_GCC_493\Debug\LED STRIP TEST.a(StripLights_fonts.o)
 .debug_frame   0x00000b50       0x70 .\CortexM0\ARM_GCC_493\Debug\LED STRIP TEST.a(LED.o)
 .debug_frame   0x00000bc0       0x20 c:/program files (x86)/cypress/psoc creator/4.0/psoc creator/import/gnu/arm/4.9.3/bin/../lib/gcc/arm-none-eabi/4.9.3/armv6-m\libgcc.a(_udivsi3.o)
 .debug_frame   0x00000be0       0x20 c:/program files (x86)/cypress/psoc creator/4.0/psoc creator/import/gnu/arm/4.9.3/bin/../lib/gcc/arm-none-eabi/4.9.3/../../../../arm-none-eabi/lib/armv6-m\libg_nano.a(lib_a-errno.o)
 .debug_frame   0x00000c00       0x28 c:/program files (x86)/cypress/psoc creator/4.0/psoc creator/import/gnu/arm/4.9.3/bin/../lib/gcc/arm-none-eabi/4.9.3/../../../../arm-none-eabi/lib/armv6-m\libg_nano.a(lib_a-exit.o)
 .debug_frame   0x00000c28       0x2c c:/program files (x86)/cypress/psoc creator/4.0/psoc creator/import/gnu/arm/4.9.3/bin/../lib/gcc/arm-none-eabi/4.9.3/../../../../arm-none-eabi/lib/armv6-m\libg_nano.a(lib_a-init.o)
 .debug_frame   0x00000c54       0x20 c:/program files (x86)/cypress/psoc creator/4.0/psoc creator/import/gnu/arm/4.9.3/bin/../lib/gcc/arm-none-eabi/4.9.3/../../../../arm-none-eabi/lib/armv6-m\libg_nano.a(lib_a-memset.o)

.debug_str      0x00000000     0x12b2
 *(.debug_str)
 .debug_str     0x00000000      0x1b2 .\CortexM0\ARM_GCC_493\Debug\main.o
                                0x1f4 (size before relaxing)
 .debug_str     0x000001b2       0x35 .\CortexM0\ARM_GCC_493\Debug\cymetadata.o
                                0x1b9 (size before relaxing)
 .debug_str     0x000001e7      0x169 .\CortexM0\ARM_GCC_493\Debug\Cm0Start.o
                                0x313 (size before relaxing)
 .debug_str     0x00000350       0x78 .\CortexM0\ARM_GCC_493\Debug\cybootloader.o
                                0x1fc (size before relaxing)
 .debug_str     0x000003c8       0xfa .\CortexM0\ARM_GCC_493\Debug\LED STRIP TEST.a(cyfitter_cfg.o)
                                0x2d5 (size before relaxing)
 .debug_str     0x000004c2      0x4d0 .\CortexM0\ARM_GCC_493\Debug\LED STRIP TEST.a(CyLib.o)
                                0x6c7 (size before relaxing)
 .debug_str     0x00000992      0x530 .\CortexM0\ARM_GCC_493\Debug\LED STRIP TEST.a(CyLFClk.o)
                                0x740 (size before relaxing)
 .debug_str     0x00000ec2      0x278 .\CortexM0\ARM_GCC_493\Debug\LED STRIP TEST.a(StripLights.o)
                                0x437 (size before relaxing)
 .debug_str     0x0000113a       0xee .\CortexM0\ARM_GCC_493\Debug\LED STRIP TEST.a(StripLights_fonts.o)
                                0x2d4 (size before relaxing)
 .debug_str     0x00001228       0x8a .\CortexM0\ARM_GCC_493\Debug\LED STRIP TEST.a(LED.o)
                                0x237 (size before relaxing)

.debug_loc      0x00000000     0x1c10
 *(.debug_loc)
 .debug_loc     0x00000000       0x1f .\CortexM0\ARM_GCC_493\Debug\main.o
 .debug_loc     0x0000001f      0x14f .\CortexM0\ARM_GCC_493\Debug\Cm0Start.o
 .debug_loc     0x0000016e      0x118 .\CortexM0\ARM_GCC_493\Debug\LED STRIP TEST.a(cyfitter_cfg.o)
 .debug_loc     0x00000286      0x5b5 .\CortexM0\ARM_GCC_493\Debug\LED STRIP TEST.a(CyLib.o)
 .debug_loc     0x0000083b      0x9d5 .\CortexM0\ARM_GCC_493\Debug\LED STRIP TEST.a(CyLFClk.o)
 .debug_loc     0x00001210      0x72d .\CortexM0\ARM_GCC_493\Debug\LED STRIP TEST.a(StripLights.o)
 .debug_loc     0x0000193d      0x252 .\CortexM0\ARM_GCC_493\Debug\LED STRIP TEST.a(StripLights_fonts.o)
 .debug_loc     0x00001b8f       0x81 .\CortexM0\ARM_GCC_493\Debug\LED STRIP TEST.a(LED.o)

.debug_macinfo
 *(.debug_macinfo)

.debug_ranges   0x00000000      0x3f0
 *(.debug_ranges)
 .debug_ranges  0x00000000       0x10 .\CortexM0\ARM_GCC_493\Debug\main.o
 .debug_ranges  0x00000010       0x38 .\CortexM0\ARM_GCC_493\Debug\Cm0Start.o
 .debug_ranges  0x00000048       0x28 .\CortexM0\ARM_GCC_493\Debug\LED STRIP TEST.a(cyfitter_cfg.o)
 .debug_ranges  0x00000070      0x170 .\CortexM0\ARM_GCC_493\Debug\LED STRIP TEST.a(CyLib.o)
 .debug_ranges  0x000001e0      0x128 .\CortexM0\ARM_GCC_493\Debug\LED STRIP TEST.a(CyLFClk.o)
 .debug_ranges  0x00000308       0x90 .\CortexM0\ARM_GCC_493\Debug\LED STRIP TEST.a(StripLights.o)
 .debug_ranges  0x00000398       0x20 .\CortexM0\ARM_GCC_493\Debug\LED STRIP TEST.a(StripLights_fonts.o)
 .debug_ranges  0x000003b8       0x38 .\CortexM0\ARM_GCC_493\Debug\LED STRIP TEST.a(LED.o)

.comment        0x00000000       0x70
 .comment       0x00000000       0x70 .\CortexM0\ARM_GCC_493\Debug\main.o
                                 0x71 (size before relaxing)
 .comment       0x00000000       0x71 .\CortexM0\ARM_GCC_493\Debug\cymetadata.o
 .comment       0x00000000       0x71 .\CortexM0\ARM_GCC_493\Debug\Cm0Start.o
 .comment       0x00000000       0x71 .\CortexM0\ARM_GCC_493\Debug\cybootloader.o
 .comment       0x00000000       0x71 .\CortexM0\ARM_GCC_493\Debug\LED STRIP TEST.a(cyfitter_cfg.o)
 .comment       0x00000000       0x71 .\CortexM0\ARM_GCC_493\Debug\LED STRIP TEST.a(CyLib.o)
 .comment       0x00000000       0x71 .\CortexM0\ARM_GCC_493\Debug\LED STRIP TEST.a(CyLFClk.o)
 .comment       0x00000000       0x71 .\CortexM0\ARM_GCC_493\Debug\LED STRIP TEST.a(StripLights.o)
 .comment       0x00000000       0x71 .\CortexM0\ARM_GCC_493\Debug\LED STRIP TEST.a(StripLights_fonts.o)
 .comment       0x00000000       0x71 .\CortexM0\ARM_GCC_493\Debug\LED STRIP TEST.a(LED.o)

.debug_weaknames
 *(.debug_weaknames)

.debug_funcnames
 *(.debug_funcnames)

.debug_typenames
 *(.debug_typenames)

.debug_varnames
 *(.debug_varnames)

.note.gnu.arm.ident
 *(.note.gnu.arm.ident)

.ARM.attributes
                0x00000000       0x28
 *(.ARM.attributes)
 .ARM.attributes
                0x00000000       0x1e c:/program files (x86)/cypress/psoc creator/4.0/psoc creator/import/gnu/arm/4.9.3/bin/../lib/gcc/arm-none-eabi/4.9.3/armv6-m/crti.o
 .ARM.attributes
                0x0000001e       0x2c c:/program files (x86)/cypress/psoc creator/4.0/psoc creator/import/gnu/arm/4.9.3/bin/../lib/gcc/arm-none-eabi/4.9.3/armv6-m/crtbegin.o
 .ARM.attributes
                0x0000004a       0x1b c:/program files (x86)/cypress/psoc creator/4.0/psoc creator/import/gnu/arm/4.9.3/bin/../lib/gcc/arm-none-eabi/4.9.3/../../../../arm-none-eabi/lib/armv6-m/crt0.o
 .ARM.attributes
                0x00000065       0x31 .\CortexM0\ARM_GCC_493\Debug\main.o
 .ARM.attributes
                0x00000096       0x31 .\CortexM0\ARM_GCC_493\Debug\cymetadata.o
 .ARM.attributes
                0x000000c7       0x31 .\CortexM0\ARM_GCC_493\Debug\Cm0Start.o
 .ARM.attributes
                0x000000f8       0x31 .\CortexM0\ARM_GCC_493\Debug\cybootloader.o
 .ARM.attributes
                0x00000129       0x31 .\CortexM0\ARM_GCC_493\Debug\LED STRIP TEST.a(cyfitter_cfg.o)
 .ARM.attributes
                0x0000015a       0x31 .\CortexM0\ARM_GCC_493\Debug\LED STRIP TEST.a(CyLib.o)
 .ARM.attributes
                0x0000018b       0x31 .\CortexM0\ARM_GCC_493\Debug\LED STRIP TEST.a(CyLFClk.o)
 .ARM.attributes
                0x000001bc       0x31 .\CortexM0\ARM_GCC_493\Debug\LED STRIP TEST.a(StripLights.o)
 .ARM.attributes
                0x000001ed       0x31 .\CortexM0\ARM_GCC_493\Debug\LED STRIP TEST.a(StripLights_fonts.o)
 .ARM.attributes
                0x0000021e       0x31 .\CortexM0\ARM_GCC_493\Debug\LED STRIP TEST.a(LED.o)
 .ARM.attributes
                0x0000024f       0x21 .\CortexM0\ARM_GCC_493\Debug\LED STRIP TEST.a(CyBootAsmGnu.o)
 .ARM.attributes
                0x00000270       0x1e c:/program files (x86)/cypress/psoc creator/4.0/psoc creator/import/gnu/arm/4.9.3/bin/../lib/gcc/arm-none-eabi/4.9.3/armv6-m\libgcc.a(_udivsi3.o)
 .ARM.attributes
                0x0000028e       0x1e c:/program files (x86)/cypress/psoc creator/4.0/psoc creator/import/gnu/arm/4.9.3/bin/../lib/gcc/arm-none-eabi/4.9.3/armv6-m\libgcc.a(_dvmd_tls.o)
 .ARM.attributes
                0x000002ac       0x2c c:/program files (x86)/cypress/psoc creator/4.0/psoc creator/import/gnu/arm/4.9.3/bin/../lib/gcc/arm-none-eabi/4.9.3/../../../../arm-none-eabi/lib/armv6-m\libg_nano.a(lib_a-errno.o)
 .ARM.attributes
                0x000002d8       0x2c c:/program files (x86)/cypress/psoc creator/4.0/psoc creator/import/gnu/arm/4.9.3/bin/../lib/gcc/arm-none-eabi/4.9.3/../../../../arm-none-eabi/lib/armv6-m\libg_nano.a(lib_a-exit.o)
 .ARM.attributes
                0x00000304       0x2c c:/program files (x86)/cypress/psoc creator/4.0/psoc creator/import/gnu/arm/4.9.3/bin/../lib/gcc/arm-none-eabi/4.9.3/../../../../arm-none-eabi/lib/armv6-m\libg_nano.a(lib_a-impure.o)
 .ARM.attributes
                0x00000330       0x2c c:/program files (x86)/cypress/psoc creator/4.0/psoc creator/import/gnu/arm/4.9.3/bin/../lib/gcc/arm-none-eabi/4.9.3/../../../../arm-none-eabi/lib/armv6-m\libg_nano.a(lib_a-init.o)
 .ARM.attributes
                0x0000035c       0x2c c:/program files (x86)/cypress/psoc creator/4.0/psoc creator/import/gnu/arm/4.9.3/bin/../lib/gcc/arm-none-eabi/4.9.3/../../../../arm-none-eabi/lib/armv6-m\libg_nano.a(lib_a-memset.o)
 .ARM.attributes
                0x00000388       0x2c c:/program files (x86)/cypress/psoc creator/4.0/psoc creator/import/gnu/arm/4.9.3/bin/../lib/gcc/arm-none-eabi/4.9.3/armv6-m/crtend.o
 .ARM.attributes
                0x000003b4       0x1e c:/program files (x86)/cypress/psoc creator/4.0/psoc creator/import/gnu/arm/4.9.3/bin/../lib/gcc/arm-none-eabi/4.9.3/armv6-m/crtn.o

/DISCARD/
 *(.note.GNU-stack)
OUTPUT(.\CortexM0\ARM_GCC_493\Debug\LED STRIP TEST.elf elf32-littlearm)
